ARM Linker, 5.03 [Build 76] [MDK-ARM Lite]

==============================================================================

Section Cross References

    system_stm32f4xx.o(.text) refers to system_stm32f4xx.o(.data) for SystemCoreClock
    startup_stm32f4xx.o(RESET) refers to startup_stm32f4xx.o(STACK) for __initial_sp
    startup_stm32f4xx.o(RESET) refers to startup_stm32f4xx.o(.text) for Reset_Handler
    startup_stm32f4xx.o(RESET) refers to hal_cm4.o(.emb_text) for SVC_Handler
    startup_stm32f4xx.o(RESET) refers to wirelesstransmitter.o(.text) for EXTI4_IRQHandler
    startup_stm32f4xx.o(.text) refers to system_stm32f4xx.o(.text) for SystemInit
    startup_stm32f4xx.o(.text) refers to entry.o(.ARM.Collect$$$$00000000) for __main
    rtx_conf_cm.o(.ARM.Collect$$$$000000FF) refers to rt_cmsis.o(i.osKernelStart) for osKernelStart
    rtx_conf_cm.o(.ARM.Collect$$$$000000FF) refers to rtx_conf_cm.o(.constdata) for .constdata
    rtx_conf_cm.o(.constdata) refers to rt_cmsis.o(i.osTimerThread) for osTimerThread
    rtx_conf_cm.o(.constdata) refers to rtx_conf_cm.o(.bss) for os_messageQ_q_osTimerMessageQ
    rtx_conf_cm.o(.constdata) refers to main.o(.text) for main
    main.o(.text) refers to servo_motor.o(.text) for servo_motor_init
    main.o(.text) refers to wirelesstransmitter.o(.text) for wireless_Receiver_Thread_Create
    main.o(.text) refers to rt_cmsis.o(i.osDelay) for osDelay
    stm32f4xx_adc.o(.text) refers to stm32f4xx_rcc.o(.text) for RCC_APB2PeriphResetCmd
    stm32f4xx_can.o(.text) refers to stm32f4xx_rcc.o(.text) for RCC_APB1PeriphResetCmd
    stm32f4xx_cryp.o(.text) refers to stm32f4xx_rcc.o(.text) for RCC_AHB2PeriphResetCmd
    stm32f4xx_cryp_aes.o(.text) refers to stm32f4xx_cryp.o(.text) for CRYP_KeyStructInit
    stm32f4xx_cryp_des.o(.text) refers to stm32f4xx_cryp.o(.text) for CRYP_KeyStructInit
    stm32f4xx_cryp_tdes.o(.text) refers to stm32f4xx_cryp.o(.text) for CRYP_KeyStructInit
    stm32f4xx_dac.o(.text) refers to stm32f4xx_rcc.o(.text) for RCC_APB1PeriphResetCmd
    stm32f4xx_gpio.o(.text) refers to stm32f4xx_rcc.o(.text) for RCC_AHB1PeriphResetCmd
    stm32f4xx_hash.o(.text) refers to stm32f4xx_rcc.o(.text) for RCC_AHB2PeriphResetCmd
    stm32f4xx_hash_md5.o(.text) refers to stm32f4xx_hash.o(.text) for HASH_DeInit
    stm32f4xx_hash_sha1.o(.text) refers to stm32f4xx_hash.o(.text) for HASH_DeInit
    stm32f4xx_i2c.o(.text) refers to stm32f4xx_rcc.o(.text) for RCC_APB1PeriphResetCmd
    stm32f4xx_pwr.o(.text) refers to stm32f4xx_rcc.o(.text) for RCC_APB1PeriphResetCmd
    stm32f4xx_rcc.o(.text) refers to stm32f4xx_rcc.o(.data) for APBAHBPrescTable
    stm32f4xx_rng.o(.text) refers to stm32f4xx_rcc.o(.text) for RCC_AHB2PeriphResetCmd
    stm32f4xx_sdio.o(.text) refers to stm32f4xx_rcc.o(.text) for RCC_APB2PeriphResetCmd
    stm32f4xx_spi.o(.text) refers to stm32f4xx_rcc.o(.text) for RCC_APB2PeriphResetCmd
    stm32f4xx_syscfg.o(.text) refers to stm32f4xx_rcc.o(.text) for RCC_APB2PeriphResetCmd
    stm32f4xx_tim.o(.text) refers to stm32f4xx_rcc.o(.text) for RCC_APB2PeriphResetCmd
    stm32f4xx_usart.o(.text) refers to stm32f4xx_rcc.o(.text) for RCC_APB2PeriphResetCmd
    stm32f4xx_wwdg.o(.text) refers to stm32f4xx_rcc.o(.text) for RCC_APB1PeriphResetCmd
    smartrf_cc2500.o(.text) refers to stm32f4xx_spi.o(.text) for SPI_I2S_GetFlagStatus
    smartrf_cc2500.o(.text) refers to stm32f4xx_gpio.o(.text) for GPIO_ResetBits
    smartrf_cc2500.o(.text) refers to stm32f4xx_rcc.o(.text) for RCC_APB1PeriphClockCmd
    smartrf_cc2500.o(.text) refers to smartrf_cc2500.o(.data) for CC2500Timeout
    smartrf_cc2500.o(.text) refers to stm32f4xx_syscfg.o(.text) for SYSCFG_EXTILineConfig
    smartrf_cc2500.o(.text) refers to stm32f4xx_exti.o(.text) for EXTI_Init
    smartrf_cc2500.o(.text) refers to misc.o(.text) for NVIC_Init
    wirelesstransmitter.o(.text) refers to smartrf_cc2500.o(.text) for getRxBufferSize
    wirelesstransmitter.o(.text) refers to rt_cmsis.o(i.osThreadCreate) for osThreadCreate
    wirelesstransmitter.o(.text) refers to rt_cmsis.o(i.osSignalWait) for osSignalWait
    wirelesstransmitter.o(.text) refers to printfa.o(i.__0printf) for __2printf
    wirelesstransmitter.o(.text) refers to servo_motor.o(.text) for servo_motor_update_roll
    wirelesstransmitter.o(.text) refers to f2d.o(.text) for __aeabi_f2d
    wirelesstransmitter.o(.text) refers to stm32f4xx_exti.o(.text) for EXTI_GetITStatus
    wirelesstransmitter.o(.text) refers to rt_cmsis.o(i.osSignalSet) for osSignalSet
    wirelesstransmitter.o(.text) refers to wirelesstransmitter.o(.constdata) for os_thread_def_wireless_Receiver_Thread
    wirelesstransmitter.o(.text) refers to wirelesstransmitter.o(.data) for wireless_Receiver_thread_id
    wirelesstransmitter.o(.constdata) refers to wirelesstransmitter.o(.text) for wireless_Receiver_Thread
    servo_motor.o(.text) refers to stm32f4xx_rcc.o(.text) for RCC_APB1PeriphClockCmd
    servo_motor.o(.text) refers to stm32f4xx_gpio.o(.text) for GPIO_Init
[...]
    ..\rt_System.c                           0x00000000   Number         0  rt_system.o ABSOLUTE
    ..\rt_Task.c                             0x00000000   Number         0  rt_task.o ABSOLUTE
    ..\rt_Time.c                             0x00000000   Number         0  rt_time.o ABSOLUTE
    ..\servo_motor\servo_motor.c             0x00000000   Number         0  servo_motor.o ABSOLUTE
    ..\smartRF_CC2500\smartRF_CC2500.c       0x00000000   Number         0  smartrf_cc2500.o ABSOLUTE
    ..\smartRF_CC2500\wirelessTransmitter.c  0x00000000   Number         0  wirelesstransmitter.o ABSOLUTE
    ..\system_stm32f4xx.c                    0x00000000   Number         0  system_stm32f4xx.o ABSOLUTE
    HAL_CM4.c                                0x00000000   Number         0  hal_cm4.o ABSOLUTE
    HAL_CM4.c                                0x00000000   Number         0  hal_cm4.o ABSOLUTE
    SVC_Table.s                              0x00000000   Number         0  SVC_Table.o ABSOLUTE
    cdcmple.s                                0x00000000   Number         0  cdcmple.o ABSOLUTE
    cdrcmple.s                               0x00000000   Number         0  cdrcmple.o ABSOLUTE
    dc.s                                     0x00000000   Number         0  dc.o ABSOLUTE
    handlers.s                               0x00000000   Number         0  handlers.o ABSOLUTE
    init.s                                   0x00000000   Number         0  init.o ABSOLUTE
    RESET                                    0x08000000   Section      392  startup_stm32f4xx.o(RESET)
    .ARM.Collect$$$$00000000                 0x08000188   Section        0  entry.o(.ARM.Collect$$$$00000000)
    .ARM.Collect$$$$00000001                 0x08000188   Section        4  entry2.o(.ARM.Collect$$$$00000001)
    .ARM.Collect$$$$00000004                 0x0800018c   Section        4  entry5.o(.ARM.Collect$$$$00000004)
    .ARM.Collect$$$$00000008                 0x08000190   Section        0  entry7b.o(.ARM.Collect$$$$00000008)
    .ARM.Collect$$$$0000000A                 0x08000190   Section        0  entry8b.o(.ARM.Collect$$$$0000000A)
    .ARM.Collect$$$$0000000D                 0x08000190   Section        0  entry10a.o(.ARM.Collect$$$$0000000D)
    .ARM.Collect$$$$0000000F                 0x08000190   Section        0  entry11a.o(.ARM.Collect$$$$0000000F)
    .ARM.Collect$$$$000000FF                 0x08000190   Section        0  rtx_conf_cm.o(.ARM.Collect$$$$000000FF)
    .ARM.Collect$$$$00002712                 0x080001a0   Section        4  entry2.o(.ARM.Collect$$$$00002712)
    __lit__00000000                          0x080001a0   Data           4  entry2.o(.ARM.Collect$$$$00002712)
    .emb_text                                0x080001a4   Section      372  hal_cm4.o(.emb_text)
    $v0                                      0x080001a4   Number         0  hal_cm4.o(.emb_text)
    .text                                    0x08000318   Section        0  system_stm32f4xx.o(.text)
    SetSysClock                              0x08000319   Thumb Code   218  system_stm32f4xx.o(.text)
    .text                                    0x08000524   Section       36  startup_stm32f4xx.o(.text)
    $v0                                      0x08000524   Number         0  startup_stm32f4xx.o(.text)
    .text                                    0x08000548   Section        0  rtx_conf_cm.o(.text)
    .text                                    0x08000550   Section        0  main.o(.text)
    .text                                    0x08000568   Section        0  misc.o(.text)
    .text                                    0x0800064c   Section        0  stm32f4xx_exti.o(.text)
    .text                                    0x08000768   Section        0  stm32f4xx_gpio.o(.text)
    .text                                    0x080009c4   Section        0  stm32f4xx_rcc.o(.text)
    .text                                    0x08000f4c   Section        0  stm32f4xx_spi.o(.text)
    .text                                    0x08001340   Section        0  stm32f4xx_syscfg.o(.text)
    .text                                    0x080013cc   Section        0  stm32f4xx_tim.o(.text)
    TI4_Config                               0x08001b6b   Thumb Code    80  stm32f4xx_tim.o(.text)
    TI3_Config                               0x08001bcd   Thumb Code    72  stm32f4xx_tim.o(.text)
    TI2_Config                               0x08001c2f   Thumb Code    90  stm32f4xx_tim.o(.text)
    TI1_Config                               0x08001c9b   Thumb Code    58  stm32f4xx_tim.o(.text)
    .text                                    0x08002070   Section        0  smartrf_cc2500.o(.text)
    CC2500_SendByte                          0x08002075   Thumb Code   102  smartrf_cc2500.o(.text)
    CC2500_Chip_Select                       0x080020db   Thumb Code    54  smartrf_cc2500.o(.text)
    CC2500_LowLevel_Init                     0x080021db   Thumb Code   258  smartrf_cc2500.o(.text)
    .text                                    0x080025b8   Section        0  wirelesstransmitter.o(.text)
    .text                                    0x0800282c   Section        0  fputc_debug.o(.text)
    ITM_SendChar                             0x0800282d   Thumb Code    42  fputc_debug.o(.text)
    .text                                    0x08002878   Section        0  servo_motor.o(.text)
    .text                                    0x08002a50   Section        0  dadd.o(.text)
    .text                                    0x08002b9e   Section        0  dfixui.o(.text)
    .text                                    0x08002bd0   Section        0  f2d.o(.text)
    .text                                    0x08002bf6   Section        0  uidiv.o(.text)
    .text                                    0x08002c22   Section        0  uldiv.o(.text)
    .text                                    0x08002c84   Section        0  llshl.o(.text)
    .text                                    0x08002ca2   Section        0  llushr.o(.text)
    .text                                    0x08002cc2   Section        0  llsshr.o(.text)
    .text                                    0x08002ce6   Section        0  iusefp.o(.text)
    .text                                    0x08002ce6   Section        0  depilogue.o(.text)
    .text                                    0x08002da4   Section        0  dmul.o(.text)
    .text                                    0x08002e88   Section        0  ddiv.o(.text)
    .text                                    0x08002f68   Section        0  drnd.o(.text)
    .text                                    0x08002ff0   Section        0  dfixul.o(.text)
    .text                                    0x08003020   Section       40  cdcmple.o(.text)
    .text                                    0x08003048   Section       40  cdrcmple.o(.text)
    .text                                    0x08003070   Section       36  init.o(.text)
    SVC_TABLE                                0x08003094   Section        4  SVC_Table.o(SVC_TABLE)
    i.__0printf                              0x08003098   Section        0  printfa.o(i.__0printf)
    i.__hardfp_round                         0x080030b8   Section        0  round.o(i.__hardfp_round)
    i.__scatterload_copy                     0x08003198   Section       14  handlers.o(i.__scatterload_copy)
    i.__scatterload_null                     0x080031a6   Section        2  handlers.o(i.__scatterload_null)
    i.__scatterload_zeroinit                 0x080031a8   Section       14  handlers.o(i.__scatterload_zeroinit)
    i._fp_digits                             0x080031b8   Section        0  printfa.o(i._fp_digits)
    _fp_digits                               0x080031b9   Thumb Code   326  printfa.o(i._fp_digits)
    i._init_box                              0x08003314   Section        0  rt_membox.o(i._init_box)
    i._printf_core                           0x0800335c   Section        0  printfa.o(i._printf_core)
    _printf_core                             0x0800335d   Thumb Code  1762  printfa.o(i._printf_core)
    i._printf_post_padding                   0x08003a4c   Section        0  printfa.o(i._printf_post_padding)
    _printf_post_padding                     0x08003a4d   Thumb Code    38  printfa.o(i._printf_post_padding)
    i._printf_pre_padding                    0x08003a72   Section        0  printfa.o(i._printf_pre_padding)
    _printf_pre_padding                      0x08003a73   Thumb Code    48  printfa.o(i._printf_pre_padding)
    i.dbg_init                               0x08003aa4   Section        0  hal_cm.o(i.dbg_init)
    i.dbg_task_notify                        0x08003ad4   Section        0  hal_cm.o(i.dbg_task_notify)
    i.dbg_task_switch                        0x08003af4   Section        0  hal_cm.o(i.dbg_task_switch)
    i.isrMessagePut                          0x08003b04   Section        0  rt_cmsis.o(i.isrMessagePut)
    isrMessagePut                            0x08003b05   Thumb Code    44  rt_cmsis.o(i.isrMessagePut)
    i.isr_evt_set                            0x08003b30   Section        0  rt_event.o(i.isr_evt_set)
    i.isr_mbx_receive                        0x08003b58   Section        0  rt_mailbox.o(i.isr_mbx_receive)
    i.isr_mbx_send                           0x08003ba8   Section        0  rt_mailbox.o(i.isr_mbx_send)
    i.osDelay                                0x08003bb8   Section        0  rt_cmsis.o(i.osDelay)
    i.osKernelStart                          0x08003bd0   Section        0  rt_cmsis.o(i.osKernelStart)
    i.osMessageGet                           0x08003c38   Section        0  rt_cmsis.o(i.osMessageGet)
    i.osSignalSet                            0x08003c7c   Section        0  rt_cmsis.o(i.osSignalSet)
    i.osSignalWait                           0x08003cb0   Section        0  rt_cmsis.o(i.osSignalWait)
    i.osThreadCreate                         0x08003cc8   Section        0  rt_cmsis.o(i.osThreadCreate)
    i.osThreadExit                           0x08003ce0   Section        0  rt_cmsis.o(i.osThreadExit)
    i.osTimerCall                            0x08003cf8   Section        0  rt_cmsis.o(i.osTimerCall)
    i.osTimerThread                          0x08003d04   Section        0  rt_cmsis.o(i.osTimerThread)
    i.rt_alloc_box                           0x08003d30   Section        0  rt_membox.o(i.rt_alloc_box)
    i.rt_alloc_mem                           0x08003d4c   Section        0  rt_memory.o(i.rt_alloc_mem)
    i.rt_block                               0x08003d88   Section        0  rt_task.o(i.rt_block)
    i.rt_chk_robin                           0x08003dc0   Section        0  rt_robin.o(i.rt_chk_robin)
    i.rt_dec_dly                             0x08003e08   Section        0  rt_list.o(i.rt_dec_dly)
    i.rt_dispatch                            0x08003e78   Section        0  rt_task.o(i.rt_dispatch)
    i.rt_dly_wait                            0x08003ebc   Section        0  rt_time.o(i.rt_dly_wait)
    i.rt_evt_psh                             0x08003ec4   Section        0  rt_event.o(i.rt_evt_psh)
    i.rt_evt_set                             0x08003f14   Section        0  rt_event.o(i.rt_evt_set)
    i.rt_evt_wait                            0x08003f70   Section        0  rt_event.o(i.rt_evt_wait)
    i.rt_free_box                            0x08003fb0   Section        0  rt_membox.o(i.rt_free_box)
    i.rt_free_mem                            0x08003fd0   Section        0  rt_memory.o(i.rt_free_mem)
    i.rt_get_first                           0x08003ff8   Section        0  rt_list.o(i.rt_get_first)
    i.rt_id2obj                              0x08004020   Section        0  rt_cmsis.o(i.rt_id2obj)
    rt_id2obj                                0x08004021   Thumb Code     8  rt_cmsis.o(i.rt_id2obj)
    i.rt_init_context                        0x08004028   Section        0  rt_task.o(i.rt_init_context)
    rt_init_context                          0x08004029   Thumb Code    60  rt_task.o(i.rt_init_context)
    i.rt_init_mem                            0x08004068   Section        0  rt_memory.o(i.rt_init_mem)
    i.rt_init_robin                          0x08004084   Section        0  rt_robin.o(i.rt_init_robin)
    i.rt_init_stack                          0x0800409c   Section        0  hal_cm.o(i.rt_init_stack)
    i.rt_mbx_check                           0x080040ec   Section        0  rt_mailbox.o(i.rt_mbx_check)
    i.rt_mbx_init                            0x080040f4   Section        0  rt_mailbox.o(i.rt_mbx_init)
    i.rt_mbx_psh                             0x08004110   Section        0  rt_mailbox.o(i.rt_mbx_psh)
    i.rt_mbx_wait                            0x0800420c   Section        0  rt_mailbox.o(i.rt_mbx_wait)
    i.rt_ms2tick                             0x080042c0   Section        0  rt_cmsis.o(i.rt_ms2tick)
    rt_ms2tick                               0x080042c1   Thumb Code    50  rt_cmsis.o(i.rt_ms2tick)
    i.rt_pop_req                             0x080042fc   Section        0  rt_system.o(i.rt_pop_req)
    i.rt_psh_req                             0x08004374   Section        0  rt_system.o(i.rt_psh_req)
    i.rt_psq_enq                             0x08004394   Section        0  rt_list.o(i.rt_psq_enq)
    i.rt_put_dly                             0x080043ec   Section        0  rt_list.o(i.rt_put_dly)
    i.rt_put_prio                            0x08004448   Section        0  rt_list.o(i.rt_put_prio)
    i.rt_put_rdy_first                       0x08004480   Section        0  rt_list.o(i.rt_put_rdy_first)
    i.rt_ret_regs                            0x08004494   Section        0  hal_cm.o(i.rt_ret_regs)
    rt_ret_regs                              0x08004495   Thumb Code    16  hal_cm.o(i.rt_ret_regs)
    i.rt_ret_val                             0x080044a4   Section        0  hal_cm.o(i.rt_ret_val)
    i.rt_ret_val2                            0x080044b0   Section        0  hal_cm.o(i.rt_ret_val2)
    i.rt_rmv_dly                             0x080044c0   Section        0  rt_list.o(i.rt_rmv_dly)
    i.rt_rmv_list                            0x080044e8   Section        0  rt_list.o(i.rt_rmv_list)
    i.rt_sem_psh                             0x08004518   Section        0  rt_semaphore.o(i.rt_sem_psh)
    i.rt_stk_check                           0x0800454c   Section        0  rt_system.o(i.rt_stk_check)
    i.rt_switch_req                          0x08004570   Section        0  rt_task.o(i.rt_switch_req)
    i.rt_sys_init                            0x08004598   Section        0  rt_task.o(i.rt_sys_init)
    i.rt_systick                             0x080046d8   Section        0  rt_system.o(i.rt_systick)
    i.rt_tid2ptcb                            0x08004714   Section        0  rt_cmsis.o(i.rt_tid2ptcb)
    rt_tid2ptcb                              0x08004715   Thumb Code    18  rt_cmsis.o(i.rt_tid2ptcb)
    i.rt_timer_insert                        0x08004728   Section        0  rt_cmsis.o(i.rt_timer_insert)
    rt_timer_insert                          0x08004729   Thumb Code    56  rt_cmsis.o(i.rt_timer_insert)
    i.rt_tsk_create                          0x08004764   Section        0  rt_task.o(i.rt_tsk_create)
    i.rt_tsk_delete                          0x080047e4   Section        0  rt_task.o(i.rt_tsk_delete)
    i.rt_tsk_self                            0x08004890   Section        0  rt_task.o(i.rt_tsk_self)
    i.svcDelay                               0x080048a0   Section        0  rt_cmsis.o(i.svcDelay)
    i.svcKernelStart                         0x080048b4   Section        0  rt_cmsis.o(i.svcKernelStart)
    i.svcMessageCreate                       0x08004988   Section        0  rt_cmsis.o(i.svcMessageCreate)
    i.svcMessageGet                          0x080049ac   Section        0  rt_cmsis.o(i.svcMessageGet)
    i.svcSignalSet                           0x080049e6   Section        0  rt_cmsis.o(i.svcSignalSet)
    i.svcSignalWait                          0x08004a0c   Section        0  rt_cmsis.o(i.svcSignalWait)
    i.svcThreadCreate                        0x08004a60   Section        0  rt_cmsis.o(i.svcThreadCreate)
    i.svcThreadGetId                         0x08004ad0   Section        0  rt_cmsis.o(i.svcThreadGetId)
    i.svcThreadTerminate                     0x08004aec   Section        0  rt_cmsis.o(i.svcThreadTerminate)
    i.svcTimerCall                           0x08004b24   Section        0  rt_cmsis.o(i.svcTimerCall)
    i.sysTimerTick                           0x08004b3c   Section        0  rt_cmsis.o(i.sysTimerTick)
    .constdata                               0x08004b90   Section       88  rtx_conf_cm.o(.constdata)
    __tagsym$$used                           0x08004ba4   Number         0  rtx_conf_cm.o(.constdata)
    __tagsym$$used                           0x08004ba8   Number         0  rtx_conf_cm.o(.constdata)
    .constdata                               0x08004be8   Section       16  wirelesstransmitter.o(.constdata)
    .bss                                     0x10000000   Section     6992  rtx_conf_cm.o(.bss)
    .data                                    0x20000000   Section       20  system_stm32f4xx.o(.data)
    .data                                    0x20000014   Section       16  rtx_conf_cm.o(.data)
    .data                                    0x20000024   Section       16  stm32f4xx_rcc.o(.data)
    APBAHBPrescTable                         0x20000024   Data          16  stm32f4xx_rcc.o(.data)
    .data                                    0x20000034   Section        4  smartrf_cc2500.o(.data)
    .data                                    0x20000038   Section        4  wirelesstransmitter.o(.data)
    .data                                    0x2000003c   Section        8  fputc_debug.o(.data)
    .data                                    0x20000044   Section        4  rt_cmsis.o(.data)
    .data                                    0x20000048   Section        8  rt_task.o(.data)
    .data                                    0x20000050   Section        3  rt_system.o(.data)
    os_lock                                  0x20000050   Data           1  rt_system.o(.data)
    os_psh_flag                              0x20000051   Data           1  rt_system.o(.data)
    pend_flags                               0x20000052   Data           1  rt_system.o(.data)
    .data                                    0x20000054   Section        2  rt_time.o(.data)
    .data                                    0x20000056   Section        1  hal_cm.o(.data)
    .data                                    0x20000058   Section        8  rt_robin.o(.data)
    .bss                                     0x20000060   Section       20  servo_motor.o(.bss)
    .bss                                     0x20000074   Section       48  rt_task.o(.bss)
    .bss                                     0x200000a4   Section       48  rt_list.o(.bss)
    STACK                                    0x200000d8   Section     1024  startup_stm32f4xx.o(STACK)

    Global Symbols

    Symbol Name                              Value     Ov Type        Size  Object(Section)

    BuildAttributes$$THM_ISAv4$E$P$D$K$B$S$7EM$VFPi3$EXTD16$VFPS$VFMA$PE$A:L22UL41UL21$X:L11$S22US41US21$IEEE1$IW$USESV6$~STKCKD$USESV7$~SHL$OTIME$ROPI$IEEEJ$EBA8$MICROLIB$REQ8$PRES8$EABIv2 0x00000000   Number         0  anon$$obj.o ABSOLUTE
    __ARM_use_no_argv                        0x00000000   Number         0  main.o ABSOLUTE
    __use_no_errno                           0x00000000   Number         0  useno.o ABSOLUTE
    __use_no_exception_handling              0x00000000   Number         0  useno.o ABSOLUTE
    __use_no_fp                              0x00000000   Number         0  useno.o ABSOLUTE
    __use_no_heap                            0x00000000   Number         0  useno.o ABSOLUTE
    __use_no_heap_region                     0x00000000   Number         0  useno.o ABSOLUTE
    __use_no_semihosting                     0x00000000   Number         0  useno.o ABSOLUTE
    __use_no_semihosting_swi                 0x00000000   Number         0  useno.o ABSOLUTE
    __use_no_signal_handling                 0x00000000   Number         0  useno.o ABSOLUTE
    _printf_a                                0x00000000   Number         0  stubs.o ABSOLUTE
    _printf_c                                0x00000000   Number         0  stubs.o ABSOLUTE
    _printf_charcount                        0x00000000   Number         0  stubs.o ABSOLUTE
    _printf_d                                0x00000000   Number         0  stubs.o ABSOLUTE
    _printf_e                                0x00000000   Number         0  stubs.o ABSOLUTE
    _printf_f                                0x00000000   Number         0  stubs.o ABSOLUTE
    _printf_flags                            0x00000000   Number         0  stubs.o ABSOLUTE
    _printf_fp_dec                           0x00000000   Number         0  stubs.o ABSOLUTE
    _printf_fp_hex                           0x00000000   Number         0  stubs.o ABSOLUTE
    _printf_g                                0x00000000   Number         0  stubs.o ABSOLUTE
    _printf_i                                0x00000000   Number         0  stubs.o ABSOLUTE
    _printf_int_dec                          0x00000000   Number         0  stubs.o ABSOLUTE
    _printf_l                                0x00000000   Number         0  stubs.o ABSOLUTE
    _printf_lc                               0x00000000   Number         0  stubs.o ABSOLUTE
    _printf_ll                               0x00000000   Number         0  stubs.o ABSOLUTE
    _printf_lld                              0x00000000   Number         0  stubs.o ABSOLUTE
    _printf_lli                              0x00000000   Number         0  stubs.o ABSOLUTE
    _printf_llo                              0x00000000   Number         0  stubs.o ABSOLUTE
    _printf_llu                              0x00000000   Number         0  stubs.o ABSOLUTE
    _printf_llx                              0x00000000   Number         0  stubs.o ABSOLUTE
    _printf_longlong_dec                     0x00000000   Number         0  stubs.o ABSOLUTE
    _printf_longlong_hex                     0x00000000   Number         0  stubs.o ABSOLUTE
    _printf_longlong_oct                     0x00000000   Number         0  stubs.o ABSOLUTE
    _printf_ls                               0x00000000   Number         0  stubs.o ABSOLUTE
    _printf_mbtowc                           0x00000000   Number         0  stubs.o ABSOLUTE
    _printf_n                                0x00000000   Number         0  stubs.o ABSOLUTE
    _printf_o                                0x00000000   Number         0  stubs.o ABSOLUTE
    _printf_p                                0x00000000   Number         0  stubs.o ABSOLUTE
    _printf_percent                          0x00000000   Number         0  stubs.o ABSOLUTE
    _printf_pre_padding                      0x00000000   Number         0  stubs.o ABSOLUTE
    _printf_return_value                     0x00000000   Number         0  stubs.o ABSOLUTE
    _printf_s                                0x00000000   Number         0  stubs.o ABSOLUTE
    _printf_sizespec                         0x00000000   Number         0  stubs.o ABSOLUTE
    _printf_str                              0x00000000   Number         0  stubs.o ABSOLUTE
    _printf_truncate_signed                  0x00000000   Number         0  stubs.o ABSOLUTE
    _printf_truncate_unsigned                0x00000000   Number         0  stubs.o ABSOLUTE
    _printf_u                                0x00000000   Number         0  stubs.o ABSOLUTE
    _printf_wc                               0x00000000   Number         0  stubs.o ABSOLUTE
    _printf_wctomb                           0x00000000   Number         0  stubs.o ABSOLUTE
    _printf_widthprec                        0x00000000   Number         0  stubs.o ABSOLUTE
    _printf_x                                0x00000000   Number         0  stubs.o ABSOLUTE
    __cpp_initialize__aeabi_                  - Undefined Weak Reference
    __cxa_finalize                            - Undefined Weak Reference
    __decompress                              - Undefined Weak Reference
    _clock_init                               - Undefined Weak Reference
    _microlib_exit                            - Undefined Weak Reference
    __Vectors_Size                           0x00000188   Number         0  startup_stm32f4xx.o ABSOLUTE
    __RL_RTX_VER                             0x00000422   Number         0  rt_system.o ABSOLUTE
    __Vectors                                0x08000000   Data           4  startup_stm32f4xx.o(RESET)
    __Vectors_End                            0x08000188   Data           0  startup_stm32f4xx.o(RESET)
    __main                                   0x08000189   Thumb Code     0  entry.o(.ARM.Collect$$$$00000000)
    _main_stk                                0x08000189   Thumb Code     0  entry2.o(.ARM.Collect$$$$00000001)
    _main_scatterload                        0x0800018d   Thumb Code     0  entry5.o(.ARM.Collect$$$$00000004)
    __main_after_scatterload                 0x08000191   Thumb Code     0  entry5.o(.ARM.Collect$$$$00000004)
    __rt_final_cpp                           0x08000191   Thumb Code     0  entry10a.o(.ARM.Collect$$$$0000000D)
    __rt_final_exit                          0x08000191   Thumb Code     0  entry11a.o(.ARM.Collect$$$$0000000F)
    _main_clock                              0x08000191   Thumb Code     0  entry7b.o(.ARM.Collect$$$$00000008)
    _main_cpp_init                           0x08000191   Thumb Code     0  entry8b.o(.ARM.Collect$$$$0000000A)
    _main_init                               0x08000191   Thumb Code    10  rtx_conf_cm.o(.ARM.Collect$$$$000000FF)
    rt_set_PSP                               0x080001a5   Thumb Code     6  hal_cm4.o(.emb_text)
    os_set_env                               0x080001ab   Thumb Code    26  hal_cm4.o(.emb_text)
    _alloc_box                               0x080001c9   Thumb Code    28  hal_cm4.o(.emb_text)
    _free_box                                0x080001e9   Thumb Code    28  hal_cm4.o(.emb_text)
    SVC_Handler                              0x08000209   Thumb Code   152  hal_cm4.o(.emb_text)
    PendSV_Handler                           0x080002ad   Thumb Code     0  hal_cm4.o(.emb_text)
    Sys_Handler                              0x080002ad   Thumb Code   104  hal_cm4.o(.emb_text)
    SysTick_Handler                          0x0800030d   Thumb Code     0  hal_cm4.o(.emb_text)
    SystemInit                               0x080003f3   Thumb Code    88  system_stm32f4xx.o(.text)
    SystemCoreClockUpdate                    0x0800044b   Thumb Code   174  system_stm32f4xx.o(.text)
    Reset_Handler                            0x08000525   Thumb Code     8  startup_stm32f4xx.o(.text)
    NMI_Handler                              0x0800052d   Thumb Code     2  startup_stm32f4xx.o(.text)
    HardFault_Handler                        0x0800052f   Thumb Code     2  startup_stm32f4xx.o(.text)
    MemManage_Handler                        0x08000531   Thumb Code     2  startup_stm32f4xx.o(.text)
    BusFault_Handler                         0x08000533   Thumb Code     2  startup_stm32f4xx.o(.text)
    UsageFault_Handler                       0x08000535   Thumb Code     2  startup_stm32f4xx.o(.text)
    DebugMon_Handler                         0x08000539   Thumb Code     2  startup_stm32f4xx.o(.text)
    ADC_IRQHandler                           0x0800053f   Thumb Code     0  startup_stm32f4xx.o(.text)
    CAN1_RX0_IRQHandler                      0x0800053f   Thumb Code     0  startup_stm32f4xx.o(.text)
    CAN1_RX1_IRQHandler                      0x0800053f   Thumb Code     0  startup_stm32f4xx.o(.text)
    CAN1_SCE_IRQHandler                      0x0800053f   Thumb Code     0  startup_stm32f4xx.o(.text)
    CAN1_TX_IRQHandler                       0x0800053f   Thumb Code     0  startup_stm32f4xx.o(.text)
    CAN2_RX0_IRQHandler                      0x0800053f   Thumb Code     0  startup_stm32f4xx.o(.text)
    CAN2_RX1_IRQHandler                      0x0800053f   Thumb Code     0  startup_stm32f4xx.o(.text)
    CAN2_SCE_IRQHandler                      0x0800053f   Thumb Code     0  startup_stm32f4xx.o(.text)
    CAN2_TX_IRQHandler                       0x0800053f   Thumb Code     0  startup_stm32f4xx.o(.text)
    CRYP_IRQHandler                          0x0800053f   Thumb Code     0  startup_stm32f4xx.o(.text)
    DCMI_IRQHandler                          0x0800053f   Thumb Code     0  startup_stm32f4xx.o(.text)
    DMA1_Stream0_IRQHandler                  0x0800053f   Thumb Code     0  startup_stm32f4xx.o(.text)
    DMA1_Stream1_IRQHandler                  0x0800053f   Thumb Code     0  startup_stm32f4xx.o(.text)
    DMA1_Stream2_IRQHandler                  0x0800053f   Thumb Code     0  startup_stm32f4xx.o(.text)
    DMA1_Stream3_IRQHandler                  0x0800053f   Thumb Code     0  startup_stm32f4xx.o(.text)
    DMA1_Stream4_IRQHandler                  0x0800053f   Thumb Code     0  startup_stm32f4xx.o(.text)
    DMA1_Stream5_IRQHandler                  0x0800053f   Thumb Code     0  startup_stm32f4xx.o(.text)
    DMA1_Stream6_IRQHandler                  0x0800053f   Thumb Code     0  startup_stm32f4xx.o(.text)
    DMA1_Stream7_IRQHandler                  0x0800053f   Thumb Code     0  startup_stm32f4xx.o(.text)
    DMA2_Stream0_IRQHandler                  0x0800053f   Thumb Code     0  startup_stm32f4xx.o(.text)
    DMA2_Stream1_IRQHandler                  0x0800053f   Thumb Code     0  startup_stm32f4xx.o(.text)
    DMA2_Stream2_IRQHandler                  0x0800053f   Thumb Code     0  startup_stm32f4xx.o(.text)
    DMA2_Stream3_IRQHandler                  0x0800053f   Thumb Code     0  startup_stm32f4xx.o(.text)
    DMA2_Stream4_IRQHandler                  0x0800053f   Thumb Code     0  startup_stm32f4xx.o(.text)
    DMA2_Stream5_IRQHandler                  0x0800053f   Thumb Code     0  startup_stm32f4xx.o(.text)
    DMA2_Stream6_IRQHandler                  0x0800053f   Thumb Code     0  startup_stm32f4xx.o(.text)
    DMA2_Stream7_IRQHandler                  0x0800053f   Thumb Code     0  startup_stm32f4xx.o(.text)
    ETH_IRQHandler                           0x0800053f   Thumb Code     0  startup_stm32f4xx.o(.text)
    ETH_WKUP_IRQHandler                      0x0800053f   Thumb Code     0  startup_stm32f4xx.o(.text)
    EXTI0_IRQHandler                         0x0800053f   Thumb Code     0  startup_stm32f4xx.o(.text)
    EXTI15_10_IRQHandler                     0x0800053f   Thumb Code     0  startup_stm32f4xx.o(.text)
    EXTI1_IRQHandler                         0x0800053f   Thumb Code     0  startup_stm32f4xx.o(.text)
    EXTI2_IRQHandler                         0x0800053f   Thumb Code     0  startup_stm32f4xx.o(.text)
    EXTI3_IRQHandler                         0x0800053f   Thumb Code     0  startup_stm32f4xx.o(.text)
    EXTI9_5_IRQHandler                       0x0800053f   Thumb Code     0  startup_stm32f4xx.o(.text)
    FLASH_IRQHandler                         0x0800053f   Thumb Code     0  startup_stm32f4xx.o(.text)
    FPU_IRQHandler                           0x0800053f   Thumb Code     0  startup_stm32f4xx.o(.text)
    FSMC_IRQHandler                          0x0800053f   Thumb Code     0  startup_stm32f4xx.o(.text)
    HASH_RNG_IRQHandler                      0x0800053f   Thumb Code     0  startup_stm32f4xx.o(.text)
    I2C1_ER_IRQHandler                       0x0800053f   Thumb Code     0  startup_stm32f4xx.o(.text)
    I2C1_EV_IRQHandler                       0x0800053f   Thumb Code     0  startup_stm32f4xx.o(.text)
    I2C2_ER_IRQHandler                       0x0800053f   Thumb Code     0  startup_stm32f4xx.o(.text)
    I2C2_EV_IRQHandler                       0x0800053f   Thumb Code     0  startup_stm32f4xx.o(.text)
    I2C3_ER_IRQHandler                       0x0800053f   Thumb Code     0  startup_stm32f4xx.o(.text)
    I2C3_EV_IRQHandler                       0x0800053f   Thumb Code     0  startup_stm32f4xx.o(.text)
    OTG_FS_IRQHandler                        0x0800053f   Thumb Code     0  startup_stm32f4xx.o(.text)
    OTG_FS_WKUP_IRQHandler                   0x0800053f   Thumb Code     0  startup_stm32f4xx.o(.text)
    OTG_HS_EP1_IN_IRQHandler                 0x0800053f   Thumb Code     0  startup_stm32f4xx.o(.text)
    OTG_HS_EP1_OUT_IRQHandler                0x0800053f   Thumb Code     0  startup_stm32f4xx.o(.text)
    OTG_HS_IRQHandler                        0x0800053f   Thumb Code     0  startup_stm32f4xx.o(.text)
    OTG_HS_WKUP_IRQHandler                   0x0800053f   Thumb Code     0  startup_stm32f4xx.o(.text)
    PVD_IRQHandler                           0x0800053f   Thumb Code     0  startup_stm32f4xx.o(.text)
    RCC_IRQHandler                           0x0800053f   Thumb Code     0  startup_stm32f4xx.o(.text)
    RTC_Alarm_IRQHandler                     0x0800053f   Thumb Code     0  startup_stm32f4xx.o(.text)
    RTC_WKUP_IRQHandler                      0x0800053f   Thumb Code     0  startup_stm32f4xx.o(.text)
    SDIO_IRQHandler                          0x0800053f   Thumb Code     0  startup_stm32f4xx.o(.text)
    SPI1_IRQHandler                          0x0800053f   Thumb Code     0  startup_stm32f4xx.o(.text)
    SPI2_IRQHandler                          0x0800053f   Thumb Code     0  startup_stm32f4xx.o(.text)
    SPI3_IRQHandler                          0x0800053f   Thumb Code     0  startup_stm32f4xx.o(.text)
    TAMP_STAMP_IRQHandler                    0x0800053f   Thumb Code     0  startup_stm32f4xx.o(.text)
    TIM1_BRK_TIM9_IRQHandler                 0x0800053f   Thumb Code     0  startup_stm32f4xx.o(.text)
    TIM1_CC_IRQHandler                       0x0800053f   Thumb Code     0  startup_stm32f4xx.o(.text)
    TIM1_TRG_COM_TIM11_IRQHandler            0x0800053f   Thumb Code     0  startup_stm32f4xx.o(.text)
    TIM1_UP_TIM10_IRQHandler                 0x0800053f   Thumb Code     0  startup_stm32f4xx.o(.text)
    TIM2_IRQHandler                          0x0800053f   Thumb Code     0  startup_stm32f4xx.o(.text)
    TIM3_IRQHandler                          0x0800053f   Thumb Code     0  startup_stm32f4xx.o(.text)
    TIM4_IRQHandler                          0x0800053f   Thumb Code     0  startup_stm32f4xx.o(.text)
    TIM5_IRQHandler                          0x0800053f   Thumb Code     0  startup_stm32f4xx.o(.text)
    TIM6_DAC_IRQHandler                      0x0800053f   Thumb Code     0  startup_stm32f4xx.o(.text)
    TIM7_IRQHandler                          0x0800053f   Thumb Code     0  startup_stm32f4xx.o(.text)
    TIM8_BRK_TIM12_IRQHandler                0x0800053f   Thumb Code     0  startup_stm32f4xx.o(.text)
    TIM8_CC_IRQHandler                       0x0800053f   Thumb Code     0  startup_stm32f4xx.o(.text)
    TIM8_TRG_COM_TIM14_IRQHandler            0x0800053f   Thumb Code     0  startup_stm32f4xx.o(.text)
    TIM8_UP_TIM13_IRQHandler                 0x0800053f   Thumb Code     0  startup_stm32f4xx.o(.text)
    UART4_IRQHandler                         0x0800053f   Thumb Code     0  startup_stm32f4xx.o(.text)
    UART5_IRQHandler                         0x0800053f   Thumb Code     0  startup_stm32f4xx.o(.text)
    USART1_IRQHandler                        0x0800053f   Thumb Code     0  startup_stm32f4xx.o(.text)
    USART2_IRQHandler                        0x0800053f   Thumb Code     0  startup_stm32f4xx.o(.text)
    USART3_IRQHandler                        0x0800053f   Thumb Code     0  startup_stm32f4xx.o(.text)
    USART6_IRQHandler                        0x0800053f   Thumb Code     0  startup_stm32f4xx.o(.text)
    WWDG_IRQHandler                          0x0800053f   Thumb Code     0  startup_stm32f4xx.o(.text)
    os_idle_demon                            0x08000549   Thumb Code     4  rtx_conf_cm.o(.text)
    os_error                                 0x0800054d   Thumb Code     4  rtx_conf_cm.o(.text)
    main                                     0x08000551   Thumb Code    22  main.o(.text)
    NVIC_PriorityGroupConfig                 0x08000569   Thumb Code    10  misc.o(.text)
    NVIC_Init                                0x08000573   Thumb Code   108  misc.o(.text)
    NVIC_SetVectorTable                      0x080005df   Thumb Code    14  misc.o(.text)
    NVIC_SystemLPConfig                      0x080005ed   Thumb Code    34  misc.o(.text)
    SysTick_CLKSourceConfig                  0x0800060f   Thumb Code    40  misc.o(.text)
    EXTI_DeInit                              0x0800064d   Thumb Code    28  stm32f4xx_exti.o(.text)
    EXTI_Init                                0x08000669   Thumb Code   142  stm32f4xx_exti.o(.text)
    EXTI_StructInit                          0x080006f7   Thumb Code    16  stm32f4xx_exti.o(.text)
    EXTI_GenerateSWInterrupt                 0x08000707   Thumb Code    16  stm32f4xx_exti.o(.text)
    EXTI_GetFlagStatus                       0x08000717   Thumb Code    22  stm32f4xx_exti.o(.text)
    EXTI_ClearFlag                           0x0800072d   Thumb Code     8  stm32f4xx_exti.o(.text)
    EXTI_GetITStatus                         0x08000735   Thumb Code    34  stm32f4xx_exti.o(.text)
    EXTI_ClearITPendingBit                   0x08000757   Thumb Code     8  stm32f4xx_exti.o(.text)
    GPIO_DeInit                              0x08000769   Thumb Code   220  stm32f4xx_gpio.o(.text)
    GPIO_Init                                0x08000845   Thumb Code   144  stm32f4xx_gpio.o(.text)
    GPIO_StructInit                          0x080008d5   Thumb Code    18  stm32f4xx_gpio.o(.text)
    GPIO_PinLockConfig                       0x080008e7   Thumb Code    34  stm32f4xx_gpio.o(.text)
    GPIO_ReadInputDataBit                    0x08000909   Thumb Code    18  stm32f4xx_gpio.o(.text)
    GPIO_ReadInputData                       0x0800091b   Thumb Code     8  stm32f4xx_gpio.o(.text)
    GPIO_ReadOutputDataBit                   0x08000923   Thumb Code    18  stm32f4xx_gpio.o(.text)
    GPIO_ReadOutputData                      0x08000935   Thumb Code     8  stm32f4xx_gpio.o(.text)
    GPIO_SetBits                             0x0800093d   Thumb Code     4  stm32f4xx_gpio.o(.text)
    GPIO_ResetBits                           0x08000941   Thumb Code     4  stm32f4xx_gpio.o(.text)
    GPIO_WriteBit                            0x08000945   Thumb Code    10  stm32f4xx_gpio.o(.text)
    GPIO_Write                               0x0800094f   Thumb Code     4  stm32f4xx_gpio.o(.text)
    GPIO_ToggleBits                          0x08000953   Thumb Code     8  stm32f4xx_gpio.o(.text)
    GPIO_PinAFConfig                         0x0800095b   Thumb Code    70  stm32f4xx_gpio.o(.text)
    RCC_DeInit                               0x080009c5   Thumb Code    60  stm32f4xx_rcc.o(.text)
    RCC_HSEConfig                            0x08000a01   Thumb Code    14  stm32f4xx_rcc.o(.text)
    RCC_GetFlagStatus                        0x08000a0f   Thumb Code    60  stm32f4xx_rcc.o(.text)
    RCC_WaitForHSEStartUp                    0x08000a4b   Thumb Code    56  stm32f4xx_rcc.o(.text)
    RCC_AdjustHSICalibrationValue            0x08000a83   Thumb Code    20  stm32f4xx_rcc.o(.text)
    RCC_HSICmd                               0x08000a97   Thumb Code     6  stm32f4xx_rcc.o(.text)
    RCC_LSEConfig                            0x08000a9d   Thumb Code    46  stm32f4xx_rcc.o(.text)
    RCC_LSICmd                               0x08000acb   Thumb Code     6  stm32f4xx_rcc.o(.text)
    RCC_PLLConfig                            0x08000ad1   Thumb Code    32  stm32f4xx_rcc.o(.text)
    RCC_PLLCmd                               0x08000af1   Thumb Code     6  stm32f4xx_rcc.o(.text)
    RCC_PLLI2SConfig                         0x08000af7   Thumb Code    14  stm32f4xx_rcc.o(.text)
    RCC_PLLI2SCmd                            0x08000b05   Thumb Code     6  stm32f4xx_rcc.o(.text)
    RCC_ClockSecuritySystemCmd               0x08000b0b   Thumb Code     6  stm32f4xx_rcc.o(.text)
    RCC_MCO1Config                           0x08000b11   Thumb Code    28  stm32f4xx_rcc.o(.text)
    RCC_MCO2Config                           0x08000b2d   Thumb Code    28  stm32f4xx_rcc.o(.text)
    RCC_SYSCLKConfig                         0x08000b49   Thumb Code    20  stm32f4xx_rcc.o(.text)
    RCC_GetSYSCLKSource                      0x08000b5d   Thumb Code    12  stm32f4xx_rcc.o(.text)
    RCC_HCLKConfig                           0x08000b69   Thumb Code    20  stm32f4xx_rcc.o(.text)
    RCC_PCLK1Config                          0x08000b7d   Thumb Code    20  stm32f4xx_rcc.o(.text)
    RCC_PCLK2Config                          0x08000b91   Thumb Code    22  stm32f4xx_rcc.o(.text)
    RCC_GetClocksFreq                        0x08000ba7   Thumb Code   222  stm32f4xx_rcc.o(.text)
    RCC_RTCCLKConfig                         0x08000c85   Thumb Code    54  stm32f4xx_rcc.o(.text)
    RCC_RTCCLKCmd                            0x08000cbb   Thumb Code     8  stm32f4xx_rcc.o(.text)
    RCC_BackupResetCmd                       0x08000cc3   Thumb Code     8  stm32f4xx_rcc.o(.text)
    RCC_I2SCLKConfig                         0x08000ccb   Thumb Code     6  stm32f4xx_rcc.o(.text)
    RCC_AHB1PeriphClockCmd                   0x08000cd1   Thumb Code    34  stm32f4xx_rcc.o(.text)
    RCC_AHB2PeriphClockCmd                   0x08000cf3   Thumb Code    34  stm32f4xx_rcc.o(.text)
    RCC_AHB3PeriphClockCmd                   0x08000d15   Thumb Code    34  stm32f4xx_rcc.o(.text)
    RCC_APB1PeriphClockCmd                   0x08000d37   Thumb Code    34  stm32f4xx_rcc.o(.text)
    RCC_APB2PeriphClockCmd                   0x08000d59   Thumb Code    34  stm32f4xx_rcc.o(.text)
    RCC_AHB1PeriphResetCmd                   0x08000d7b   Thumb Code    34  stm32f4xx_rcc.o(.text)
    RCC_AHB2PeriphResetCmd                   0x08000d9d   Thumb Code    72  stm32f4xx_rcc.o(.text)
    RCC_AHB3PeriphResetCmd                   0x08000de5   Thumb Code    34  stm32f4xx_rcc.o(.text)
    RCC_APB1PeriphResetCmd                   0x08000e07   Thumb Code    34  stm32f4xx_rcc.o(.text)
    RCC_APB2PeriphResetCmd                   0x08000e29   Thumb Code    34  stm32f4xx_rcc.o(.text)
    RCC_AHB1PeriphClockLPModeCmd             0x08000e4b   Thumb Code    34  stm32f4xx_rcc.o(.text)
    RCC_AHB2PeriphClockLPModeCmd             0x08000e6d   Thumb Code    34  stm32f4xx_rcc.o(.text)
    RCC_AHB3PeriphClockLPModeCmd             0x08000e8f   Thumb Code    34  stm32f4xx_rcc.o(.text)
    RCC_APB1PeriphClockLPModeCmd             0x08000eb1   Thumb Code    34  stm32f4xx_rcc.o(.text)
    RCC_APB2PeriphClockLPModeCmd             0x08000ed3   Thumb Code    34  stm32f4xx_rcc.o(.text)
    RCC_ITConfig                             0x08000ef5   Thumb Code    34  stm32f4xx_rcc.o(.text)
    RCC_ClearFlag                            0x08000f17   Thumb Code    18  stm32f4xx_rcc.o(.text)
    RCC_GetITStatus                          0x08000f29   Thumb Code    22  stm32f4xx_rcc.o(.text)
    RCC_ClearITPendingBit                    0x08000f3f   Thumb Code     8  stm32f4xx_rcc.o(.text)
    SPI_I2S_DeInit                           0x08000f4d   Thumb Code    76  stm32f4xx_spi.o(.text)
    SPI_Init                                 0x08000f99   Thumb Code    60  stm32f4xx_spi.o(.text)
    I2S_Init                                 0x08000fd5   Thumb Code   346  stm32f4xx_spi.o(.text)
    SPI_StructInit                           0x0800112f   Thumb Code    24  stm32f4xx_spi.o(.text)
    I2S_StructInit                           0x08001147   Thumb Code    20  stm32f4xx_spi.o(.text)
    SPI_Cmd                                  0x0800115b   Thumb Code    24  stm32f4xx_spi.o(.text)
    I2S_Cmd                                  0x08001173   Thumb Code    24  stm32f4xx_spi.o(.text)
    SPI_DataSizeConfig                       0x0800118b   Thumb Code    18  stm32f4xx_spi.o(.text)
    SPI_BiDirectionalLineConfig              0x0800119d   Thumb Code    28  stm32f4xx_spi.o(.text)
    SPI_NSSInternalSoftwareConfig            0x080011b9   Thumb Code    30  stm32f4xx_spi.o(.text)
    SPI_SSOutputCmd                          0x080011d7   Thumb Code    24  stm32f4xx_spi.o(.text)
    SPI_TIModeCmd                            0x080011ef   Thumb Code    24  stm32f4xx_spi.o(.text)
    I2S_FullDuplexConfig                     0x08001207   Thumb Code    80  stm32f4xx_spi.o(.text)
    SPI_I2S_ReceiveData                      0x08001257   Thumb Code     6  stm32f4xx_spi.o(.text)
    SPI_I2S_SendData                         0x0800125d   Thumb Code     4  stm32f4xx_spi.o(.text)
    SPI_CalculateCRC                         0x08001261   Thumb Code    24  stm32f4xx_spi.o(.text)
    SPI_TransmitCRC                          0x08001279   Thumb Code    10  stm32f4xx_spi.o(.text)
    SPI_GetCRC                               0x08001283   Thumb Code    16  stm32f4xx_spi.o(.text)
    SPI_GetCRCPolynomial                     0x08001293   Thumb Code     6  stm32f4xx_spi.o(.text)
    SPI_I2S_DMACmd                           0x08001299   Thumb Code    18  stm32f4xx_spi.o(.text)
    SPI_I2S_ITConfig                         0x080012ab   Thumb Code    32  stm32f4xx_spi.o(.text)
    SPI_I2S_GetFlagStatus                    0x080012cb   Thumb Code    18  stm32f4xx_spi.o(.text)
    SPI_I2S_ClearFlag                        0x080012dd   Thumb Code     6  stm32f4xx_spi.o(.text)
    SPI_I2S_GetITStatus                      0x080012e3   Thumb Code    52  stm32f4xx_spi.o(.text)
    SPI_I2S_ClearITPendingBit                0x08001317   Thumb Code    20  stm32f4xx_spi.o(.text)
    SYSCFG_DeInit                            0x08001341   Thumb Code    22  stm32f4xx_syscfg.o(.text)
    SYSCFG_MemoryRemapConfig                 0x08001357   Thumb Code     6  stm32f4xx_syscfg.o(.text)
    SYSCFG_EXTILineConfig                    0x0800135d   Thumb Code    66  stm32f4xx_syscfg.o(.text)
    SYSCFG_ETH_MediaInterfaceConfig          0x0800139f   Thumb Code     6  stm32f4xx_syscfg.o(.text)
    SYSCFG_CompensationCellCmd               0x080013a5   Thumb Code     6  stm32f4xx_syscfg.o(.text)
    SYSCFG_GetCompensationCellStatus         0x080013ab   Thumb Code    22  stm32f4xx_syscfg.o(.text)
    TIM_DeInit                               0x080013cd   Thumb Code   346  stm32f4xx_tim.o(.text)
    TIM_TimeBaseInit                         0x08001527   Thumb Code   104  stm32f4xx_tim.o(.text)
    TIM_TimeBaseStructInit                   0x0800158f   Thumb Code    18  stm32f4xx_tim.o(.text)
    TIM_PrescalerConfig                      0x080015a1   Thumb Code     6  stm32f4xx_tim.o(.text)
    TIM_CounterModeConfig                    0x080015a7   Thumb Code    18  stm32f4xx_tim.o(.text)
    TIM_SetCounter                           0x080015b9   Thumb Code     4  stm32f4xx_tim.o(.text)
    TIM_SetAutoreload                        0x080015bd   Thumb Code     4  stm32f4xx_tim.o(.text)
    TIM_GetCounter                           0x080015c1   Thumb Code     6  stm32f4xx_tim.o(.text)
    TIM_GetPrescaler                         0x080015c7   Thumb Code     6  stm32f4xx_tim.o(.text)
    TIM_UpdateDisableConfig                  0x080015cd   Thumb Code    24  stm32f4xx_tim.o(.text)
    TIM_UpdateRequestConfig                  0x080015e5   Thumb Code    24  stm32f4xx_tim.o(.text)
    TIM_ARRPreloadConfig                     0x080015fd   Thumb Code    24  stm32f4xx_tim.o(.text)
    TIM_SelectOnePulseMode                   0x08001615   Thumb Code    18  stm32f4xx_tim.o(.text)
    TIM_SetClockDivision                     0x08001627   Thumb Code    18  stm32f4xx_tim.o(.text)
    TIM_Cmd                                  0x08001639   Thumb Code    24  stm32f4xx_tim.o(.text)
    TIM_OC1Init                              0x08001651   Thumb Code   114  stm32f4xx_tim.o(.text)
    TIM_OC2Init                              0x080016c3   Thumb Code   154  stm32f4xx_tim.o(.text)
    TIM_OC3Init                              0x0800175d   Thumb Code   204  stm32f4xx_tim.o(.text)
    TIM_OC4Init                              0x08001829   Thumb Code   112  stm32f4xx_tim.o(.text)
    TIM_OCStructInit                         0x08001899   Thumb Code    20  stm32f4xx_tim.o(.text)
    TIM_SelectOCxM                           0x080018ad   Thumb Code    86  stm32f4xx_tim.o(.text)
    TIM_SetCompare1                          0x08001903   Thumb Code     4  stm32f4xx_tim.o(.text)
    TIM_SetCompare2                          0x08001907   Thumb Code     4  stm32f4xx_tim.o(.text)
    TIM_SetCompare3                          0x0800190b   Thumb Code     4  stm32f4xx_tim.o(.text)
    TIM_SetCompare4                          0x0800190f   Thumb Code     4  stm32f4xx_tim.o(.text)
    TIM_ForcedOC1Config                      0x08001913   Thumb Code    18  stm32f4xx_tim.o(.text)
    TIM_ForcedOC2Config                      0x08001925   Thumb Code    26  stm32f4xx_tim.o(.text)
    TIM_ForcedOC3Config                      0x0800193f   Thumb Code    18  stm32f4xx_tim.o(.text)
    TIM_ForcedOC4Config                      0x08001951   Thumb Code    26  stm32f4xx_tim.o(.text)
    TIM_OC1PreloadConfig                     0x0800196b   Thumb Code    18  stm32f4xx_tim.o(.text)
    TIM_OC2PreloadConfig                     0x0800197d   Thumb Code    26  stm32f4xx_tim.o(.text)
    TIM_OC3PreloadConfig                     0x08001997   Thumb Code    18  stm32f4xx_tim.o(.text)
    TIM_OC4PreloadConfig                     0x080019a9   Thumb Code    26  stm32f4xx_tim.o(.text)
    TIM_OC1FastConfig                        0x080019c3   Thumb Code    18  stm32f4xx_tim.o(.text)
    TIM_OC2FastConfig                        0x080019d5   Thumb Code    26  stm32f4xx_tim.o(.text)
    TIM_OC3FastConfig                        0x080019ef   Thumb Code    18  stm32f4xx_tim.o(.text)
    TIM_OC4FastConfig                        0x08001a01   Thumb Code    26  stm32f4xx_tim.o(.text)
    TIM_ClearOC1Ref                          0x08001a1b   Thumb Code    18  stm32f4xx_tim.o(.text)
    TIM_ClearOC2Ref                          0x08001a2d   Thumb Code    24  stm32f4xx_tim.o(.text)
    TIM_ClearOC3Ref                          0x08001a45   Thumb Code    18  stm32f4xx_tim.o(.text)
    TIM_ClearOC4Ref                          0x08001a57   Thumb Code    24  stm32f4xx_tim.o(.text)
    TIM_OC1PolarityConfig                    0x08001a6f   Thumb Code    18  stm32f4xx_tim.o(.text)
    TIM_OC1NPolarityConfig                   0x08001a81   Thumb Code    18  stm32f4xx_tim.o(.text)
    TIM_OC2PolarityConfig                    0x08001a93   Thumb Code    26  stm32f4xx_tim.o(.text)
    TIM_OC2NPolarityConfig                   0x08001aad   Thumb Code    26  stm32f4xx_tim.o(.text)
    TIM_OC3PolarityConfig                    0x08001ac7   Thumb Code    26  stm32f4xx_tim.o(.text)
    TIM_OC3NPolarityConfig                   0x08001ae1   Thumb Code    26  stm32f4xx_tim.o(.text)
    TIM_OC4PolarityConfig                    0x08001afb   Thumb Code    26  stm32f4xx_tim.o(.text)
    TIM_CCxCmd                               0x08001b15   Thumb Code    30  stm32f4xx_tim.o(.text)
    TIM_CCxNCmd                              0x08001b33   Thumb Code    30  stm32f4xx_tim.o(.text)
    TIM_SetIC4Prescaler                      0x08001b51   Thumb Code    26  stm32f4xx_tim.o(.text)
    TIM_SetIC3Prescaler                      0x08001bbb   Thumb Code    18  stm32f4xx_tim.o(.text)
    TIM_SetIC2Prescaler                      0x08001c15   Thumb Code    26  stm32f4xx_tim.o(.text)
    TIM_SetIC1Prescaler                      0x08001c89   Thumb Code    18  stm32f4xx_tim.o(.text)
    TIM_ICInit                               0x08001cd5   Thumb Code   110  stm32f4xx_tim.o(.text)
    TIM_ICStructInit                         0x08001d43   Thumb Code    18  stm32f4xx_tim.o(.text)
    TIM_PWMIConfig                           0x08001d55   Thumb Code   124  stm32f4xx_tim.o(.text)
    TIM_GetCapture1                          0x08001dd1   Thumb Code     6  stm32f4xx_tim.o(.text)
    TIM_GetCapture2                          0x08001dd7   Thumb Code     6  stm32f4xx_tim.o(.text)
    TIM_GetCapture3                          0x08001ddd   Thumb Code     6  stm32f4xx_tim.o(.text)
    TIM_GetCapture4                          0x08001de3   Thumb Code     6  stm32f4xx_tim.o(.text)
    TIM_BDTRConfig                           0x08001de9   Thumb Code    32  stm32f4xx_tim.o(.text)
    TIM_BDTRStructInit                       0x08001e09   Thumb Code    18  stm32f4xx_tim.o(.text)
    TIM_CtrlPWMOutputs                       0x08001e1b   Thumb Code    30  stm32f4xx_tim.o(.text)
    TIM_SelectCOM                            0x08001e39   Thumb Code    24  stm32f4xx_tim.o(.text)
    TIM_CCPreloadControl                     0x08001e51   Thumb Code    24  stm32f4xx_tim.o(.text)
    TIM_ITConfig                             0x08001e69   Thumb Code    18  stm32f4xx_tim.o(.text)
    TIM_GenerateEvent                        0x08001e7b   Thumb Code     4  stm32f4xx_tim.o(.text)
    TIM_GetFlagStatus                        0x08001e7f   Thumb Code    18  stm32f4xx_tim.o(.text)
    TIM_ClearFlag                            0x08001e91   Thumb Code     6  stm32f4xx_tim.o(.text)
    TIM_GetITStatus                          0x08001e97   Thumb Code    34  stm32f4xx_tim.o(.text)
    TIM_ClearITPendingBit                    0x08001eb9   Thumb Code     6  stm32f4xx_tim.o(.text)
    TIM_DMAConfig                            0x08001ebf   Thumb Code    10  stm32f4xx_tim.o(.text)
    TIM_DMACmd                               0x08001ec9   Thumb Code    18  stm32f4xx_tim.o(.text)
    TIM_SelectCCDMA                          0x08001edb   Thumb Code    24  stm32f4xx_tim.o(.text)
    TIM_InternalClockConfig                  0x08001ef3   Thumb Code    12  stm32f4xx_tim.o(.text)
    TIM_SelectInputTrigger                   0x08001eff   Thumb Code    18  stm32f4xx_tim.o(.text)
    TIM_ITRxExternalClockConfig              0x08001f11   Thumb Code    24  stm32f4xx_tim.o(.text)
    TIM_TIxExternalClockConfig               0x08001f29   Thumb Code    62  stm32f4xx_tim.o(.text)
    TIM_ETRConfig                            0x08001f67   Thumb Code    28  stm32f4xx_tim.o(.text)
    TIM_ETRClockMode1Config                  0x08001f83   Thumb Code    54  stm32f4xx_tim.o(.text)
    TIM_ETRClockMode2Config                  0x08001fb9   Thumb Code    32  stm32f4xx_tim.o(.text)
    TIM_SelectOutputTrigger                  0x08001fd9   Thumb Code    18  stm32f4xx_tim.o(.text)
    TIM_SelectSlaveMode                      0x08001feb   Thumb Code    18  stm32f4xx_tim.o(.text)
    TIM_SelectMasterSlaveMode                0x08001ffd   Thumb Code    18  stm32f4xx_tim.o(.text)
    TIM_EncoderInterfaceConfig               0x0800200f   Thumb Code    66  stm32f4xx_tim.o(.text)
    TIM_SelectHallSensor                     0x08002051   Thumb Code    24  stm32f4xx_tim.o(.text)
    TIM_RemapConfig                          0x08002069   Thumb Code     6  stm32f4xx_tim.o(.text)
    CC2500_TIMEOUT_UserCallback              0x08002071   Thumb Code     4  smartrf_cc2500.o(.text)
    CC2500_WriteRegister                     0x08002111   Thumb Code    80  smartrf_cc2500.o(.text)
    CC2500_WriteCommand                      0x08002161   Thumb Code    68  smartrf_cc2500.o(.text)
    CC2500_SRES_CMD                          0x080021a5   Thumb Code    54  smartrf_cc2500.o(.text)
    CC2500_Default_Init                      0x080022dd   Thumb Code   306  smartrf_cc2500.o(.text)
    CC2500_SCAL_CMD                          0x0800240f   Thumb Code    14  smartrf_cc2500.o(.text)
    CC2500_SFRX_CMD                          0x0800241d   Thumb Code    14  smartrf_cc2500.o(.text)
    CC2500_SRX_CMD                           0x0800242b   Thumb Code    14  smartrf_cc2500.o(.text)
    CC2500_STX_CMD                           0x08002439   Thumb Code    14  smartrf_cc2500.o(.text)
    CC2500_SIDLE_CMD                         0x08002447   Thumb Code    30  smartrf_cc2500.o(.text)
    CC2500_SNOP_CMD                          0x08002465   Thumb Code    14  smartrf_cc2500.o(.text)
    CC2500_ReadRegister                      0x08002473   Thumb Code    90  smartrf_cc2500.o(.text)
    CC2500_Write_TXFIFO                      0x080024cd   Thumb Code    18  smartrf_cc2500.o(.text)
    CC2500_Read_RXFIFO                       0x080024df   Thumb Code    18  smartrf_cc2500.o(.text)
    CC2500_EXTI_Init                         0x080024f1   Thumb Code    74  smartrf_cc2500.o(.text)
    getRxBufferSize                          0x0800253b   Thumb Code    14  smartrf_cc2500.o(.text)
    getTxBufferSize                          0x08002549   Thumb Code    14  smartrf_cc2500.o(.text)
    isRxMode                                 0x08002557   Thumb Code    24  smartrf_cc2500.o(.text)
    isTxMode                                 0x0800256f   Thumb Code    24  smartrf_cc2500.o(.text)
    isIdleMode                               0x08002587   Thumb Code    22  smartrf_cc2500.o(.text)
    isRXOFMode                               0x0800259d   Thumb Code    24  smartrf_cc2500.o(.text)
    clearRxBuffer                            0x080025b9   Thumb Code    30  wirelesstransmitter.o(.text)
    wireless_Receiver_Thread_Create          0x080025d7   Thumb Code    20  wirelesstransmitter.o(.text)
    wireless_Receiver_Thread                 0x080025eb   Thumb Code   310  wirelesstransmitter.o(.text)
    wireless_send                            0x08002721   Thumb Code   100  wirelesstransmitter.o(.text)
    EXTI4_IRQHandler                         0x08002785   Thumb Code    32  wirelesstransmitter.o(.text)
    fputc                                    0x08002857   Thumb Code    14  fputc_debug.o(.text)
    _ttywrch                                 0x08002865   Thumb Code    12  fputc_debug.o(.text)
    _sys_exit                                0x08002871   Thumb Code     4  fputc_debug.o(.text)
    servo_motor_gpio_init                    0x08002879   Thumb Code    78  servo_motor.o(.text)
    servo_motor_tim_init                     0x080028c7   Thumb Code   120  servo_motor.o(.text)
    servo_motor_init                         0x0800293f   Thumb Code    12  servo_motor.o(.text)
    servo_motor_update_roll                  0x0800294b   Thumb Code   114  servo_motor.o(.text)
    servo_motor_update_pitch                 0x080029bd   Thumb Code   114  servo_motor.o(.text)
    __aeabi_dadd                             0x08002a51   Thumb Code   322  dadd.o(.text)
    __aeabi_dsub                             0x08002b93   Thumb Code     6  dadd.o(.text)
    __aeabi_drsub                            0x08002b99   Thumb Code     6  dadd.o(.text)
    __aeabi_d2uiz                            0x08002b9f   Thumb Code    50  dfixui.o(.text)
    __aeabi_f2d                              0x08002bd1   Thumb Code    38  f2d.o(.text)
    __aeabi_uidiv                            0x08002bf7   Thumb Code     0  uidiv.o(.text)
    __aeabi_uidivmod                         0x08002bf7   Thumb Code    44  uidiv.o(.text)
    __aeabi_uldivmod                         0x08002c23   Thumb Code    98  uldiv.o(.text)
    __aeabi_llsl                             0x08002c85   Thumb Code    30  llshl.o(.text)
    _ll_shift_l                              0x08002c85   Thumb Code     0  llshl.o(.text)
    __aeabi_llsr                             0x08002ca3   Thumb Code    32  llushr.o(.text)
    _ll_ushift_r                             0x08002ca3   Thumb Code     0  llushr.o(.text)
    __aeabi_lasr                             0x08002cc3   Thumb Code    36  llsshr.o(.text)
    _ll_sshift_r                             0x08002cc3   Thumb Code     0  llsshr.o(.text)
    __I$use$fp                               0x08002ce7   Thumb Code     0  iusefp.o(.text)
    _double_round                            0x08002ce7   Thumb Code    26  depilogue.o(.text)
    _double_epilogue                         0x08002d01   Thumb Code   164  depilogue.o(.text)
    __aeabi_dmul                             0x08002da5   Thumb Code   228  dmul.o(.text)
    __aeabi_ddiv                             0x08002e89   Thumb Code   222  ddiv.o(.text)
    _drnd                                    0x08002f69   Thumb Code   132  drnd.o(.text)
    __aeabi_d2ulz                            0x08002ff1   Thumb Code    48  dfixul.o(.text)
    __aeabi_cdcmpeq                          0x08003021   Thumb Code     0  cdcmple.o(.text)
    __aeabi_cdcmple                          0x08003021   Thumb Code    38  cdcmple.o(.text)
    __aeabi_cdrcmple                         0x08003049   Thumb Code    38  cdrcmple.o(.text)
    __scatterload                            0x08003071   Thumb Code    28  init.o(.text)
    __scatterload_rt2                        0x08003071   Thumb Code     0  init.o(.text)
    SVC_Count                                0x08003094   Data           4  SVC_Table.o(SVC_TABLE)
    SVC_Table                                0x08003098   Data           0  SVC_Table.o(SVC_TABLE)
    __0printf                                0x08003099   Thumb Code    22  printfa.o(i.__0printf)
    __1printf                                0x08003099   Thumb Code     0  printfa.o(i.__0printf)
    __2printf                                0x08003099   Thumb Code     0  printfa.o(i.__0printf)
    __c89printf                              0x08003099   Thumb Code     0  printfa.o(i.__0printf)
    printf                                   0x08003099   Thumb Code     0  printfa.o(i.__0printf)
    __hardfp_round                           0x080030b9   Thumb Code   194  round.o(i.__hardfp_round)
    __scatterload_copy                       0x08003199   Thumb Code    14  handlers.o(i.__scatterload_copy)
    __scatterload_null                       0x080031a7   Thumb Code     2  handlers.o(i.__scatterload_null)
    __scatterload_zeroinit                   0x080031a9   Thumb Code    14  handlers.o(i.__scatterload_zeroinit)
    _init_box                                0x08003315   Thumb Code    70  rt_membox.o(i._init_box)
    dbg_init                                 0x08003aa5   Thumb Code    34  hal_cm.o(i.dbg_init)
    dbg_task_notify                          0x08003ad5   Thumb Code    32  hal_cm.o(i.dbg_task_notify)
    dbg_task_switch                          0x08003af5   Thumb Code    16  hal_cm.o(i.dbg_task_switch)
    isr_evt_set                              0x08003b31   Thumb Code    34  rt_event.o(i.isr_evt_set)
    isr_mbx_receive                          0x08003b59   Thumb Code    80  rt_mailbox.o(i.isr_mbx_receive)
    isr_mbx_send                             0x08003ba9   Thumb Code    14  rt_mailbox.o(i.isr_mbx_send)
    osDelay                                  0x08003bb9   Thumb Code    18  rt_cmsis.o(i.osDelay)
    osKernelStart                            0x08003bd1   Thumb Code    94  rt_cmsis.o(i.osKernelStart)
    osMessageGet                             0x08003c39   Thumb Code    64  rt_cmsis.o(i.osMessageGet)
    osSignalSet                              0x08003c7d   Thumb Code    48  rt_cmsis.o(i.osSignalSet)
    osSignalWait                             0x08003cb1   Thumb Code    18  rt_cmsis.o(i.osSignalWait)
    osThreadCreate                           0x08003cc9   Thumb Code    18  rt_cmsis.o(i.osThreadCreate)
    osThreadExit                             0x08003ce1   Thumb Code    14  rt_cmsis.o(i.osThreadExit)
    osTimerCall                              0x08003cf9   Thumb Code     8  rt_cmsis.o(i.osTimerCall)
    osTimerThread                            0x08003d05   Thumb Code    38  rt_cmsis.o(i.osTimerThread)
    rt_alloc_box                             0x08003d31   Thumb Code    28  rt_membox.o(i.rt_alloc_box)
    rt_alloc_mem                             0x08003d4d   Thumb Code    60  rt_memory.o(i.rt_alloc_mem)
    rt_block                                 0x08003d89   Thumb Code    48  rt_task.o(i.rt_block)
    rt_chk_robin                             0x08003dc1   Thumb Code    58  rt_robin.o(i.rt_chk_robin)
    rt_dec_dly                               0x08003e09   Thumb Code   102  rt_list.o(i.rt_dec_dly)
    rt_dispatch                              0x08003e79   Thumb Code    60  rt_task.o(i.rt_dispatch)
    rt_dly_wait                              0x08003ebd   Thumb Code     6  rt_time.o(i.rt_dly_wait)
    rt_evt_psh                               0x08003ec5   Thumb Code    76  rt_event.o(i.rt_evt_psh)
    rt_evt_set                               0x08003f15   Thumb Code    88  rt_event.o(i.rt_evt_set)
    rt_evt_wait                              0x08003f71   Thumb Code    58  rt_event.o(i.rt_evt_wait)
    rt_free_box                              0x08003fb1   Thumb Code    32  rt_membox.o(i.rt_free_box)
    rt_free_mem                              0x08003fd1   Thumb Code    40  rt_memory.o(i.rt_free_mem)
    rt_get_first                             0x08003ff9   Thumb Code    40  rt_list.o(i.rt_get_first)
    rt_init_mem                              0x08004069   Thumb Code    26  rt_memory.o(i.rt_init_mem)
    rt_init_robin                            0x08004085   Thumb Code    14  rt_robin.o(i.rt_init_robin)
    rt_init_stack                            0x0800409d   Thumb Code    70  hal_cm.o(i.rt_init_stack)
    rt_mbx_check                             0x080040ed   Thumb Code     8  rt_mailbox.o(i.rt_mbx_check)
    rt_mbx_init                              0x080040f5   Thumb Code    26  rt_mailbox.o(i.rt_mbx_init)
    rt_mbx_psh                               0x08004111   Thumb Code   248  rt_mailbox.o(i.rt_mbx_psh)
    rt_mbx_wait                              0x0800420d   Thumb Code   174  rt_mailbox.o(i.rt_mbx_wait)
    rt_pop_req                               0x080042fd   Thumb Code   106  rt_system.o(i.rt_pop_req)
    rt_psh_req                               0x08004375   Thumb Code    22  rt_system.o(i.rt_psh_req)
    rt_psq_enq                               0x08004395   Thumb Code    82  rt_list.o(i.rt_psq_enq)
    rt_put_dly                               0x080043ed   Thumb Code    88  rt_list.o(i.rt_put_dly)
    rt_put_prio                              0x08004449   Thumb Code    56  rt_list.o(i.rt_put_prio)
    rt_put_rdy_first                         0x08004481   Thumb Code    14  rt_list.o(i.rt_put_rdy_first)
    rt_ret_val                               0x080044a5   Thumb Code    12  hal_cm.o(i.rt_ret_val)
    rt_ret_val2                              0x080044b1   Thumb Code    16  hal_cm.o(i.rt_ret_val2)
    rt_rmv_dly                               0x080044c1   Thumb Code    40  rt_list.o(i.rt_rmv_dly)
    rt_rmv_list                              0x080044e9   Thumb Code    44  rt_list.o(i.rt_rmv_list)
    rt_sem_psh                               0x08004519   Thumb Code    48  rt_semaphore.o(i.rt_sem_psh)
    rt_stk_check                             0x0800454d   Thumb Code    28  rt_system.o(i.rt_stk_check)
    rt_switch_req                            0x08004571   Thumb Code    30  rt_task.o(i.rt_switch_req)
    rt_sys_init                              0x08004599   Thumb Code   242  rt_task.o(i.rt_sys_init)
    rt_systick                               0x080046d9   Thumb Code    48  rt_system.o(i.rt_systick)
    rt_tsk_create                            0x08004765   Thumb Code   112  rt_task.o(i.rt_tsk_create)
    rt_tsk_delete                            0x080047e5   Thumb Code   146  rt_task.o(i.rt_tsk_delete)
    rt_tsk_self                              0x08004891   Thumb Code    12  rt_task.o(i.rt_tsk_self)
    svcDelay                                 0x080048a1   Thumb Code    20  rt_cmsis.o(i.svcDelay)
    svcKernelStart                           0x080048b5   Thumb Code   174  rt_cmsis.o(i.svcKernelStart)
    svcMessageCreate                         0x08004989   Thumb Code    36  rt_cmsis.o(i.svcMessageCreate)
    svcMessageGet                            0x080049ad   Thumb Code    58  rt_cmsis.o(i.svcMessageGet)
    svcSignalSet                             0x080049e7   Thumb Code    36  rt_cmsis.o(i.svcSignalSet)
    svcSignalWait                            0x08004a0d   Thumb Code    80  rt_cmsis.o(i.svcSignalWait)
    svcThreadCreate                          0x08004a61   Thumb Code   100  rt_cmsis.o(i.svcThreadCreate)
    svcThreadGetId                           0x08004ad1   Thumb Code    22  rt_cmsis.o(i.svcThreadGetId)
    svcThreadTerminate                       0x08004aed   Thumb Code    52  rt_cmsis.o(i.svcThreadTerminate)
    svcTimerCall                             0x08004b25   Thumb Code    24  rt_cmsis.o(i.svcTimerCall)
    sysTimerTick                             0x08004b3d   Thumb Code    76  rt_cmsis.o(i.sysTimerTick)
    os_maxtaskrun                            0x08004b90   Data           2  rtx_conf_cm.o(.constdata)
    os_stackinfo                             0x08004b94   Data           4  rtx_conf_cm.o(.constdata)
    os_rrobin                                0x08004b98   Data           4  rtx_conf_cm.o(.constdata)
    os_trv                                   0x08004b9c   Data           4  rtx_conf_cm.o(.constdata)
    os_flags                                 0x08004ba0   Data           1  rtx_conf_cm.o(.constdata)
    os_clockrate                             0x08004ba4   Data           4  rtx_conf_cm.o(.constdata)
    os_timernum                              0x08004ba8   Data           4  rtx_conf_cm.o(.constdata)
    mp_tcb_size                              0x08004bac   Data           2  rtx_conf_cm.o(.constdata)
    mp_stk_size                              0x08004bb0   Data           4  rtx_conf_cm.o(.constdata)
    os_stack_sz                              0x08004bb4   Data           4  rtx_conf_cm.o(.constdata)
    os_fifo_size                             0x08004bb8   Data           1  rtx_conf_cm.o(.constdata)
    os_thread_def_osTimerThread              0x08004bbc   Data          16  rtx_conf_cm.o(.constdata)
    os_messageQ_def_osTimerMessageQ          0x08004bcc   Data           8  rtx_conf_cm.o(.constdata)
    mp_tmr_size                              0x08004bd4   Data           2  rtx_conf_cm.o(.constdata)
    os_thread_def_main                       0x08004bd8   Data          16  rtx_conf_cm.o(.constdata)
    os_thread_def_wireless_Receiver_Thread   0x08004be8   Data          16  wirelesstransmitter.o(.constdata)
    Region$$Table$$Base                      0x08004bf8   Number         0  anon$$obj.o(Region$$Table)
    Region$$Table$$Limit                     0x08004c28   Number         0  anon$$obj.o(Region$$Table)
    mp_tcb                                   0x10000000   Data         348  rtx_conf_cm.o(.bss)
    mp_stk                                   0x10000160   Data        4816  rtx_conf_cm.o(.bss)
    os_stack_mem                             0x10001430   Data        1632  rtx_conf_cm.o(.bss)
    os_fifo                                  0x10001a90   Data         132  rtx_conf_cm.o(.bss)
    os_active_TCB                            0x10001b14   Data          28  rtx_conf_cm.o(.bss)
    os_messageQ_q_osTimerMessageQ            0x10001b30   Data          32  rtx_conf_cm.o(.bss)
    SystemCoreClock                          0x20000000   Data           4  system_stm32f4xx.o(.data)
    AHBPrescTable                            0x20000004   Data          16  system_stm32f4xx.o(.data)
    os_tmr                                   0x20000014   Data           4  rtx_conf_cm.o(.data)
    m_tmr                                    0x20000018   Data           4  rtx_conf_cm.o(.data)
    osThreadId_osTimerThread                 0x2000001c   Data           4  rtx_conf_cm.o(.data)
    osMessageQId_osTimerMessageQ             0x20000020   Data           4  rtx_conf_cm.o(.data)
    CC2500Timeout                            0x20000034   Data           4  smartrf_cc2500.o(.data)
    wireless_Receiver_thread_id              0x20000038   Data           4  wirelesstransmitter.o(.data)
    __stdout                                 0x2000003c   Data           4  fputc_debug.o(.data)
    __stdin                                  0x20000040   Data           4  fputc_debug.o(.data)
    os_timer_head                            0x20000044   Data           4  rt_cmsis.o(.data)
    os_tsk                                   0x20000048   Data           8  rt_task.o(.data)
    os_time                                  0x20000054   Data           2  rt_time.o(.data)
    dbg_msg                                  0x20000056   Data           1  hal_cm.o(.data)
    os_robin                                 0x20000058   Data           8  rt_robin.o(.data)
    TIM_OCInitStructure                      0x20000060   Data          20  servo_motor.o(.bss)
    os_idle_TCB                              0x20000074   Data          48  rt_task.o(.bss)
    os_rdy                                   0x200000a4   Data          24  rt_list.o(.bss)
    os_dly                                   0x200000bc   Data          24  rt_list.o(.bss)
    __initial_sp                             0x200004d8   Data           0  startup_stm32f4xx.o(STACK)



==============================================================================

Memory Map of the image

  Image Entry point : 0x08000189

  Load Region LR_IROM1 (Base: 0x08000000, Size: 0x00004c88, Max: 0x00100000, ABSOLUTE)

    Execution Region ER_IROM1 (Base: 0x08000000, Size: 0x00004c28, Max: 0x00100000, ABSOLUTE)

    Base Addr    Size         Type   Attr      Idx    E Section Name        Object

    0x08000000   0x00000188   Data   RO          132    RESET               startup_stm32f4xx.o
    0x08000188   0x00000000   Code   RO         2146  * .ARM.Collect$$$$00000000  mc_w.l(entry.o)
    0x08000188   0x00000004   Code   RO         2416    .ARM.Collect$$$$00000001  mc_w.l(entry2.o)
    0x0800018c   0x00000004   Code   RO         2419    .ARM.Collect$$$$00000004  mc_w.l(entry5.o)
    0x08000190   0x00000000   Code   RO         2421    .ARM.Collect$$$$00000008  mc_w.l(entry7b.o)
    0x08000190   0x00000000   Code   RO         2423    .ARM.Collect$$$$0000000A  mc_w.l(entry8b.o)
    0x08000190   0x00000000   Code   RO         2424    .ARM.Collect$$$$0000000D  mc_w.l(entry10a.o)
    0x08000190   0x00000000   Code   RO         2426    .ARM.Collect$$$$0000000F  mc_w.l(entry11a.o)
    0x08000190   0x00000010   Code   RO          137    .ARM.Collect$$$$000000FF  rtx_conf_cm.o
    0x080001a0   0x00000004   Code   RO         2417    .ARM.Collect$$$$00002712  mc_w.l(entry2.o)
    0x080001a4   0x00000174   Code   RO         2129    .emb_text           RTX_CM4.lib(hal_cm4.o)
    0x08000318   0x0000020c   Code   RO            3    .text               system_stm32f4xx.o
    0x08000524   0x00000024   Code   RO          133    .text               startup_stm32f4xx.o
    0x08000548   0x00000008   Code   RO          138    .text               rtx_conf_cm.o
    0x08000550   0x00000016   Code   RO          171    .text               main.o
    0x08000566   0x00000002   PAD
    0x08000568   0x000000e4   Code   RO          224    .text               misc.o
    0x0800064c   0x0000011c   Code   RO          563    .text               stm32f4xx_exti.o
    0x08000768   0x0000025c   Code   RO          632    .text               stm32f4xx_gpio.o
    0x080009c4   0x00000588   Code   RO          781    .text               stm32f4xx_rcc.o
    0x08000f4c   0x000003f4   Code   RO          872    .text               stm32f4xx_spi.o
    0x08001340   0x0000008c   Code   RO          895    .text               stm32f4xx_syscfg.o
    0x080013cc   0x00000ca2   Code   RO          915    .text               stm32f4xx_tim.o
    0x0800206e   0x00000002   PAD
    0x08002070   0x00000548   Code   RO          981    .text               smartrf_cc2500.o
    0x080025b8   0x00000274   Code   RO         1007    .text               wirelesstransmitter.o
    0x0800282c   0x0000004c   Code   RO         1041    .text               fputc_debug.o
    0x08002878   0x000001d8   Code   RO         1075    .text               servo_motor.o
    0x08002a50   0x0000014e   Code   RO         2410    .text               mf_w.l(dadd.o)
    0x08002b9e   0x00000032   Code   RO         2412    .text               mf_w.l(dfixui.o)
    0x08002bd0   0x00000026   Code   RO         2414    .text               mf_w.l(f2d.o)
    0x08002bf6   0x0000002c   Code   RO         2428    .text               mc_w.l(uidiv.o)
    0x08002c22   0x00000062   Code   RO         2430    .text               mc_w.l(uldiv.o)
    0x08002c84   0x0000001e   Code   RO         2432    .text               mc_w.l(llshl.o)
    0x08002ca2   0x00000020   Code   RO         2434    .text               mc_w.l(llushr.o)
    0x08002cc2   0x00000024   Code   RO         2436    .text               mc_w.l(llsshr.o)
    0x08002ce6   0x00000000   Code   RO         2438    .text               mc_w.l(iusefp.o)
    0x08002ce6   0x000000be   Code   RO         2439    .text               mf_w.l(depilogue.o)
    0x08002da4   0x000000e4   Code   RO         2441    .text               mf_w.l(dmul.o)
    0x08002e88   0x000000de   Code   RO         2443    .text               mf_w.l(ddiv.o)
    0x08002f66   0x00000002   PAD
    0x08002f68   0x00000088   Code   RO         2445    .text               mf_w.l(drnd.o)
    0x08002ff0   0x00000030   Code   RO         2447    .text               mf_w.l(dfixul.o)
    0x08003020   0x00000028   Code   RO         2449    .text               mf_w.l(cdcmple.o)
    0x08003048   0x00000028   Code   RO         2451    .text               mf_w.l(cdrcmple.o)
    0x08003070   0x00000024   Code   RO         2453    .text               mc_w.l(init.o)
    0x08003094   0x00000004   Code   RO         2139    SVC_TABLE           RTX_CM4.lib(SVC_Table.o)
    0x08003098   0x00000020   Code   RO         2382    i.__0printf         mc_w.l(printfa.o)
    0x080030b8   0x000000e0   Code   RO         2142    i.__hardfp_round    m_wm.l(round.o)
    0x08003198   0x0000000e   Code   RO         2457    i.__scatterload_copy  mc_w.l(handlers.o)
    0x080031a6   0x00000002   Code   RO         2458    i.__scatterload_null  mc_w.l(handlers.o)
    0x080031a8   0x0000000e   Code   RO         2459    i.__scatterload_zeroinit  mc_w.l(handlers.o)
    0x080031b6   0x00000002   PAD
    0x080031b8   0x0000015c   Code   RO         2389    i._fp_digits        mc_w.l(printfa.o)
    0x08003314   0x00000046   Code   RO         2002    i._init_box         RTX_CM4.lib(rt_membox.o)
    0x0800335a   0x00000002   PAD
    0x0800335c   0x000006f0   Code   RO         2390    i._printf_core      mc_w.l(printfa.o)
    0x08003a4c   0x00000026   Code   RO         2391    i._printf_post_padding  mc_w.l(printfa.o)
    0x08003a72   0x00000030   Code   RO         2392    i._printf_pre_padding  mc_w.l(printfa.o)
    0x08003aa2   0x00000002   PAD
    0x08003aa4   0x00000030   Code   RO         2055    i.dbg_init          RTX_CM4.lib(hal_cm.o)
    0x08003ad4   0x00000020   Code   RO         2056    i.dbg_task_notify   RTX_CM4.lib(hal_cm.o)
    0x08003af4   0x00000010   Code   RO         2057    i.dbg_task_switch   RTX_CM4.lib(hal_cm.o)
    0x08003b04   0x0000002c   Code   RO         1101    i.isrMessagePut     RTX_CM4.lib(rt_cmsis.o)
    0x08003b30   0x00000028   Code   RO         1748    i.isr_evt_set       RTX_CM4.lib(rt_event.o)
    0x08003b58   0x00000050   Code   RO         1866    i.isr_mbx_receive   RTX_CM4.lib(rt_mailbox.o)
    0x08003ba8   0x0000000e   Code   RO         1867    i.isr_mbx_send      RTX_CM4.lib(rt_mailbox.o)
    0x08003bb6   0x00000002   PAD
    0x08003bb8   0x00000018   Code   RO         1102    i.osDelay           RTX_CM4.lib(rt_cmsis.o)
    0x08003bd0   0x00000068   Code   RO         1104    i.osKernelStart     RTX_CM4.lib(rt_cmsis.o)
    0x08003c38   0x00000044   Code   RO         1112    i.osMessageGet      RTX_CM4.lib(rt_cmsis.o)
    0x08003c7c   0x00000034   Code   RO         1126    i.osSignalSet       RTX_CM4.lib(rt_cmsis.o)
    0x08003cb0   0x00000018   Code   RO         1127    i.osSignalWait      RTX_CM4.lib(rt_cmsis.o)
    0x08003cc8   0x00000018   Code   RO         1128    i.osThreadCreate    RTX_CM4.lib(rt_cmsis.o)
    0x08003ce0   0x00000018   Code   RO         1129    i.osThreadExit      RTX_CM4.lib(rt_cmsis.o)
    0x08003cf8   0x0000000c   Code   RO         1135    i.osTimerCall       RTX_CM4.lib(rt_cmsis.o)
    0x08003d04   0x0000002c   Code   RO         1139    i.osTimerThread     RTX_CM4.lib(rt_cmsis.o)
    0x08003d30   0x0000001c   Code   RO         2003    i.rt_alloc_box      RTX_CM4.lib(rt_membox.o)
    0x08003d4c   0x0000003c   Code   RO         2031    i.rt_alloc_mem      RTX_CM4.lib(rt_memory.o)
    0x08003d88   0x00000038   Code   RO         1623    i.rt_block          RTX_CM4.lib(rt_task.o)
    0x08003dc0   0x00000048   Code   RO         2108    i.rt_chk_robin      RTX_CM4.lib(rt_robin.o)
    0x08003e08   0x00000070   Code   RO         1790    i.rt_dec_dly        RTX_CM4.lib(rt_list.o)
    0x08003e78   0x00000044   Code   RO         1624    i.rt_dispatch       RTX_CM4.lib(rt_task.o)
    0x08003ebc   0x00000006   Code   RO         1950    i.rt_dly_wait       RTX_CM4.lib(rt_time.o)
    0x08003ec2   0x00000002   PAD
    0x08003ec4   0x00000050   Code   RO         1751    i.rt_evt_psh        RTX_CM4.lib(rt_event.o)
    0x08003f14   0x0000005c   Code   RO         1752    i.rt_evt_set        RTX_CM4.lib(rt_event.o)
    0x08003f70   0x00000040   Code   RO         1753    i.rt_evt_wait       RTX_CM4.lib(rt_event.o)
    0x08003fb0   0x00000020   Code   RO         2004    i.rt_free_box       RTX_CM4.lib(rt_membox.o)
    0x08003fd0   0x00000028   Code   RO         2032    i.rt_free_mem       RTX_CM4.lib(rt_memory.o)
    0x08003ff8   0x00000028   Code   RO         1791    i.rt_get_first      RTX_CM4.lib(rt_list.o)
    0x08004020   0x00000008   Code   RO         1142    i.rt_id2obj         RTX_CM4.lib(rt_cmsis.o)
    0x08004028   0x00000040   Code   RO         1625    i.rt_init_context   RTX_CM4.lib(rt_task.o)
    0x08004068   0x0000001a   Code   RO         2033    i.rt_init_mem       RTX_CM4.lib(rt_memory.o)
    0x08004082   0x00000002   PAD
    0x08004084   0x00000018   Code   RO         2109    i.rt_init_robin     RTX_CM4.lib(rt_robin.o)
    0x0800409c   0x00000050   Code   RO         2058    i.rt_init_stack     RTX_CM4.lib(hal_cm.o)
    0x080040ec   0x00000008   Code   RO         1868    i.rt_mbx_check      RTX_CM4.lib(rt_mailbox.o)
    0x080040f4   0x0000001a   Code   RO         1869    i.rt_mbx_init       RTX_CM4.lib(rt_mailbox.o)
    0x0800410e   0x00000002   PAD
    0x08004110   0x000000fc   Code   RO         1870    i.rt_mbx_psh        RTX_CM4.lib(rt_mailbox.o)
    0x0800420c   0x000000b4   Code   RO         1872    i.rt_mbx_wait       RTX_CM4.lib(rt_mailbox.o)
    0x080042c0   0x0000003c   Code   RO         1143    i.rt_ms2tick        RTX_CM4.lib(rt_cmsis.o)
    0x080042fc   0x00000078   Code   RO         1702    i.rt_pop_req        RTX_CM4.lib(rt_system.o)
    0x08004374   0x00000020   Code   RO         1703    i.rt_psh_req        RTX_CM4.lib(rt_system.o)
    0x08004394   0x00000058   Code   RO         1793    i.rt_psq_enq        RTX_CM4.lib(rt_list.o)
    0x080043ec   0x0000005c   Code   RO         1794    i.rt_put_dly        RTX_CM4.lib(rt_list.o)
    0x08004448   0x00000038   Code   RO         1795    i.rt_put_prio       RTX_CM4.lib(rt_list.o)
    0x08004480   0x00000014   Code   RO         1796    i.rt_put_rdy_first  RTX_CM4.lib(rt_list.o)
    0x08004494   0x00000010   Code   RO         2059    i.rt_ret_regs       RTX_CM4.lib(hal_cm.o)
    0x080044a4   0x0000000c   Code   RO         2060    i.rt_ret_val        RTX_CM4.lib(hal_cm.o)
    0x080044b0   0x00000010   Code   RO         2061    i.rt_ret_val2       RTX_CM4.lib(hal_cm.o)
    0x080044c0   0x00000028   Code   RO         1798    i.rt_rmv_dly        RTX_CM4.lib(rt_list.o)
    0x080044e8   0x00000030   Code   RO         1799    i.rt_rmv_list       RTX_CM4.lib(rt_list.o)
    0x08004518   0x00000034   Code   RO         1916    i.rt_sem_psh        RTX_CM4.lib(rt_semaphore.o)
    0x0800454c   0x00000024   Code   RO         1704    i.rt_stk_check      RTX_CM4.lib(rt_system.o)
    0x08004570   0x00000028   Code   RO         1626    i.rt_switch_req     RTX_CM4.lib(rt_task.o)
    0x08004598   0x00000140   Code   RO         1627    i.rt_sys_init       RTX_CM4.lib(rt_task.o)
    0x080046d8   0x0000003c   Code   RO         1705    i.rt_systick        RTX_CM4.lib(rt_system.o)
    0x08004714   0x00000012   Code   RO         1144    i.rt_tid2ptcb       RTX_CM4.lib(rt_cmsis.o)
    0x08004726   0x00000002   PAD
    0x08004728   0x0000003c   Code   RO         1145    i.rt_timer_insert   RTX_CM4.lib(rt_cmsis.o)
    0x08004764   0x00000080   Code   RO         1628    i.rt_tsk_create     RTX_CM4.lib(rt_task.o)
    0x080047e4   0x000000ac   Code   RO         1629    i.rt_tsk_delete     RTX_CM4.lib(rt_task.o)
    0x08004890   0x00000010   Code   RO         1632    i.rt_tsk_self       RTX_CM4.lib(rt_task.o)
    0x080048a0   0x00000014   Code   RO         1147    i.svcDelay          RTX_CM4.lib(rt_cmsis.o)
    0x080048b4   0x000000d4   Code   RO         1148    i.svcKernelStart    RTX_CM4.lib(rt_cmsis.o)
    0x08004988   0x00000024   Code   RO         1150    i.svcMessageCreate  RTX_CM4.lib(rt_cmsis.o)
    0x080049ac   0x0000003a   Code   RO         1151    i.svcMessageGet     RTX_CM4.lib(rt_cmsis.o)
    0x080049e6   0x00000024   Code   RO         1162    i.svcSignalSet      RTX_CM4.lib(rt_cmsis.o)
    0x08004a0a   0x00000002   PAD
    0x08004a0c   0x00000054   Code   RO         1163    i.svcSignalWait     RTX_CM4.lib(rt_cmsis.o)
    0x08004a60   0x00000070   Code   RO         1164    i.svcThreadCreate   RTX_CM4.lib(rt_cmsis.o)
    0x08004ad0   0x0000001c   Code   RO         1165    i.svcThreadGetId    RTX_CM4.lib(rt_cmsis.o)
    0x08004aec   0x00000038   Code   RO         1168    i.svcThreadTerminate  RTX_CM4.lib(rt_cmsis.o)
    0x08004b24   0x00000018   Code   RO         1170    i.svcTimerCall      RTX_CM4.lib(rt_cmsis.o)
    0x08004b3c   0x00000054   Code   RO         1178    i.sysTimerTick      RTX_CM4.lib(rt_cmsis.o)
    0x08004b90   0x00000058   Data   RO          140    .constdata          rtx_conf_cm.o
    0x08004be8   0x00000010   Data   RO         1008    .constdata          wirelesstransmitter.o
    0x08004bf8   0x00000030   Data   RO         2455    Region$$Table       anon$$obj.o


    Execution Region RW_IRAM1 (Base: 0x10000000, Size: 0x00001b50, Max: 0x0001ffff, ABSOLUTE)

    Base Addr    Size         Type   Attr      Idx    E Section Name        Object

    0x10000000   0x00001b50   Zero   RW          139    .bss                rtx_conf_cm.o


    Execution Region RW_IRAM2 (Base: 0x20000000, Size: 0x000004d8, Max: 0x0001ffff, ABSOLUTE)

    Base Addr    Size         Type   Attr      Idx    E Section Name        Object

    0x20000000   0x00000014   Data   RW            4    .data               system_stm32f4xx.o
    0x20000014   0x00000010   Data   RW          141    .data               rtx_conf_cm.o
    0x20000024   0x00000010   Data   RW          782    .data               stm32f4xx_rcc.o
    0x20000034   0x00000004   Data   RW          982    .data               smartrf_cc2500.o
    0x20000038   0x00000004   Data   RW         1009    .data               wirelesstransmitter.o
    0x2000003c   0x00000008   Data   RW         1042    .data               fputc_debug.o
    0x20000044   0x00000004   Data   RW         1179    .data               RTX_CM4.lib(rt_cmsis.o)
    0x20000048   0x00000008   Data   RW         1634    .data               RTX_CM4.lib(rt_task.o)
    0x20000050   0x00000003   Data   RW         1708    .data               RTX_CM4.lib(rt_system.o)
    0x20000053   0x00000001   PAD
    0x20000054   0x00000002   Data   RW         1953    .data               RTX_CM4.lib(rt_time.o)
    0x20000056   0x00000001   Data   RW         2062    .data               RTX_CM4.lib(hal_cm.o)
    0x20000057   0x00000001   PAD
    0x20000058   0x00000008   Data   RW         2110    .data               RTX_CM4.lib(rt_robin.o)
    0x20000060   0x00000014   Zero   RW         1076    .bss                servo_motor.o
    0x20000074   0x00000030   Zero   RW         1633    .bss                RTX_CM4.lib(rt_task.o)
    0x200000a4   0x00000030   Zero   RW         1800    .bss                RTX_CM4.lib(rt_list.o)
    0x200000d4   0x00000004   PAD
    0x200000d8   0x00000400   Zero   RW          130    STACK               startup_stm32f4xx.o


==============================================================================

Image component sizes


      Code (inc. data)   RO Data    RW Data    ZI Data      Debug   Object Name

        76          4          0          8          0       2801   fputc_debug.o
        22          0          0          0          0        451   main.o
       228         22          0          0          0      23373   misc.o
        24          6         88         16       6992       6536   rtx_conf_cm.o
       472         34          0          0         20       1717   servo_motor.o
      1352         20          0          4          0       6570   smartrf_cc2500.o
        36          8        392          0       1024        784   startup_stm32f4xx.o
       284         10          0          0          0       4803   stm32f4xx_exti.o
       604         36          0          0          0      10529   stm32f4xx_gpio.o
      1416         48          0         16          0      23959   stm32f4xx_rcc.o
      1012         22          0          0          0      14957   stm32f4xx_spi.o
       140         12          0          0          0       1699   stm32f4xx_syscfg.o
      3234         60          0          0          0      42176   stm32f4xx_tim.o
       524         44          0         20          0     231959   system_stm32f4xx.o
       628        136         16          4          0       5613   wirelesstransmitter.o

    ----------------------------------------------------------------------
     10056        462        544         68       8036     377927   Object Totals
         0          0         48          0          0          0   (incl. Generated)
         4          0          0          0          0          0   (incl. Padding)

    ----------------------------------------------------------------------

      Code (inc. data)   RO Data    RW Data    ZI Data      Debug   Library Member Name

         4          4          0          0          0        132   SVC_Table.o
       220         24          0          1          0       3876   hal_cm.o
       372         32          0          0          0        616   hal_cm4.o
      1316        142          0          4          0      29767   rt_cmsis.o
       276         20          0          0          0       2550   rt_event.o
       496         30          0          0         48       6636   rt_list.o
       560         10          0          0          0       3829   rt_mailbox.o
       130          0          0          0          0       1837   rt_membox.o
       126          0          0          0          0       2159   rt_memory.o
        96         24          0          8          0       1042   rt_robin.o
        52          4          0          0          0        557   rt_semaphore.o
       248         44          0          3          0       2066   rt_system.o
       864        154          0          8         48       7224   rt_task.o
         6          0          0          2          0        572   rt_time.o
       224         30          0          0          0        172   round.o
         0          0          0          0          0          0   entry.o
         0          0          0          0          0          0   entry10a.o
         0          0          0          0          0          0   entry11a.o
         8          4          0          0          0          0   entry2.o
         4          0          0          0          0          0   entry5.o
         0          0          0          0          0          0   entry7b.o
         0          0          0          0          0          0   entry8b.o
        30          0          0          0          0          0   handlers.o
        36          8          0          0          0         68   init.o
         0          0          0          0          0          0   iusefp.o
        30          0          0          0          0         68   llshl.o
        36          0          0          0          0         68   llsshr.o
        32          0          0          0          0         68   llushr.o
      2242         90          0          0          0        444   printfa.o
        44          0          0          0          0         80   uidiv.o
        98          0          0          0          0         92   uldiv.o
        40          2          0          0          0         68   cdcmple.o
        40          2          0          0          0         68   cdrcmple.o
       334          0          0          0          0        148   dadd.o
       222          0          0          0          0        100   ddiv.o
       190          0          0          0          0        176   depilogue.o
        50          0          0          0          0         76   dfixui.o
        48          0          0          0          0         68   dfixul.o
       228          0          0          0          0         96   dmul.o
       136          4          0          0          0         92   drnd.o
        38          0          0          0          0         68   f2d.o

    ----------------------------------------------------------------------
      8896        628          0         28        100      64883   Library Totals
        20          0          0          2          4          0   (incl. Padding)

    ----------------------------------------------------------------------

      Code (inc. data)   RO Data    RW Data    ZI Data      Debug   Library Name

      4766        488          0         26         96      62863   RTX_CM4.lib
       224         30          0          0          0        172   m_wm.l
      2560        102          0          0          0        888   mc_w.l
      1326          8          0          0          0        960   mf_w.l

    ----------------------------------------------------------------------
      8896        628          0         28        100      64883   Library Totals

    ----------------------------------------------------------------------

==============================================================================


      Code (inc. data)   RO Data    RW Data    ZI Data      Debug   

     18952       1090        544         96       8136     431874   Grand Totals
     18952       1090        544         96       8136     431874   ELF Image Totals
     18952       1090        544         96          0          0   ROM Totals

==============================================================================

    Total RO  Size (Code + RO Data)                19496 (  19.04kB)
    Total RW  Size (RW Data + ZI Data)              8232 (   8.04kB)
    Total ROM Size (Code + RO Data + RW Data)      19592 (  19.13kB)

==============================================================================

