<html>
<body>
<pre>
<h1>µVision Build Log</h1>
<h2>Project:</h2>
P:\microp\lab1\lab1.uvproj
Project File Date:  01/22/2014

<h2>Output:</h2>
Build target 'Target 1'
assembling startup_stm32f4xx.s...
linking...
.\obj\lab1.axf: Warning: L6665W: Neither Lib$$Request$$armlib Lib$$Request$$cpplib defined, not searching ARM libraries.
.\obj\lab1.axf: Error: L6411E: No compatible library exists with a definition of startup symbol __main.
Target not created
Build target 'Target 1'
assembling startup_stm32f4xx.s...
linking...
.\obj\lab1.axf: Warning: L6665W: Neither Lib$$Request$$armlib Lib$$Request$$cpplib defined, not searching ARM libraries.
.\obj\lab1.axf: Error: L6218E: Undefined symbol __use_two_region_memory (referred from startup_stm32f4xx.o).
Target not created
Rebuild target 'Target 1'
assembling startup_stm32f4xx.s...
linking...
.\obj\lab1.axf: Warning: L6665W: Neither Lib$$Request$$armlib Lib$$Request$$cpplib defined, not searching ARM libraries.
.\obj\lab1.axf: Error: L6218E: Undefined symbol __use_two_region_memory (referred from startup_stm32f4xx.o).
Target not created
Rebuild target 'Target 1'
assembling startup_stm32f4xx.s...
linking...
.\obj\lab1.axf: Warning: L6665W: Neither Lib$$Request$$armlib Lib$$Request$$cpplib defined, not searching ARM libraries.
.\obj\lab1.axf: Error: L6218E: Undefined symbol __use_two_region_memory (referred from startup_stm32f4xx.o).
Target not created
Rebuild target 'Target 1'
assembling startup_stm32f4xx.s...
linking...
.\obj\lab1.axf: Warning: L6665W: Neither Lib$$Request$$armlib Lib$$Request$$cpplib defined, not searching ARM libraries.
.\obj\lab1.axf: Error: L6218E: Undefined symbol __use_two_region_memory (referred from startup_stm32f4xx.o).
Target not created
Rebuild target 'Target 1'
assembling startup_stm32f4xx.s...
linking...
.\obj\lab1.axf: Warning: L6305W: Image does not have an entry point. (Not specified or not set due to multiple choices.)
.\obj\lab1.sct(8): warning: L6314W: No section matches pattern *(InRoot$$Sections).
Program Size: Code=72 RO-data=392 RW-data=0 ZI-data=1536  
".\obj\lab1.axf" - 0 Error(s), 2 Warning(s).
Rebuild target 'Target 1'
assembling startup_stm32f4xx.s...
linking...
.\obj\lab1.axf: Warning: L6305W: Image does not have an entry point. (Not specified or not set due to multiple choices.)
.\obj\lab1.sct(8): warning: L6314W: No section matches pattern *(InRoot$$Sections).
Program Size: Code=72 RO-data=392 RW-data=0 ZI-data=1536  
".\obj\lab1.axf" - 0 Error(s), 2 Warning(s).
