ARM Linker, 5.03 [Build 69] [MDK-ARM Standard]

==============================================================================

Section Cross References

    system_stm32f4xx.o(.text) refers to system_stm32f4xx.o(.data) for SystemCoreClock
    startup_stm32f4xx.o(RESET) refers to startup_stm32f4xx.o(STACK) for __initial_sp
    startup_stm32f4xx.o(RESET) refers to startup_stm32f4xx.o(.text) for Reset_Handler
    startup_stm32f4xx.o(RESET) refers to hal_cm4.o(.emb_text) for SVC_Handler
    startup_stm32f4xx.o(RESET) refers to push_button.o(.text) for EXTI0_IRQHandler
    startup_stm32f4xx.o(RESET) refers to accelerometer.o(.text) for EXTI1_IRQHandler
    startup_stm32f4xx.o(RESET) refers to wirelesstransmitter.o(.text) for EXTI4_IRQHandler
    startup_stm32f4xx.o(RESET) refers to lcd16.o(.text) for TIM2_IRQHandler
    startup_stm32f4xx.o(.text) refers to system_stm32f4xx.o(.text) for SystemInit
    startup_stm32f4xx.o(.text) refers to entry.o(.ARM.Collect$$$$00000000) for __main
    rtx_conf_cm.o(.ARM.Collect$$$$000000FF) refers to rt_cmsis.o(i.osKernelStart) for osKernelStart
    rtx_conf_cm.o(.ARM.Collect$$$$000000FF) refers to rtx_conf_cm.o(.constdata) for .constdata
    rtx_conf_cm.o(.constdata) refers to rt_cmsis.o(i.osTimerThread) for osTimerThread
    rtx_conf_cm.o(.constdata) refers to rtx_conf_cm.o(.bss) for os_messageQ_q_osTimerMessageQ
    rtx_conf_cm.o(.constdata) refers to main.o(.text) for main
    main.o(.text) refers to lcd16.o(.text) for lcd_thread_create
    main.o(.text) refers to push_button.o(.text) for button_init
    main.o(.text) refers to smartrf_cc2500.o(.text) for CC2500_Default_Init
    main.o(.text) refers to accelerometer.o(.text) for accelerometer_Thread_Create
    main.o(.text) refers to keypad.o(.text) for keypad_Thread_Create
    main.o(.text) refers to omodetrans.o(.text) for oModeTrans_Thread_Create
    main.o(.text) refers to rt_cmsis.o(i.osDelay) for osDelay
    accelerometer.o(.text) refers to stm32f4xx_exti.o(.text) for EXTI_GetITStatus
    accelerometer.o(.text) refers to rt_cmsis.o(i.osSemaphoreRelease) for osSemaphoreRelease
    accelerometer.o(.text) refers to stm32f4_discovery_lis302dl.o(.text) for LIS302DL_Write
    accelerometer.o(.text) refers to stm32f4xx_rcc.o(.text) for RCC_AHB1PeriphClockCmd
    accelerometer.o(.text) refers to stm32f4xx_gpio.o(.text) for GPIO_Init
    accelerometer.o(.text) refers to stm32f4xx_syscfg.o(.text) for SYSCFG_EXTILineConfig
    accelerometer.o(.text) refers to misc.o(.text) for NVIC_Init
    accelerometer.o(.text) refers to f2d.o(.text) for __aeabi_f2d
    accelerometer.o(.text) refers to sqrt.o(i.__hardfp_sqrt) for __hardfp_sqrt
    accelerometer.o(.text) refers to ddiv.o(.text) for __aeabi_ddiv
    accelerometer.o(.text) refers to d2f.o(.text) for __aeabi_d2f
    accelerometer.o(.text) refers to atan_lut.o(.text) for atan_table
    accelerometer.o(.text) refers to rt_cmsis.o(i.osSemaphoreWait) for osSemaphoreWait
    accelerometer.o(.text) refers to round.o(i.__hardfp_round) for __hardfp_round
    accelerometer.o(.text) refers to dfixi.o(.text) for __aeabi_d2iz
    accelerometer.o(.text) refers to mafilter.o(.text) for filter_add
    accelerometer.o(.text) refers to accelerometer.o(.data) for accelerometer_semaphore
    accelerometer.o(.text) refers to accelerometer.o(.bss) for acceleration
    accelerometer.o(.text) refers to dflti.o(.text) for __aeabi_i2d
    accelerometer.o(.text) refers to push_button.o(.text) for getThreadToRun
    accelerometer.o(.text) refers to wirelesstransmitter.o(.text) for wireless_send
    accelerometer.o(.text) refers to rt_cmsis.o(i.osMutexCreate) for osMutexCreate
    accelerometer.o(.text) refers to rt_cmsis.o(i.osSemaphoreCreate) for osSemaphoreCreate
    accelerometer.o(.text) refers to rt_cmsis.o(i.osThreadCreate) for osThreadCreate
    accelerometer.o(.text) refers to accelerometer.o(.constdata) for os_mutex_def_accelerometerRollFilterMutex
    accelerometer.o(.constdata) refers to accelerometer.o(.data) for os_semaphore_cb_accelerometer_semaphore
    accelerometer.o(.constdata) refers to accelerometer.o(.text) for accelerometer_Thread
    accelerometer.o(.constdata) refers to accelerometer.o(.bss) for os_mutex_cb_accelerometerRollFilterMutex
    atan_lut.o(.text) refers to atan_lut.o(.constdata) for atan_lookup
    mafilter.o(.text) refers to memseta.o(.text) for __aeabi_memclr4
    mafilter.o(.text) refers to rt_cmsis.o(i.osMutexWait) for osMutexWait
    mafilter.o(.text) refers to printfa.o(i.__0printf) for __2printf
    mafilter.o(.text) refers to rt_cmsis.o(i.osMutexRelease) for osMutexRelease
    stm32f4_discovery_lis302dl.o(.text) refers to stm32f4xx_spi.o(.text) for SPI_I2S_GetFlagStatus
    stm32f4_discovery_lis302dl.o(.text) refers to stm32f4xx_gpio.o(.text) for GPIO_ResetBits
    stm32f4_discovery_lis302dl.o(.text) refers to stm32f4xx_rcc.o(.text) for RCC_APB2PeriphClockCmd
    stm32f4_discovery_lis302dl.o(.text) refers to stm32f4_discovery_lis302dl.o(.data) for LIS302DLTimeout
[...]
    _printf_charcount                        0x00000000   Number         0  stubs.o ABSOLUTE
    _printf_d                                0x00000000   Number         0  stubs.o ABSOLUTE
    _printf_e                                0x00000000   Number         0  stubs.o ABSOLUTE
    _printf_f                                0x00000000   Number         0  stubs.o ABSOLUTE
    _printf_flags                            0x00000000   Number         0  stubs.o ABSOLUTE
    _printf_fp_dec                           0x00000000   Number         0  stubs.o ABSOLUTE
    _printf_fp_hex                           0x00000000   Number         0  stubs.o ABSOLUTE
    _printf_g                                0x00000000   Number         0  stubs.o ABSOLUTE
    _printf_i                                0x00000000   Number         0  stubs.o ABSOLUTE
    _printf_int_dec                          0x00000000   Number         0  stubs.o ABSOLUTE
    _printf_l                                0x00000000   Number         0  stubs.o ABSOLUTE
    _printf_lc                               0x00000000   Number         0  stubs.o ABSOLUTE
    _printf_ll                               0x00000000   Number         0  stubs.o ABSOLUTE
    _printf_lld                              0x00000000   Number         0  stubs.o ABSOLUTE
    _printf_lli                              0x00000000   Number         0  stubs.o ABSOLUTE
    _printf_llo                              0x00000000   Number         0  stubs.o ABSOLUTE
    _printf_llu                              0x00000000   Number         0  stubs.o ABSOLUTE
    _printf_llx                              0x00000000   Number         0  stubs.o ABSOLUTE
    _printf_longlong_dec                     0x00000000   Number         0  stubs.o ABSOLUTE
    _printf_longlong_hex                     0x00000000   Number         0  stubs.o ABSOLUTE
    _printf_longlong_oct                     0x00000000   Number         0  stubs.o ABSOLUTE
    _printf_ls                               0x00000000   Number         0  stubs.o ABSOLUTE
    _printf_mbtowc                           0x00000000   Number         0  stubs.o ABSOLUTE
    _printf_n                                0x00000000   Number         0  stubs.o ABSOLUTE
    _printf_o                                0x00000000   Number         0  stubs.o ABSOLUTE
    _printf_p                                0x00000000   Number         0  stubs.o ABSOLUTE
    _printf_percent                          0x00000000   Number         0  stubs.o ABSOLUTE
    _printf_pre_padding                      0x00000000   Number         0  stubs.o ABSOLUTE
    _printf_return_value                     0x00000000   Number         0  stubs.o ABSOLUTE
    _printf_s                                0x00000000   Number         0  stubs.o ABSOLUTE
    _printf_sizespec                         0x00000000   Number         0  stubs.o ABSOLUTE
    _printf_str                              0x00000000   Number         0  stubs.o ABSOLUTE
    _printf_truncate_signed                  0x00000000   Number         0  stubs.o ABSOLUTE
    _printf_truncate_unsigned                0x00000000   Number         0  stubs.o ABSOLUTE
    _printf_u                                0x00000000   Number         0  stubs.o ABSOLUTE
    _printf_wc                               0x00000000   Number         0  stubs.o ABSOLUTE
    _printf_wctomb                           0x00000000   Number         0  stubs.o ABSOLUTE
    _printf_widthprec                        0x00000000   Number         0  stubs.o ABSOLUTE
    _printf_x                                0x00000000   Number         0  stubs.o ABSOLUTE
    __cpp_initialize__aeabi_                  - Undefined Weak Reference
    __cxa_finalize                            - Undefined Weak Reference
    __decompress                              - Undefined Weak Reference
    _clock_init                               - Undefined Weak Reference
    _microlib_exit                            - Undefined Weak Reference
    __Vectors_Size                           0x00000188   Number         0  startup_stm32f4xx.o ABSOLUTE
    __RL_RTX_VER                             0x00000422   Number         0  rt_system.o ABSOLUTE
    __Vectors                                0x08000000   Data           4  startup_stm32f4xx.o(RESET)
    __Vectors_End                            0x08000188   Data           0  startup_stm32f4xx.o(RESET)
    __main                                   0x08000189   Thumb Code     0  entry.o(.ARM.Collect$$$$00000000)
    _main_stk                                0x08000189   Thumb Code     0  entry2.o(.ARM.Collect$$$$00000001)
    _main_scatterload                        0x0800018d   Thumb Code     0  entry5.o(.ARM.Collect$$$$00000004)
    __main_after_scatterload                 0x08000191   Thumb Code     0  entry5.o(.ARM.Collect$$$$00000004)
    __rt_final_cpp                           0x08000191   Thumb Code     0  entry10a.o(.ARM.Collect$$$$0000000D)
    __rt_final_exit                          0x08000191   Thumb Code     0  entry11a.o(.ARM.Collect$$$$0000000F)
    _main_clock                              0x08000191   Thumb Code     0  entry7b.o(.ARM.Collect$$$$00000008)
    _main_cpp_init                           0x08000191   Thumb Code     0  entry8b.o(.ARM.Collect$$$$0000000A)
    _main_init                               0x08000191   Thumb Code    10  rtx_conf_cm.o(.ARM.Collect$$$$000000FF)
    rt_set_PSP                               0x080001a5   Thumb Code     6  hal_cm4.o(.emb_text)
    os_set_env                               0x080001ab   Thumb Code    26  hal_cm4.o(.emb_text)
    _alloc_box                               0x080001c9   Thumb Code    28  hal_cm4.o(.emb_text)
    _free_box                                0x080001e9   Thumb Code    28  hal_cm4.o(.emb_text)
    SVC_Handler                              0x08000209   Thumb Code   152  hal_cm4.o(.emb_text)
    PendSV_Handler                           0x080002ad   Thumb Code     0  hal_cm4.o(.emb_text)
    Sys_Handler                              0x080002ad   Thumb Code   104  hal_cm4.o(.emb_text)
    SysTick_Handler                          0x0800030d   Thumb Code     0  hal_cm4.o(.emb_text)
    SystemInit                               0x080003f3   Thumb Code    88  system_stm32f4xx.o(.text)
    SystemCoreClockUpdate                    0x0800044b   Thumb Code   174  system_stm32f4xx.o(.text)
    Reset_Handler                            0x08000525   Thumb Code     8  startup_stm32f4xx.o(.text)
    NMI_Handler                              0x0800052d   Thumb Code     2  startup_stm32f4xx.o(.text)
    HardFault_Handler                        0x0800052f   Thumb Code     2  startup_stm32f4xx.o(.text)
    MemManage_Handler                        0x08000531   Thumb Code     2  startup_stm32f4xx.o(.text)
    BusFault_Handler                         0x08000533   Thumb Code     2  startup_stm32f4xx.o(.text)
    UsageFault_Handler                       0x08000535   Thumb Code     2  startup_stm32f4xx.o(.text)
    DebugMon_Handler                         0x08000539   Thumb Code     2  startup_stm32f4xx.o(.text)
    ADC_IRQHandler                           0x0800053f   Thumb Code     0  startup_stm32f4xx.o(.text)
    CAN1_RX0_IRQHandler                      0x0800053f   Thumb Code     0  startup_stm32f4xx.o(.text)
    CAN1_RX1_IRQHandler                      0x0800053f   Thumb Code     0  startup_stm32f4xx.o(.text)
    CAN1_SCE_IRQHandler                      0x0800053f   Thumb Code     0  startup_stm32f4xx.o(.text)
    CAN1_TX_IRQHandler                       0x0800053f   Thumb Code     0  startup_stm32f4xx.o(.text)
    CAN2_RX0_IRQHandler                      0x0800053f   Thumb Code     0  startup_stm32f4xx.o(.text)
    CAN2_RX1_IRQHandler                      0x0800053f   Thumb Code     0  startup_stm32f4xx.o(.text)
    CAN2_SCE_IRQHandler                      0x0800053f   Thumb Code     0  startup_stm32f4xx.o(.text)
    CAN2_TX_IRQHandler                       0x0800053f   Thumb Code     0  startup_stm32f4xx.o(.text)
    CRYP_IRQHandler                          0x0800053f   Thumb Code     0  startup_stm32f4xx.o(.text)
    DCMI_IRQHandler                          0x0800053f   Thumb Code     0  startup_stm32f4xx.o(.text)
    DMA1_Stream0_IRQHandler                  0x0800053f   Thumb Code     0  startup_stm32f4xx.o(.text)
    DMA1_Stream1_IRQHandler                  0x0800053f   Thumb Code     0  startup_stm32f4xx.o(.text)
    DMA1_Stream2_IRQHandler                  0x0800053f   Thumb Code     0  startup_stm32f4xx.o(.text)
    DMA1_Stream3_IRQHandler                  0x0800053f   Thumb Code     0  startup_stm32f4xx.o(.text)
    DMA1_Stream4_IRQHandler                  0x0800053f   Thumb Code     0  startup_stm32f4xx.o(.text)
    DMA1_Stream5_IRQHandler                  0x0800053f   Thumb Code     0  startup_stm32f4xx.o(.text)
    DMA1_Stream6_IRQHandler                  0x0800053f   Thumb Code     0  startup_stm32f4xx.o(.text)
    DMA1_Stream7_IRQHandler                  0x0800053f   Thumb Code     0  startup_stm32f4xx.o(.text)
    DMA2_Stream0_IRQHandler                  0x0800053f   Thumb Code     0  startup_stm32f4xx.o(.text)
    DMA2_Stream1_IRQHandler                  0x0800053f   Thumb Code     0  startup_stm32f4xx.o(.text)
    DMA2_Stream2_IRQHandler                  0x0800053f   Thumb Code     0  startup_stm32f4xx.o(.text)
    DMA2_Stream3_IRQHandler                  0x0800053f   Thumb Code     0  startup_stm32f4xx.o(.text)
    DMA2_Stream4_IRQHandler                  0x0800053f   Thumb Code     0  startup_stm32f4xx.o(.text)
    DMA2_Stream5_IRQHandler                  0x0800053f   Thumb Code     0  startup_stm32f4xx.o(.text)
    DMA2_Stream6_IRQHandler                  0x0800053f   Thumb Code     0  startup_stm32f4xx.o(.text)
    DMA2_Stream7_IRQHandler                  0x0800053f   Thumb Code     0  startup_stm32f4xx.o(.text)
    ETH_IRQHandler                           0x0800053f   Thumb Code     0  startup_stm32f4xx.o(.text)
    ETH_WKUP_IRQHandler                      0x0800053f   Thumb Code     0  startup_stm32f4xx.o(.text)
    EXTI15_10_IRQHandler                     0x0800053f   Thumb Code     0  startup_stm32f4xx.o(.text)
    EXTI2_IRQHandler                         0x0800053f   Thumb Code     0  startup_stm32f4xx.o(.text)
    EXTI3_IRQHandler                         0x0800053f   Thumb Code     0  startup_stm32f4xx.o(.text)
    EXTI9_5_IRQHandler                       0x0800053f   Thumb Code     0  startup_stm32f4xx.o(.text)
    FLASH_IRQHandler                         0x0800053f   Thumb Code     0  startup_stm32f4xx.o(.text)
    FPU_IRQHandler                           0x0800053f   Thumb Code     0  startup_stm32f4xx.o(.text)
    FSMC_IRQHandler                          0x0800053f   Thumb Code     0  startup_stm32f4xx.o(.text)
    HASH_RNG_IRQHandler                      0x0800053f   Thumb Code     0  startup_stm32f4xx.o(.text)
    I2C1_ER_IRQHandler                       0x0800053f   Thumb Code     0  startup_stm32f4xx.o(.text)
    I2C1_EV_IRQHandler                       0x0800053f   Thumb Code     0  startup_stm32f4xx.o(.text)
    I2C2_ER_IRQHandler                       0x0800053f   Thumb Code     0  startup_stm32f4xx.o(.text)
    I2C2_EV_IRQHandler                       0x0800053f   Thumb Code     0  startup_stm32f4xx.o(.text)
    I2C3_ER_IRQHandler                       0x0800053f   Thumb Code     0  startup_stm32f4xx.o(.text)
    I2C3_EV_IRQHandler                       0x0800053f   Thumb Code     0  startup_stm32f4xx.o(.text)
    OTG_FS_IRQHandler                        0x0800053f   Thumb Code     0  startup_stm32f4xx.o(.text)
    OTG_FS_WKUP_IRQHandler                   0x0800053f   Thumb Code     0  startup_stm32f4xx.o(.text)
    OTG_HS_EP1_IN_IRQHandler                 0x0800053f   Thumb Code     0  startup_stm32f4xx.o(.text)
    OTG_HS_EP1_OUT_IRQHandler                0x0800053f   Thumb Code     0  startup_stm32f4xx.o(.text)
    OTG_HS_IRQHandler                        0x0800053f   Thumb Code     0  startup_stm32f4xx.o(.text)
    OTG_HS_WKUP_IRQHandler                   0x0800053f   Thumb Code     0  startup_stm32f4xx.o(.text)
    PVD_IRQHandler                           0x0800053f   Thumb Code     0  startup_stm32f4xx.o(.text)
    RCC_IRQHandler                           0x0800053f   Thumb Code     0  startup_stm32f4xx.o(.text)
    RTC_Alarm_IRQHandler                     0x0800053f   Thumb Code     0  startup_stm32f4xx.o(.text)
    RTC_WKUP_IRQHandler                      0x0800053f   Thumb Code     0  startup_stm32f4xx.o(.text)
    SDIO_IRQHandler                          0x0800053f   Thumb Code     0  startup_stm32f4xx.o(.text)
    SPI1_IRQHandler                          0x0800053f   Thumb Code     0  startup_stm32f4xx.o(.text)
    SPI2_IRQHandler                          0x0800053f   Thumb Code     0  startup_stm32f4xx.o(.text)
    SPI3_IRQHandler                          0x0800053f   Thumb Code     0  startup_stm32f4xx.o(.text)
    TAMP_STAMP_IRQHandler                    0x0800053f   Thumb Code     0  startup_stm32f4xx.o(.text)
    TIM1_BRK_TIM9_IRQHandler                 0x0800053f   Thumb Code     0  startup_stm32f4xx.o(.text)
    TIM1_CC_IRQHandler                       0x0800053f   Thumb Code     0  startup_stm32f4xx.o(.text)
    TIM1_TRG_COM_TIM11_IRQHandler            0x0800053f   Thumb Code     0  startup_stm32f4xx.o(.text)
    TIM1_UP_TIM10_IRQHandler                 0x0800053f   Thumb Code     0  startup_stm32f4xx.o(.text)
    TIM3_IRQHandler                          0x0800053f   Thumb Code     0  startup_stm32f4xx.o(.text)
    TIM4_IRQHandler                          0x0800053f   Thumb Code     0  startup_stm32f4xx.o(.text)
    TIM5_IRQHandler                          0x0800053f   Thumb Code     0  startup_stm32f4xx.o(.text)
    TIM6_DAC_IRQHandler                      0x0800053f   Thumb Code     0  startup_stm32f4xx.o(.text)
    TIM7_IRQHandler                          0x0800053f   Thumb Code     0  startup_stm32f4xx.o(.text)
    TIM8_BRK_TIM12_IRQHandler                0x0800053f   Thumb Code     0  startup_stm32f4xx.o(.text)
    TIM8_CC_IRQHandler                       0x0800053f   Thumb Code     0  startup_stm32f4xx.o(.text)
    TIM8_TRG_COM_TIM14_IRQHandler            0x0800053f   Thumb Code     0  startup_stm32f4xx.o(.text)
    TIM8_UP_TIM13_IRQHandler                 0x0800053f   Thumb Code     0  startup_stm32f4xx.o(.text)
    UART4_IRQHandler                         0x0800053f   Thumb Code     0  startup_stm32f4xx.o(.text)
    UART5_IRQHandler                         0x0800053f   Thumb Code     0  startup_stm32f4xx.o(.text)
    USART1_IRQHandler                        0x0800053f   Thumb Code     0  startup_stm32f4xx.o(.text)
    USART2_IRQHandler                        0x0800053f   Thumb Code     0  startup_stm32f4xx.o(.text)
    USART3_IRQHandler                        0x0800053f   Thumb Code     0  startup_stm32f4xx.o(.text)
    USART6_IRQHandler                        0x0800053f   Thumb Code     0  startup_stm32f4xx.o(.text)
    WWDG_IRQHandler                          0x0800053f   Thumb Code     0  startup_stm32f4xx.o(.text)
    os_idle_demon                            0x08000549   Thumb Code     4  rtx_conf_cm.o(.text)
    os_error                                 0x0800054d   Thumb Code     4  rtx_conf_cm.o(.text)
    main                                     0x08000551   Thumb Code    52  main.o(.text)
    EXTI1_IRQHandler                         0x08000585   Thumb Code    30  accelerometer.o(.text)
    calibrate                                0x080005a3   Thumb Code   218  accelerometer.o(.text)
    LIS302DL_CTRLREG3_Init                   0x0800067d   Thumb Code    36  accelerometer.o(.text)
    LIS302DL_Sensor_Init                     0x080006a1   Thumb Code   110  accelerometer.o(.text)
    EXTI1_INIT                               0x0800070f   Thumb Code   108  accelerometer.o(.text)
    accelerometer_init                       0x0800077b   Thumb Code    12  accelerometer.o(.text)
    accelerometer_start                      0x08000787   Thumb Code    14  accelerometer.o(.text)
    measure_accleration                      0x08000795   Thumb Code    68  accelerometer.o(.text)
    getPitch                                 0x080007d9   Thumb Code   140  accelerometer.o(.text)
    getRoll                                  0x08000865   Thumb Code   140  accelerometer.o(.text)
    accelerometer_Thread                     0x080008f1   Thumb Code   372  accelerometer.o(.text)
    getFilteredRollAngle                     0x08000a65   Thumb Code     8  accelerometer.o(.text)
    getFilteredPitchAngle                    0x08000a6d   Thumb Code     8  accelerometer.o(.text)
    accelerometer_Thread_Create              0x08000a75   Thumb Code    72  accelerometer.o(.text)
    atan_table                               0x08000aed   Thumb Code   246  atan_lut.o(.text)
    filter_init                              0x08000bf5   Thumb Code    20  mafilter.o(.text)
    filter_add                               0x08000c09   Thumb Code   116  mafilter.o(.text)
    filter_average                           0x08000c7d   Thumb Code    60  mafilter.o(.text)
    filter_sum                               0x08000cb9   Thumb Code    58  mafilter.o(.text)
    LIS302DL_TIMEOUT_UserCallback            0x08000e41   Thumb Code     4  stm32f4_discovery_lis302dl.o(.text)
    LIS302DL_Write                           0x08000eaf   Thumb Code    58  stm32f4_discovery_lis302dl.o(.text)
    LIS302DL_Init                            0x0800100f   Thumb Code    44  stm32f4_discovery_lis302dl.o(.text)
    LIS302DL_Read                            0x0800103b   Thumb Code    66  stm32f4_discovery_lis302dl.o(.text)
    LIS302DL_FilterConfig                    0x0800107d   Thumb Code    58  stm32f4_discovery_lis302dl.o(.text)
    LIS302DL_InterruptConfig                 0x080010b7   Thumb Code    42  stm32f4_discovery_lis302dl.o(.text)
    LIS302DL_LowpowerCmd                     0x080010e1   Thumb Code    44  stm32f4_discovery_lis302dl.o(.text)
    LIS302DL_DataRateCmd                     0x0800110d   Thumb Code    44  stm32f4_discovery_lis302dl.o(.text)
    LIS302DL_FullScaleCmd                    0x08001139   Thumb Code    44  stm32f4_discovery_lis302dl.o(.text)
    LIS302DL_RebootCmd                       0x08001165   Thumb Code    34  stm32f4_discovery_lis302dl.o(.text)
    LIS302DL_ReadACC                         0x08001187   Thumb Code   112  stm32f4_discovery_lis302dl.o(.text)
    getThreadToRun                           0x08001209   Thumb Code     6  push_button.o(.text)
    button_init                              0x0800120f   Thumb Code   116  push_button.o(.text)
    EXTI0_IRQHandler                         0x08001283   Thumb Code    30  push_button.o(.text)
    TIM2_IRQHandler                          0x080012ad   Thumb Code    30  lcd16.o(.text)
    lcd_set_data                             0x080012cb   Thumb Code   106  lcd16.o(.text)
    lcd_send_character                       0x08001335   Thumb Code    64  lcd16.o(.text)
    lcd_send_command                         0x08001375   Thumb Code    64  lcd16.o(.text)
    lcd_clear_command                        0x080013b5   Thumb Code    10  lcd16.o(.text)
    lcd_write_char                           0x080013bf   Thumb Code    12  lcd16.o(.text)
    lcd_gpio_init                            0x080013cb   Thumb Code    50  lcd16.o(.text)
    lcd_display_init                         0x080013fd   Thumb Code    26  lcd16.o(.text)
    lcd_timer_init                           0x08001417   Thumb Code   144  lcd16.o(.text)
    lcd_set_display_angles                   0x080014a7   Thumb Code   152  lcd16.o(.text)
    lcd_set_display_temperaure               0x0800153f   Thumb Code   100  lcd16.o(.text)
    lcd_display_string                       0x080015a3   Thumb Code   122  lcd16.o(.text)
    lcd_thread                               0x0800161d   Thumb Code    58  lcd16.o(.text)
    lcd_thread_create                        0x08001657   Thumb Code    40  lcd16.o(.text)
    lcd_start                                0x0800167f   Thumb Code    12  lcd16.o(.text)
    keypad_init                              0x080016ed   Thumb Code    50  keypad.o(.text)
    setRowMode                               0x0800171f   Thumb Code    36  keypad.o(.text)
    setColumMode                             0x08001743   Thumb Code    38  keypad.o(.text)
    decode                                   0x08001769   Thumb Code   166  keypad.o(.text)
    getRow                                   0x0800180f   Thumb Code    86  keypad.o(.text)
    getColumn                                0x08001865   Thumb Code    78  keypad.o(.text)
    setValue                                 0x080018b3   Thumb Code    32  keypad.o(.text)
    keypadThread                             0x080018d3   Thumb Code   694  keypad.o(.text)
    keypad_Thread_Create                     0x08001b89   Thumb Code    20  keypad.o(.text)
    send_block_angles                        0x08001bb9   Thumb Code   114  omodetrans.o(.text)
    oModeTransThread                         0x08001c2b   Thumb Code    34  omodetrans.o(.text)
    req_tran_timed_angels                    0x08001c4d   Thumb Code    78  omodetrans.o(.text)
    oModeTrans_Thread_Create                 0x08001c9b   Thumb Code    20  omodetrans.o(.text)
    NVIC_PriorityGroupConfig                 0x08001cc9   Thumb Code    10  misc.o(.text)
    NVIC_Init                                0x08001cd3   Thumb Code   108  misc.o(.text)
    NVIC_SetVectorTable                      0x08001d3f   Thumb Code    14  misc.o(.text)
    NVIC_SystemLPConfig                      0x08001d4d   Thumb Code    34  misc.o(.text)
    SysTick_CLKSourceConfig                  0x08001d6f   Thumb Code    40  misc.o(.text)
    EXTI_DeInit                              0x08001dad   Thumb Code    28  stm32f4xx_exti.o(.text)
    EXTI_Init                                0x08001dc9   Thumb Code   142  stm32f4xx_exti.o(.text)
    EXTI_StructInit                          0x08001e57   Thumb Code    16  stm32f4xx_exti.o(.text)
    EXTI_GenerateSWInterrupt                 0x08001e67   Thumb Code    16  stm32f4xx_exti.o(.text)
    EXTI_GetFlagStatus                       0x08001e77   Thumb Code    22  stm32f4xx_exti.o(.text)
    EXTI_ClearFlag                           0x08001e8d   Thumb Code     8  stm32f4xx_exti.o(.text)
    EXTI_GetITStatus                         0x08001e95   Thumb Code    34  stm32f4xx_exti.o(.text)
    EXTI_ClearITPendingBit                   0x08001eb7   Thumb Code     8  stm32f4xx_exti.o(.text)
    GPIO_DeInit                              0x08001ec9   Thumb Code   220  stm32f4xx_gpio.o(.text)
    GPIO_Init                                0x08001fa5   Thumb Code   144  stm32f4xx_gpio.o(.text)
    GPIO_StructInit                          0x08002035   Thumb Code    18  stm32f4xx_gpio.o(.text)
    GPIO_PinLockConfig                       0x08002047   Thumb Code    34  stm32f4xx_gpio.o(.text)
    GPIO_ReadInputDataBit                    0x08002069   Thumb Code    18  stm32f4xx_gpio.o(.text)
    GPIO_ReadInputData                       0x0800207b   Thumb Code     8  stm32f4xx_gpio.o(.text)
    GPIO_ReadOutputDataBit                   0x08002083   Thumb Code    18  stm32f4xx_gpio.o(.text)
    GPIO_ReadOutputData                      0x08002095   Thumb Code     8  stm32f4xx_gpio.o(.text)
    GPIO_SetBits                             0x0800209d   Thumb Code     4  stm32f4xx_gpio.o(.text)
    GPIO_ResetBits                           0x080020a1   Thumb Code     4  stm32f4xx_gpio.o(.text)
    GPIO_WriteBit                            0x080020a5   Thumb Code    10  stm32f4xx_gpio.o(.text)
    GPIO_Write                               0x080020af   Thumb Code     4  stm32f4xx_gpio.o(.text)
    GPIO_ToggleBits                          0x080020b3   Thumb Code     8  stm32f4xx_gpio.o(.text)
    GPIO_PinAFConfig                         0x080020bb   Thumb Code    70  stm32f4xx_gpio.o(.text)
    RCC_DeInit                               0x08002125   Thumb Code    60  stm32f4xx_rcc.o(.text)
    RCC_HSEConfig                            0x08002161   Thumb Code    14  stm32f4xx_rcc.o(.text)
    RCC_GetFlagStatus                        0x0800216f   Thumb Code    60  stm32f4xx_rcc.o(.text)
    RCC_WaitForHSEStartUp                    0x080021ab   Thumb Code    56  stm32f4xx_rcc.o(.text)
    RCC_AdjustHSICalibrationValue            0x080021e3   Thumb Code    20  stm32f4xx_rcc.o(.text)
    RCC_HSICmd                               0x080021f7   Thumb Code     6  stm32f4xx_rcc.o(.text)
    RCC_LSEConfig                            0x080021fd   Thumb Code    46  stm32f4xx_rcc.o(.text)
    RCC_LSICmd                               0x0800222b   Thumb Code     6  stm32f4xx_rcc.o(.text)
    RCC_PLLConfig                            0x08002231   Thumb Code    32  stm32f4xx_rcc.o(.text)
    RCC_PLLCmd                               0x08002251   Thumb Code     6  stm32f4xx_rcc.o(.text)
    RCC_PLLI2SConfig                         0x08002257   Thumb Code    14  stm32f4xx_rcc.o(.text)
    RCC_PLLI2SCmd                            0x08002265   Thumb Code     6  stm32f4xx_rcc.o(.text)
    RCC_ClockSecuritySystemCmd               0x0800226b   Thumb Code     6  stm32f4xx_rcc.o(.text)
    RCC_MCO1Config                           0x08002271   Thumb Code    28  stm32f4xx_rcc.o(.text)
    RCC_MCO2Config                           0x0800228d   Thumb Code    28  stm32f4xx_rcc.o(.text)
    RCC_SYSCLKConfig                         0x080022a9   Thumb Code    20  stm32f4xx_rcc.o(.text)
    RCC_GetSYSCLKSource                      0x080022bd   Thumb Code    12  stm32f4xx_rcc.o(.text)
    RCC_HCLKConfig                           0x080022c9   Thumb Code    20  stm32f4xx_rcc.o(.text)
    RCC_PCLK1Config                          0x080022dd   Thumb Code    20  stm32f4xx_rcc.o(.text)
    RCC_PCLK2Config                          0x080022f1   Thumb Code    22  stm32f4xx_rcc.o(.text)
    RCC_GetClocksFreq                        0x08002307   Thumb Code   222  stm32f4xx_rcc.o(.text)
    RCC_RTCCLKConfig                         0x080023e5   Thumb Code    54  stm32f4xx_rcc.o(.text)
    RCC_RTCCLKCmd                            0x0800241b   Thumb Code     8  stm32f4xx_rcc.o(.text)
    RCC_BackupResetCmd                       0x08002423   Thumb Code     8  stm32f4xx_rcc.o(.text)
    RCC_I2SCLKConfig                         0x0800242b   Thumb Code     6  stm32f4xx_rcc.o(.text)
    RCC_AHB1PeriphClockCmd                   0x08002431   Thumb Code    34  stm32f4xx_rcc.o(.text)
    RCC_AHB2PeriphClockCmd                   0x08002453   Thumb Code    34  stm32f4xx_rcc.o(.text)
    RCC_AHB3PeriphClockCmd                   0x08002475   Thumb Code    34  stm32f4xx_rcc.o(.text)
    RCC_APB1PeriphClockCmd                   0x08002497   Thumb Code    34  stm32f4xx_rcc.o(.text)
    RCC_APB2PeriphClockCmd                   0x080024b9   Thumb Code    34  stm32f4xx_rcc.o(.text)
    RCC_AHB1PeriphResetCmd                   0x080024db   Thumb Code    34  stm32f4xx_rcc.o(.text)
    RCC_AHB2PeriphResetCmd                   0x080024fd   Thumb Code    72  stm32f4xx_rcc.o(.text)
    RCC_AHB3PeriphResetCmd                   0x08002545   Thumb Code    34  stm32f4xx_rcc.o(.text)
    RCC_APB1PeriphResetCmd                   0x08002567   Thumb Code    34  stm32f4xx_rcc.o(.text)
    RCC_APB2PeriphResetCmd                   0x08002589   Thumb Code    34  stm32f4xx_rcc.o(.text)
    RCC_AHB1PeriphClockLPModeCmd             0x080025ab   Thumb Code    34  stm32f4xx_rcc.o(.text)
    RCC_AHB2PeriphClockLPModeCmd             0x080025cd   Thumb Code    34  stm32f4xx_rcc.o(.text)
    RCC_AHB3PeriphClockLPModeCmd             0x080025ef   Thumb Code    34  stm32f4xx_rcc.o(.text)
    RCC_APB1PeriphClockLPModeCmd             0x08002611   Thumb Code    34  stm32f4xx_rcc.o(.text)
    RCC_APB2PeriphClockLPModeCmd             0x08002633   Thumb Code    34  stm32f4xx_rcc.o(.text)
    RCC_ITConfig                             0x08002655   Thumb Code    34  stm32f4xx_rcc.o(.text)
    RCC_ClearFlag                            0x08002677   Thumb Code    18  stm32f4xx_rcc.o(.text)
    RCC_GetITStatus                          0x08002689   Thumb Code    22  stm32f4xx_rcc.o(.text)
    RCC_ClearITPendingBit                    0x0800269f   Thumb Code     8  stm32f4xx_rcc.o(.text)
    SPI_I2S_DeInit                           0x080026ad   Thumb Code    76  stm32f4xx_spi.o(.text)
    SPI_Init                                 0x080026f9   Thumb Code    60  stm32f4xx_spi.o(.text)
    I2S_Init                                 0x08002735   Thumb Code   346  stm32f4xx_spi.o(.text)
    SPI_StructInit                           0x0800288f   Thumb Code    24  stm32f4xx_spi.o(.text)
    I2S_StructInit                           0x080028a7   Thumb Code    20  stm32f4xx_spi.o(.text)
    SPI_Cmd                                  0x080028bb   Thumb Code    24  stm32f4xx_spi.o(.text)
    I2S_Cmd                                  0x080028d3   Thumb Code    24  stm32f4xx_spi.o(.text)
    SPI_DataSizeConfig                       0x080028eb   Thumb Code    18  stm32f4xx_spi.o(.text)
    SPI_BiDirectionalLineConfig              0x080028fd   Thumb Code    28  stm32f4xx_spi.o(.text)
    SPI_NSSInternalSoftwareConfig            0x08002919   Thumb Code    30  stm32f4xx_spi.o(.text)
    SPI_SSOutputCmd                          0x08002937   Thumb Code    24  stm32f4xx_spi.o(.text)
    SPI_TIModeCmd                            0x0800294f   Thumb Code    24  stm32f4xx_spi.o(.text)
    I2S_FullDuplexConfig                     0x08002967   Thumb Code    80  stm32f4xx_spi.o(.text)
    SPI_I2S_ReceiveData                      0x080029b7   Thumb Code     6  stm32f4xx_spi.o(.text)
    SPI_I2S_SendData                         0x080029bd   Thumb Code     4  stm32f4xx_spi.o(.text)
    SPI_CalculateCRC                         0x080029c1   Thumb Code    24  stm32f4xx_spi.o(.text)
    SPI_TransmitCRC                          0x080029d9   Thumb Code    10  stm32f4xx_spi.o(.text)
    SPI_GetCRC                               0x080029e3   Thumb Code    16  stm32f4xx_spi.o(.text)
    SPI_GetCRCPolynomial                     0x080029f3   Thumb Code     6  stm32f4xx_spi.o(.text)
    SPI_I2S_DMACmd                           0x080029f9   Thumb Code    18  stm32f4xx_spi.o(.text)
    SPI_I2S_ITConfig                         0x08002a0b   Thumb Code    32  stm32f4xx_spi.o(.text)
    SPI_I2S_GetFlagStatus                    0x08002a2b   Thumb Code    18  stm32f4xx_spi.o(.text)
    SPI_I2S_ClearFlag                        0x08002a3d   Thumb Code     6  stm32f4xx_spi.o(.text)
    SPI_I2S_GetITStatus                      0x08002a43   Thumb Code    52  stm32f4xx_spi.o(.text)
    SPI_I2S_ClearITPendingBit                0x08002a77   Thumb Code    20  stm32f4xx_spi.o(.text)
    SYSCFG_DeInit                            0x08002aa1   Thumb Code    22  stm32f4xx_syscfg.o(.text)
    SYSCFG_MemoryRemapConfig                 0x08002ab7   Thumb Code     6  stm32f4xx_syscfg.o(.text)
    SYSCFG_EXTILineConfig                    0x08002abd   Thumb Code    66  stm32f4xx_syscfg.o(.text)
    SYSCFG_ETH_MediaInterfaceConfig          0x08002aff   Thumb Code     6  stm32f4xx_syscfg.o(.text)
    SYSCFG_CompensationCellCmd               0x08002b05   Thumb Code     6  stm32f4xx_syscfg.o(.text)
    SYSCFG_GetCompensationCellStatus         0x08002b0b   Thumb Code    22  stm32f4xx_syscfg.o(.text)
    TIM_DeInit                               0x08002b2d   Thumb Code   346  stm32f4xx_tim.o(.text)
    TIM_TimeBaseInit                         0x08002c87   Thumb Code   104  stm32f4xx_tim.o(.text)
    TIM_TimeBaseStructInit                   0x08002cef   Thumb Code    18  stm32f4xx_tim.o(.text)
    TIM_PrescalerConfig                      0x08002d01   Thumb Code     6  stm32f4xx_tim.o(.text)
    TIM_CounterModeConfig                    0x08002d07   Thumb Code    18  stm32f4xx_tim.o(.text)
    TIM_SetCounter                           0x08002d19   Thumb Code     4  stm32f4xx_tim.o(.text)
    TIM_SetAutoreload                        0x08002d1d   Thumb Code     4  stm32f4xx_tim.o(.text)
    TIM_GetCounter                           0x08002d21   Thumb Code     6  stm32f4xx_tim.o(.text)
    TIM_GetPrescaler                         0x08002d27   Thumb Code     6  stm32f4xx_tim.o(.text)
    TIM_UpdateDisableConfig                  0x08002d2d   Thumb Code    24  stm32f4xx_tim.o(.text)
    TIM_UpdateRequestConfig                  0x08002d45   Thumb Code    24  stm32f4xx_tim.o(.text)
    TIM_ARRPreloadConfig                     0x08002d5d   Thumb Code    24  stm32f4xx_tim.o(.text)
    TIM_SelectOnePulseMode                   0x08002d75   Thumb Code    18  stm32f4xx_tim.o(.text)
    TIM_SetClockDivision                     0x08002d87   Thumb Code    18  stm32f4xx_tim.o(.text)
    TIM_Cmd                                  0x08002d99   Thumb Code    24  stm32f4xx_tim.o(.text)
    TIM_OC1Init                              0x08002db1   Thumb Code   114  stm32f4xx_tim.o(.text)
    TIM_OC2Init                              0x08002e23   Thumb Code   154  stm32f4xx_tim.o(.text)
    TIM_OC3Init                              0x08002ebd   Thumb Code   204  stm32f4xx_tim.o(.text)
    TIM_OC4Init                              0x08002f89   Thumb Code   112  stm32f4xx_tim.o(.text)
    TIM_OCStructInit                         0x08002ff9   Thumb Code    20  stm32f4xx_tim.o(.text)
    TIM_SelectOCxM                           0x0800300d   Thumb Code    86  stm32f4xx_tim.o(.text)
    TIM_SetCompare1                          0x08003063   Thumb Code     4  stm32f4xx_tim.o(.text)
    TIM_SetCompare2                          0x08003067   Thumb Code     4  stm32f4xx_tim.o(.text)
    TIM_SetCompare3                          0x0800306b   Thumb Code     4  stm32f4xx_tim.o(.text)
    TIM_SetCompare4                          0x0800306f   Thumb Code     4  stm32f4xx_tim.o(.text)
    TIM_ForcedOC1Config                      0x08003073   Thumb Code    18  stm32f4xx_tim.o(.text)
    TIM_ForcedOC2Config                      0x08003085   Thumb Code    26  stm32f4xx_tim.o(.text)
    TIM_ForcedOC3Config                      0x0800309f   Thumb Code    18  stm32f4xx_tim.o(.text)
    TIM_ForcedOC4Config                      0x080030b1   Thumb Code    26  stm32f4xx_tim.o(.text)
    TIM_OC1PreloadConfig                     0x080030cb   Thumb Code    18  stm32f4xx_tim.o(.text)
    TIM_OC2PreloadConfig                     0x080030dd   Thumb Code    26  stm32f4xx_tim.o(.text)
    TIM_OC3PreloadConfig                     0x080030f7   Thumb Code    18  stm32f4xx_tim.o(.text)
    TIM_OC4PreloadConfig                     0x08003109   Thumb Code    26  stm32f4xx_tim.o(.text)
    TIM_OC1FastConfig                        0x08003123   Thumb Code    18  stm32f4xx_tim.o(.text)
    TIM_OC2FastConfig                        0x08003135   Thumb Code    26  stm32f4xx_tim.o(.text)
    TIM_OC3FastConfig                        0x0800314f   Thumb Code    18  stm32f4xx_tim.o(.text)
    TIM_OC4FastConfig                        0x08003161   Thumb Code    26  stm32f4xx_tim.o(.text)
    TIM_ClearOC1Ref                          0x0800317b   Thumb Code    18  stm32f4xx_tim.o(.text)
    TIM_ClearOC2Ref                          0x0800318d   Thumb Code    24  stm32f4xx_tim.o(.text)
    TIM_ClearOC3Ref                          0x080031a5   Thumb Code    18  stm32f4xx_tim.o(.text)
    TIM_ClearOC4Ref                          0x080031b7   Thumb Code    24  stm32f4xx_tim.o(.text)
    TIM_OC1PolarityConfig                    0x080031cf   Thumb Code    18  stm32f4xx_tim.o(.text)
    TIM_OC1NPolarityConfig                   0x080031e1   Thumb Code    18  stm32f4xx_tim.o(.text)
    TIM_OC2PolarityConfig                    0x080031f3   Thumb Code    26  stm32f4xx_tim.o(.text)
    TIM_OC2NPolarityConfig                   0x0800320d   Thumb Code    26  stm32f4xx_tim.o(.text)
    TIM_OC3PolarityConfig                    0x08003227   Thumb Code    26  stm32f4xx_tim.o(.text)
    TIM_OC3NPolarityConfig                   0x08003241   Thumb Code    26  stm32f4xx_tim.o(.text)
    TIM_OC4PolarityConfig                    0x0800325b   Thumb Code    26  stm32f4xx_tim.o(.text)
    TIM_CCxCmd                               0x08003275   Thumb Code    30  stm32f4xx_tim.o(.text)
    TIM_CCxNCmd                              0x08003293   Thumb Code    30  stm32f4xx_tim.o(.text)
    TIM_SetIC4Prescaler                      0x080032b1   Thumb Code    26  stm32f4xx_tim.o(.text)
    TIM_SetIC3Prescaler                      0x0800331b   Thumb Code    18  stm32f4xx_tim.o(.text)
    TIM_SetIC2Prescaler                      0x08003375   Thumb Code    26  stm32f4xx_tim.o(.text)
    TIM_SetIC1Prescaler                      0x080033e9   Thumb Code    18  stm32f4xx_tim.o(.text)
    TIM_ICInit                               0x08003435   Thumb Code   110  stm32f4xx_tim.o(.text)
    TIM_ICStructInit                         0x080034a3   Thumb Code    18  stm32f4xx_tim.o(.text)
    TIM_PWMIConfig                           0x080034b5   Thumb Code   124  stm32f4xx_tim.o(.text)
    TIM_GetCapture1                          0x08003531   Thumb Code     6  stm32f4xx_tim.o(.text)
    TIM_GetCapture2                          0x08003537   Thumb Code     6  stm32f4xx_tim.o(.text)
    TIM_GetCapture3                          0x0800353d   Thumb Code     6  stm32f4xx_tim.o(.text)
    TIM_GetCapture4                          0x08003543   Thumb Code     6  stm32f4xx_tim.o(.text)
    TIM_BDTRConfig                           0x08003549   Thumb Code    32  stm32f4xx_tim.o(.text)
    TIM_BDTRStructInit                       0x08003569   Thumb Code    18  stm32f4xx_tim.o(.text)
    TIM_CtrlPWMOutputs                       0x0800357b   Thumb Code    30  stm32f4xx_tim.o(.text)
    TIM_SelectCOM                            0x08003599   Thumb Code    24  stm32f4xx_tim.o(.text)
    TIM_CCPreloadControl                     0x080035b1   Thumb Code    24  stm32f4xx_tim.o(.text)
    TIM_ITConfig                             0x080035c9   Thumb Code    18  stm32f4xx_tim.o(.text)
    TIM_GenerateEvent                        0x080035db   Thumb Code     4  stm32f4xx_tim.o(.text)
    TIM_GetFlagStatus                        0x080035df   Thumb Code    18  stm32f4xx_tim.o(.text)
    TIM_ClearFlag                            0x080035f1   Thumb Code     6  stm32f4xx_tim.o(.text)
    TIM_GetITStatus                          0x080035f7   Thumb Code    34  stm32f4xx_tim.o(.text)
    TIM_ClearITPendingBit                    0x08003619   Thumb Code     6  stm32f4xx_tim.o(.text)
    TIM_DMAConfig                            0x0800361f   Thumb Code    10  stm32f4xx_tim.o(.text)
    TIM_DMACmd                               0x08003629   Thumb Code    18  stm32f4xx_tim.o(.text)
    TIM_SelectCCDMA                          0x0800363b   Thumb Code    24  stm32f4xx_tim.o(.text)
    TIM_InternalClockConfig                  0x08003653   Thumb Code    12  stm32f4xx_tim.o(.text)
    TIM_SelectInputTrigger                   0x0800365f   Thumb Code    18  stm32f4xx_tim.o(.text)
    TIM_ITRxExternalClockConfig              0x08003671   Thumb Code    24  stm32f4xx_tim.o(.text)
    TIM_TIxExternalClockConfig               0x08003689   Thumb Code    62  stm32f4xx_tim.o(.text)
    TIM_ETRConfig                            0x080036c7   Thumb Code    28  stm32f4xx_tim.o(.text)
    TIM_ETRClockMode1Config                  0x080036e3   Thumb Code    54  stm32f4xx_tim.o(.text)
    TIM_ETRClockMode2Config                  0x08003719   Thumb Code    32  stm32f4xx_tim.o(.text)
    TIM_SelectOutputTrigger                  0x08003739   Thumb Code    18  stm32f4xx_tim.o(.text)
    TIM_SelectSlaveMode                      0x0800374b   Thumb Code    18  stm32f4xx_tim.o(.text)
    TIM_SelectMasterSlaveMode                0x0800375d   Thumb Code    18  stm32f4xx_tim.o(.text)
    TIM_EncoderInterfaceConfig               0x0800376f   Thumb Code    66  stm32f4xx_tim.o(.text)
    TIM_SelectHallSensor                     0x080037b1   Thumb Code    24  stm32f4xx_tim.o(.text)
    TIM_RemapConfig                          0x080037c9   Thumb Code     6  stm32f4xx_tim.o(.text)
    CC2500_TIMEOUT_UserCallback              0x080037d1   Thumb Code     4  smartrf_cc2500.o(.text)
    CC2500_WriteRegister                     0x08003871   Thumb Code    80  smartrf_cc2500.o(.text)
    CC2500_WriteCommand                      0x080038c1   Thumb Code    68  smartrf_cc2500.o(.text)
    CC2500_SRES_CMD                          0x08003905   Thumb Code    54  smartrf_cc2500.o(.text)
    CC2500_Default_Init                      0x08003a3d   Thumb Code   306  smartrf_cc2500.o(.text)
    CC2500_SCAL_CMD                          0x08003b6f   Thumb Code    14  smartrf_cc2500.o(.text)
    CC2500_SFRX_CMD                          0x08003b7d   Thumb Code    14  smartrf_cc2500.o(.text)
    CC2500_SRX_CMD                           0x08003b8b   Thumb Code    14  smartrf_cc2500.o(.text)
    CC2500_STX_CMD                           0x08003b99   Thumb Code    14  smartrf_cc2500.o(.text)
    CC2500_SIDLE_CMD                         0x08003ba7   Thumb Code    30  smartrf_cc2500.o(.text)
    CC2500_SNOP_CMD                          0x08003bc5   Thumb Code    14  smartrf_cc2500.o(.text)
    CC2500_ReadRegister                      0x08003bd3   Thumb Code    90  smartrf_cc2500.o(.text)
    CC2500_Write_TXFIFO                      0x08003c2d   Thumb Code    18  smartrf_cc2500.o(.text)
    CC2500_Read_RXFIFO                       0x08003c3f   Thumb Code    18  smartrf_cc2500.o(.text)
    CC2500_EXTI_Init                         0x08003c51   Thumb Code    74  smartrf_cc2500.o(.text)
    getRxBufferSize                          0x08003c9b   Thumb Code    14  smartrf_cc2500.o(.text)
    getTxBufferSize                          0x08003ca9   Thumb Code    14  smartrf_cc2500.o(.text)
    isRxMode                                 0x08003cb7   Thumb Code    24  smartrf_cc2500.o(.text)
    isTxMode                                 0x08003ccf   Thumb Code    24  smartrf_cc2500.o(.text)
    isIdleMode                               0x08003ce7   Thumb Code    22  smartrf_cc2500.o(.text)
    isRXOFMode                               0x08003cfd   Thumb Code    24  smartrf_cc2500.o(.text)
    clearRxBuffer                            0x08003d19   Thumb Code    30  wirelesstransmitter.o(.text)
    wireless_Receiver_Thread_Create          0x08003d37   Thumb Code    20  wirelesstransmitter.o(.text)
    wireless_Receiver_Thread                 0x08003d4b   Thumb Code   202  wirelesstransmitter.o(.text)
    wireless_send                            0x08003e15   Thumb Code   154  wirelesstransmitter.o(.text)
    EXTI4_IRQHandler                         0x08003eaf   Thumb Code    32  wirelesstransmitter.o(.text)
    fputc                                    0x08003f83   Thumb Code    14  fputc_debug.o(.text)
    _ttywrch                                 0x08003f91   Thumb Code    12  fputc_debug.o(.text)
    _sys_exit                                0x08003f9d   Thumb Code     4  fputc_debug.o(.text)
    __aeabi_memset                           0x08003fa5   Thumb Code    14  memseta.o(.text)
    __aeabi_memset4                          0x08003fa5   Thumb Code     0  memseta.o(.text)
    __aeabi_memset8                          0x08003fa5   Thumb Code     0  memseta.o(.text)
    __aeabi_memclr                           0x08003fb3   Thumb Code     4  memseta.o(.text)
    __aeabi_memclr4                          0x08003fb3   Thumb Code     0  memseta.o(.text)
    __aeabi_memclr8                          0x08003fb3   Thumb Code     0  memseta.o(.text)
    _memset$wrapper                          0x08003fb7   Thumb Code    18  memseta.o(.text)
    strlen                                   0x08003fc9   Thumb Code    14  strlen.o(.text)
    __aeabi_ddiv                             0x08003fd7   Thumb Code   222  ddiv.o(.text)
    __aeabi_i2d                              0x080040b5   Thumb Code    34  dflti.o(.text)
    __aeabi_d2iz                             0x080040d7   Thumb Code    62  dfixi.o(.text)
    __aeabi_f2d                              0x08004115   Thumb Code    38  f2d.o(.text)
    __aeabi_d2f                              0x0800413b   Thumb Code    56  d2f.o(.text)
    __aeabi_uidiv                            0x08004173   Thumb Code     0  uidiv.o(.text)
    __aeabi_uidivmod                         0x08004173   Thumb Code    44  uidiv.o(.text)
    __aeabi_uldivmod                         0x0800419f   Thumb Code    98  uldiv.o(.text)
    __aeabi_llsr                             0x08004201   Thumb Code    32  llushr.o(.text)
    _ll_ushift_r                             0x08004201   Thumb Code     0  llushr.o(.text)
    __I$use$fp                               0x08004221   Thumb Code     0  iusefp.o(.text)
    _float_round                             0x08004221   Thumb Code    18  fepilogue.o(.text)
    _float_epilogue                          0x08004233   Thumb Code    90  fepilogue.o(.text)
    _double_round                            0x0800428d   Thumb Code    26  depilogue.o(.text)
    _double_epilogue                         0x080042a7   Thumb Code   164  depilogue.o(.text)
    __aeabi_dadd                             0x0800434b   Thumb Code   322  dadd.o(.text)
    __aeabi_dsub                             0x0800448d   Thumb Code     6  dadd.o(.text)
    __aeabi_drsub                            0x08004493   Thumb Code     6  dadd.o(.text)
    __aeabi_dmul                             0x08004499   Thumb Code   228  dmul.o(.text)
    _dsqrt                                   0x0800457d   Thumb Code   162  dsqrt.o(.text)
    _drnd                                    0x08004621   Thumb Code   132  drnd.o(.text)
    __aeabi_d2ulz                            0x080046a9   Thumb Code    48  dfixul.o(.text)
    __aeabi_cdcmpeq                          0x080046d9   Thumb Code     0  cdcmple.o(.text)
    __aeabi_cdcmple                          0x080046d9   Thumb Code    38  cdcmple.o(.text)
    __aeabi_cdrcmple                         0x08004701   Thumb Code    38  cdrcmple.o(.text)
    __scatterload                            0x08004729   Thumb Code    28  init.o(.text)
    __scatterload_rt2                        0x08004729   Thumb Code     0  init.o(.text)
    __aeabi_llsl                             0x0800474d   Thumb Code    30  llshl.o(.text)
    _ll_shift_l                              0x0800474d   Thumb Code     0  llshl.o(.text)
    __aeabi_lasr                             0x0800476b   Thumb Code    36  llsshr.o(.text)
    _ll_sshift_r                             0x0800476b   Thumb Code     0  llsshr.o(.text)
    SVC_Count                                0x08004790   Data           4  SVC_Table.o(SVC_TABLE)
    SVC_Table                                0x08004794   Data           0  SVC_Table.o(SVC_TABLE)
    __0printf                                0x08004795   Thumb Code    22  printfa.o(i.__0printf)
    __1printf                                0x08004795   Thumb Code     0  printfa.o(i.__0printf)
    __2printf                                0x08004795   Thumb Code     0  printfa.o(i.__0printf)
    __c89printf                              0x08004795   Thumb Code     0  printfa.o(i.__0printf)
    printf                                   0x08004795   Thumb Code     0  printfa.o(i.__0printf)
    __0snprintf                              0x080047b5   Thumb Code    36  printfa.o(i.__0snprintf)
    __1snprintf                              0x080047b5   Thumb Code     0  printfa.o(i.__0snprintf)
    __2snprintf                              0x080047b5   Thumb Code     0  printfa.o(i.__0snprintf)
    __c89snprintf                            0x080047b5   Thumb Code     0  printfa.o(i.__0snprintf)
    snprintf                                 0x080047b5   Thumb Code     0  printfa.o(i.__0snprintf)
    __hardfp_round                           0x080047e1   Thumb Code   194  round.o(i.__hardfp_round)
    __hardfp_sqrt                            0x080048c1   Thumb Code   122  sqrt.o(i.__hardfp_sqrt)
    __scatterload_copy                       0x0800493b   Thumb Code    14  handlers.o(i.__scatterload_copy)
    __scatterload_null                       0x08004949   Thumb Code     2  handlers.o(i.__scatterload_null)
    __scatterload_zeroinit                   0x0800494b   Thumb Code    14  handlers.o(i.__scatterload_zeroinit)
    __set_errno                              0x08004959   Thumb Code     6  errno.o(i.__set_errno)
    _init_box                                0x08004ac1   Thumb Code    70  rt_membox.o(i._init_box)
    dbg_init                                 0x08005265   Thumb Code    34  hal_cm.o(i.dbg_init)
    dbg_task_notify                          0x08005295   Thumb Code    32  hal_cm.o(i.dbg_task_notify)
    dbg_task_switch                          0x080052b5   Thumb Code    16  hal_cm.o(i.dbg_task_switch)
    isr_evt_set                              0x080052f1   Thumb Code    34  rt_event.o(i.isr_evt_set)
    isr_mbx_receive                          0x08005319   Thumb Code    80  rt_mailbox.o(i.isr_mbx_receive)
    isr_mbx_send                             0x08005369   Thumb Code    14  rt_mailbox.o(i.isr_mbx_send)
    isr_sem_send                             0x08005377   Thumb Code    16  rt_semaphore.o(i.isr_sem_send)
    osDelay                                  0x08005389   Thumb Code    18  rt_cmsis.o(i.osDelay)
    osKernelStart                            0x080053a1   Thumb Code    94  rt_cmsis.o(i.osKernelStart)
    osMessageGet                             0x08005409   Thumb Code    64  rt_cmsis.o(i.osMessageGet)
    osMutexCreate                            0x0800544d   Thumb Code    18  rt_cmsis.o(i.osMutexCreate)
    osMutexRelease                           0x08005465   Thumb Code    18  rt_cmsis.o(i.osMutexRelease)
    osMutexWait                              0x0800547d   Thumb Code    18  rt_cmsis.o(i.osMutexWait)
    osSemaphoreCreate                        0x08005495   Thumb Code    18  rt_cmsis.o(i.osSemaphoreCreate)
    osSemaphoreRelease                       0x080054ad   Thumb Code    42  rt_cmsis.o(i.osSemaphoreRelease)
    osSemaphoreWait                          0x080054dd   Thumb Code    20  rt_cmsis.o(i.osSemaphoreWait)
    osSignalSet                              0x080054f5   Thumb Code    48  rt_cmsis.o(i.osSignalSet)
    osSignalWait                             0x08005529   Thumb Code    18  rt_cmsis.o(i.osSignalWait)
    osThreadCreate                           0x08005541   Thumb Code    18  rt_cmsis.o(i.osThreadCreate)
    osThreadExit                             0x08005559   Thumb Code    14  rt_cmsis.o(i.osThreadExit)
    osTimerCall                              0x08005571   Thumb Code     8  rt_cmsis.o(i.osTimerCall)
    osTimerThread                            0x0800557d   Thumb Code    38  rt_cmsis.o(i.osTimerThread)
    rt_alloc_box                             0x080055a9   Thumb Code    28  rt_membox.o(i.rt_alloc_box)
    rt_alloc_mem                             0x080055c5   Thumb Code    60  rt_memory.o(i.rt_alloc_mem)
    rt_block                                 0x08005601   Thumb Code    48  rt_task.o(i.rt_block)
    rt_chk_robin                             0x08005639   Thumb Code    58  rt_robin.o(i.rt_chk_robin)
    rt_dec_dly                               0x08005681   Thumb Code   102  rt_list.o(i.rt_dec_dly)
    rt_dispatch                              0x080056f1   Thumb Code    60  rt_task.o(i.rt_dispatch)
    rt_dly_wait                              0x08005735   Thumb Code     6  rt_time.o(i.rt_dly_wait)
    rt_evt_psh                               0x0800573d   Thumb Code    76  rt_event.o(i.rt_evt_psh)
    rt_evt_set                               0x0800578d   Thumb Code    88  rt_event.o(i.rt_evt_set)
    rt_evt_wait                              0x080057e9   Thumb Code    58  rt_event.o(i.rt_evt_wait)
    rt_free_box                              0x08005829   Thumb Code    32  rt_membox.o(i.rt_free_box)
    rt_free_mem                              0x08005849   Thumb Code    40  rt_memory.o(i.rt_free_mem)
    rt_get_first                             0x08005871   Thumb Code    40  rt_list.o(i.rt_get_first)
    rt_init_mem                              0x080058e1   Thumb Code    26  rt_memory.o(i.rt_init_mem)
    rt_init_robin                            0x080058fd   Thumb Code    14  rt_robin.o(i.rt_init_robin)
    rt_init_stack                            0x08005915   Thumb Code    70  hal_cm.o(i.rt_init_stack)
    rt_mbx_check                             0x08005965   Thumb Code     8  rt_mailbox.o(i.rt_mbx_check)
    rt_mbx_init                              0x0800596d   Thumb Code    26  rt_mailbox.o(i.rt_mbx_init)
    rt_mbx_psh                               0x08005989   Thumb Code   248  rt_mailbox.o(i.rt_mbx_psh)
    rt_mbx_wait                              0x08005a85   Thumb Code   174  rt_mailbox.o(i.rt_mbx_wait)
    rt_mut_init                              0x08005b75   Thumb Code    16  rt_mutex.o(i.rt_mut_init)
    rt_mut_release                           0x08005b85   Thumb Code   150  rt_mutex.o(i.rt_mut_release)
    rt_mut_wait                              0x08005c25   Thumb Code    96  rt_mutex.o(i.rt_mut_wait)
    rt_pop_req                               0x08005c89   Thumb Code   106  rt_system.o(i.rt_pop_req)
    rt_psh_req                               0x08005d01   Thumb Code    22  rt_system.o(i.rt_psh_req)
    rt_psq_enq                               0x08005d21   Thumb Code    82  rt_list.o(i.rt_psq_enq)
    rt_put_dly                               0x08005d79   Thumb Code    88  rt_list.o(i.rt_put_dly)
    rt_put_prio                              0x08005dd5   Thumb Code    56  rt_list.o(i.rt_put_prio)
    rt_put_rdy_first                         0x08005e0d   Thumb Code    14  rt_list.o(i.rt_put_rdy_first)
    rt_resort_prio                           0x08005e21   Thumb Code    46  rt_list.o(i.rt_resort_prio)
    rt_ret_val                               0x08005e65   Thumb Code    12  hal_cm.o(i.rt_ret_val)
    rt_ret_val2                              0x08005e71   Thumb Code    16  hal_cm.o(i.rt_ret_val2)
    rt_rmv_dly                               0x08005e81   Thumb Code    40  rt_list.o(i.rt_rmv_dly)
    rt_rmv_list                              0x08005ea9   Thumb Code    44  rt_list.o(i.rt_rmv_list)
    rt_sem_init                              0x08005ed9   Thumb Code    12  rt_semaphore.o(i.rt_sem_init)
    rt_sem_psh                               0x08005ee5   Thumb Code    48  rt_semaphore.o(i.rt_sem_psh)
    rt_sem_send                              0x08005f19   Thumb Code    42  rt_semaphore.o(i.rt_sem_send)
    rt_sem_wait                              0x08005f45   Thumb Code    56  rt_semaphore.o(i.rt_sem_wait)
    rt_stk_check                             0x08005f81   Thumb Code    28  rt_system.o(i.rt_stk_check)
    rt_switch_req                            0x08005fa5   Thumb Code    30  rt_task.o(i.rt_switch_req)
    rt_sys_init                              0x08005fcd   Thumb Code   242  rt_task.o(i.rt_sys_init)
    rt_systick                               0x0800610d   Thumb Code    48  rt_system.o(i.rt_systick)
    rt_tsk_create                            0x08006199   Thumb Code   112  rt_task.o(i.rt_tsk_create)
    rt_tsk_delete                            0x08006219   Thumb Code   146  rt_task.o(i.rt_tsk_delete)
    rt_tsk_self                              0x080062c5   Thumb Code    12  rt_task.o(i.rt_tsk_self)
    set_next_mode                            0x080062d5   Thumb Code     6  push_button.o(i.set_next_mode)
    svcDelay                                 0x080062e1   Thumb Code    20  rt_cmsis.o(i.svcDelay)
    svcKernelStart                           0x080062f5   Thumb Code   174  rt_cmsis.o(i.svcKernelStart)
    svcMessageCreate                         0x080063c9   Thumb Code    36  rt_cmsis.o(i.svcMessageCreate)
    svcMessageGet                            0x080063ed   Thumb Code    58  rt_cmsis.o(i.svcMessageGet)
    svcMutexCreate                           0x08006427   Thumb Code    28  rt_cmsis.o(i.svcMutexCreate)
    svcMutexRelease                          0x08006443   Thumb Code    34  rt_cmsis.o(i.svcMutexRelease)
    svcMutexWait                             0x08006465   Thumb Code    54  rt_cmsis.o(i.svcMutexWait)
    svcSemaphoreCreate                       0x0800649b   Thumb Code    36  rt_cmsis.o(i.svcSemaphoreCreate)
    svcSemaphoreRelease                      0x080064bf   Thumb Code    26  rt_cmsis.o(i.svcSemaphoreRelease)
    svcSemaphoreWait                         0x080064d9   Thumb Code    54  rt_cmsis.o(i.svcSemaphoreWait)
    svcSignalSet                             0x0800650f   Thumb Code    36  rt_cmsis.o(i.svcSignalSet)
    svcSignalWait                            0x08006535   Thumb Code    80  rt_cmsis.o(i.svcSignalWait)
    svcThreadCreate                          0x08006589   Thumb Code   100  rt_cmsis.o(i.svcThreadCreate)
    svcThreadGetId                           0x080065f9   Thumb Code    22  rt_cmsis.o(i.svcThreadGetId)
    svcThreadTerminate                       0x08006615   Thumb Code    52  rt_cmsis.o(i.svcThreadTerminate)
    svcTimerCall                             0x0800664d   Thumb Code    24  rt_cmsis.o(i.svcTimerCall)
    sysTimerTick                             0x08006665   Thumb Code    76  rt_cmsis.o(i.sysTimerTick)
    os_maxtaskrun                            0x080066b8   Data           2  rtx_conf_cm.o(.constdata)
    os_stackinfo                             0x080066bc   Data           4  rtx_conf_cm.o(.constdata)
    os_rrobin                                0x080066c0   Data           4  rtx_conf_cm.o(.constdata)
    os_trv                                   0x080066c4   Data           4  rtx_conf_cm.o(.constdata)
    os_flags                                 0x080066c8   Data           1  rtx_conf_cm.o(.constdata)
    os_clockrate                             0x080066cc   Data           4  rtx_conf_cm.o(.constdata)
    os_timernum                              0x080066d0   Data           4  rtx_conf_cm.o(.constdata)
    mp_tcb_size                              0x080066d4   Data           2  rtx_conf_cm.o(.constdata)
    mp_stk_size                              0x080066d8   Data           4  rtx_conf_cm.o(.constdata)
    os_stack_sz                              0x080066dc   Data           4  rtx_conf_cm.o(.constdata)
    os_fifo_size                             0x080066e0   Data           1  rtx_conf_cm.o(.constdata)
    os_thread_def_osTimerThread              0x080066e4   Data          16  rtx_conf_cm.o(.constdata)
    os_messageQ_def_osTimerMessageQ          0x080066f4   Data           8  rtx_conf_cm.o(.constdata)
    mp_tmr_size                              0x080066fc   Data           2  rtx_conf_cm.o(.constdata)
    os_thread_def_main                       0x08006700   Data          16  rtx_conf_cm.o(.constdata)
    os_semaphore_def_accelerometer_semaphore 0x08006710   Data           4  accelerometer.o(.constdata)
    os_thread_def_accelerometer_Thread       0x08006714   Data          16  accelerometer.o(.constdata)
    os_mutex_def_accelerometerRollFilterMutex 0x08006724   Data           4  accelerometer.o(.constdata)
    os_mutex_def_accelerometerPitchFilterMutex 0x08006728   Data           4  accelerometer.o(.constdata)
    os_semaphore_def_lcd_semaphore           0x080068c0   Data           4  lcd16.o(.constdata)
    os_thread_def_lcd_thread                 0x080068c4   Data          16  lcd16.o(.constdata)
    os_thread_def_keypadThread               0x080068d4   Data          16  keypad.o(.constdata)
    os_thread_def_oModeTransThread           0x080068e4   Data          16  omodetrans.o(.constdata)
    os_thread_def_wireless_Receiver_Thread   0x080068f4   Data          16  wirelesstransmitter.o(.constdata)
    Region$$Table$$Base                      0x08006904   Number         0  anon$$obj.o(Region$$Table)
    Region$$Table$$Limit                     0x08006934   Number         0  anon$$obj.o(Region$$Table)
    mp_tcb                                   0x10000000   Data         348  rtx_conf_cm.o(.bss)
    mp_stk                                   0x10000160   Data        4816  rtx_conf_cm.o(.bss)
    os_stack_mem                             0x10001430   Data        1632  rtx_conf_cm.o(.bss)
    os_fifo                                  0x10001a90   Data         132  rtx_conf_cm.o(.bss)
    os_active_TCB                            0x10001b14   Data          28  rtx_conf_cm.o(.bss)
    os_messageQ_q_osTimerMessageQ            0x10001b30   Data          32  rtx_conf_cm.o(.bss)
    SystemCoreClock                          0x20000000   Data           4  system_stm32f4xx.o(.data)
    AHBPrescTable                            0x20000004   Data          16  system_stm32f4xx.o(.data)
    os_tmr                                   0x20000014   Data           4  rtx_conf_cm.o(.data)
    m_tmr                                    0x20000018   Data           4  rtx_conf_cm.o(.data)
    osThreadId_osTimerThread                 0x2000001c   Data           4  rtx_conf_cm.o(.data)
    osMessageQId_osTimerMessageQ             0x20000020   Data           4  rtx_conf_cm.o(.data)
    calibration                              0x20000024   Data          24  accelerometer.o(.data)
    x_acceleration                           0x2000003c   Data           1  accelerometer.o(.data)
    y_acceleration                           0x2000003d   Data           1  accelerometer.o(.data)
    z_acceleration                           0x2000003e   Data           1  accelerometer.o(.data)
    buffer                                   0x2000003f   Data           1  accelerometer.o(.data)
    roll_degree_MA                           0x20000040   Data           4  accelerometer.o(.data)
    pitch_degree_MA                          0x20000044   Data           4  accelerometer.o(.data)
    accelerometer_semaphore                  0x20000048   Data           4  accelerometer.o(.data)
    os_semaphore_cb_accelerometer_semaphore  0x2000004c   Data           8  accelerometer.o(.data)
    accelerometer_thread_id                  0x20000054   Data           4  accelerometer.o(.data)
    LIS302DLTimeout                          0x20000058   Data           4  stm32f4_discovery_lis302dl.o(.data)
    thread_ready                             0x2000005c   Data           4  push_button.o(.data)
    next_mode                                0x20000060   Data           4  push_button.o(.data)
    lcd_semaphore                            0x20000064   Data           4  lcd16.o(.data)
    os_semaphore_cb_lcd_semaphore            0x20000068   Data           8  lcd16.o(.data)
    lcd_thread_id                            0x20000070   Data           4  lcd16.o(.data)
    startMode2                               0x20000074   Data           1  keypad.o(.data)
    startPitch                               0x20000075   Data           1  keypad.o(.data)
    finishRoll                               0x20000076   Data           1  keypad.o(.data)
    finishPitch                              0x20000077   Data           1  keypad.o(.data)
    GPIO_ROWS                                0x20000078   Data           8  keypad.o(.data)
    GPIO_COLUM                               0x20000080   Data           8  keypad.o(.data)
    rollAngle                                0x20000088   Data           4  keypad.o(.data)
    pitchAngle                               0x2000008c   Data           4  keypad.o(.data)
    delta                                    0x20000090   Data           4  keypad.o(.data)
    totalAngles                              0x20000094   Data           4  keypad.o(.data)
    keypadThreadID                           0x20000098   Data           4  keypad.o(.data)
    totalNum                                 0x2000009c   Data           4  omodetrans.o(.data)
    oModeTransThreadID                       0x200000a0   Data           4  omodetrans.o(.data)
    CC2500Timeout                            0x200000b4   Data           4  smartrf_cc2500.o(.data)
    wireless_Receiver_thread_id              0x200000b8   Data           4  wirelesstransmitter.o(.data)
    __stdout                                 0x200000bc   Data           4  fputc_debug.o(.data)
    __stdin                                  0x200000c0   Data           4  fputc_debug.o(.data)
    os_timer_head                            0x200000c4   Data           4  rt_cmsis.o(.data)
    os_tsk                                   0x200000c8   Data           8  rt_task.o(.data)
    os_time                                  0x200000d4   Data           2  rt_time.o(.data)
    dbg_msg                                  0x200000d6   Data           1  hal_cm.o(.data)
    os_robin                                 0x200000d8   Data           8  rt_robin.o(.data)
    acceleration                             0x200000e4   Data          12  accelerometer.o(.bss)
    accelerometer_roll_filter_struct         0x200000f0   Data          96  accelerometer.o(.bss)
    accelerometer_pitch_filter_struct        0x20000150   Data          96  accelerometer.o(.bss)
    os_mutex_cb_accelerometerRollFilterMutex 0x200001b0   Data          12  accelerometer.o(.bss)
    os_mutex_cb_accelerometerPitchFilterMutex 0x200001bc   Data          12  accelerometer.o(.bss)
    line1                                    0x200001c8   Data          16  lcd16.o(.bss)
    line2                                    0x200001d8   Data          16  lcd16.o(.bss)
    rolls                                    0x200001e8   Data         200  keypad.o(.bss)
    pitches                                  0x200002b0   Data         200  keypad.o(.bss)
    deltas                                   0x20000378   Data         200  keypad.o(.bss)
    _rolls                                   0x20000440   Data         800  omodetrans.o(.bss)
    _pitches                                 0x20000760   Data         800  omodetrans.o(.bss)
    _deltas                                  0x20000a80   Data         800  omodetrans.o(.bss)
    os_idle_TCB                              0x20000da0   Data          48  rt_task.o(.bss)
    os_rdy                                   0x20000dd0   Data          24  rt_list.o(.bss)
    os_dly                                   0x20000de8   Data          24  rt_list.o(.bss)
    __initial_sp                             0x20001200   Data           0  startup_stm32f4xx.o(STACK)



==============================================================================

Memory Map of the image

  Image Entry point : 0x08000189

  Load Region LR_IROM1 (Base: 0x08000000, Size: 0x00006a18, Max: 0x00100000, ABSOLUTE)

    Execution Region ER_IROM1 (Base: 0x08000000, Size: 0x00006934, Max: 0x00100000, ABSOLUTE)

    Base Addr    Size         Type   Attr      Idx    E Section Name        Object

    0x08000000   0x00000188   Data   RO          132    RESET               startup_stm32f4xx.o
    0x08000188   0x00000000   Code   RO         2359  * .ARM.Collect$$$$00000000  mc_w.l(entry.o)
    0x08000188   0x00000004   Code   RO         2637    .ARM.Collect$$$$00000001  mc_w.l(entry2.o)
    0x0800018c   0x00000004   Code   RO         2640    .ARM.Collect$$$$00000004  mc_w.l(entry5.o)
    0x08000190   0x00000000   Code   RO         2642    .ARM.Collect$$$$00000008  mc_w.l(entry7b.o)
    0x08000190   0x00000000   Code   RO         2644    .ARM.Collect$$$$0000000A  mc_w.l(entry8b.o)
    0x08000190   0x00000000   Code   RO         2645    .ARM.Collect$$$$0000000D  mc_w.l(entry10a.o)
    0x08000190   0x00000000   Code   RO         2647    .ARM.Collect$$$$0000000F  mc_w.l(entry11a.o)
    0x08000190   0x00000010   Code   RO          137    .ARM.Collect$$$$000000FF  rtx_conf_cm.o
    0x080001a0   0x00000004   Code   RO         2638    .ARM.Collect$$$$00002712  mc_w.l(entry2.o)
    0x080001a4   0x00000174   Code   RO         2330    .emb_text           RTX_CM4.lib(hal_cm4.o)
    0x08000318   0x0000020c   Code   RO            3    .text               system_stm32f4xx.o
    0x08000524   0x00000024   Code   RO          133    .text               startup_stm32f4xx.o
    0x08000548   0x00000008   Code   RO          138    .text               rtx_conf_cm.o
    0x08000550   0x00000034   Code   RO          171    .text               main.o
    0x08000584   0x00000568   Code   RO          243    .text               accelerometer.o
    0x08000aec   0x00000108   Code   RO          365    .text               atan_lut.o
    0x08000bf4   0x0000024c   Code   RO          394    .text               mafilter.o
    0x08000e40   0x000003c8   Code   RO          414    .text               stm32f4_discovery_lis302dl.o
    0x08001208   0x000000a4   Code   RO          440    .text               push_button.o
    0x080012ac   0x00000440   Code   RO          469    .text               lcd16.o
    0x080016ec   0x000004cc   Code   RO          500    .text               keypad.o
    0x08001bb8   0x00000110   Code   RO          529    .text               omodetrans.o
    0x08001cc8   0x000000e4   Code   RO          548    .text               misc.o
    0x08001dac   0x0000011c   Code   RO          806    .text               stm32f4xx_exti.o
    0x08001ec8   0x0000025c   Code   RO          872    .text               stm32f4xx_gpio.o
    0x08002124   0x00000588   Code   RO         1021    .text               stm32f4xx_rcc.o
    0x080026ac   0x000003f4   Code   RO         1112    .text               stm32f4xx_spi.o
    0x08002aa0   0x0000008c   Code   RO         1135    .text               stm32f4xx_syscfg.o
    0x08002b2c   0x00000ca2   Code   RO         1155    .text               stm32f4xx_tim.o
    0x080037ce   0x00000002   PAD
    0x080037d0   0x00000548   Code   RO         1221    .text               smartrf_cc2500.o
    0x08003d18   0x00000240   Code   RO         1244    .text               wirelesstransmitter.o
    0x08003f58   0x0000004c   Code   RO         1268    .text               fputc_debug.o
    0x08003fa4   0x00000024   Code   RO         2362    .text               mc_w.l(memseta.o)
    0x08003fc8   0x0000000e   Code   RO         2364    .text               mc_w.l(strlen.o)
    0x08003fd6   0x000000de   Code   RO         2627    .text               mf_w.l(ddiv.o)
    0x080040b4   0x00000022   Code   RO         2629    .text               mf_w.l(dflti.o)
    0x080040d6   0x0000003e   Code   RO         2631    .text               mf_w.l(dfixi.o)
    0x08004114   0x00000026   Code   RO         2633    .text               mf_w.l(f2d.o)
    0x0800413a   0x00000038   Code   RO         2635    .text               mf_w.l(d2f.o)
    0x08004172   0x0000002c   Code   RO         2649    .text               mc_w.l(uidiv.o)
    0x0800419e   0x00000062   Code   RO         2651    .text               mc_w.l(uldiv.o)
    0x08004200   0x00000020   Code   RO         2653    .text               mc_w.l(llushr.o)
    0x08004220   0x00000000   Code   RO         2662    .text               mc_w.l(iusefp.o)
    0x08004220   0x0000006c   Code   RO         2663    .text               mf_w.l(fepilogue.o)
    0x0800428c   0x000000be   Code   RO         2665    .text               mf_w.l(depilogue.o)
    0x0800434a   0x0000014e   Code   RO         2667    .text               mf_w.l(dadd.o)
    0x08004498   0x000000e4   Code   RO         2669    .text               mf_w.l(dmul.o)
    0x0800457c   0x000000a2   Code   RO         2671    .text               mf_w.l(dsqrt.o)
    0x0800461e   0x00000002   PAD
    0x08004620   0x00000088   Code   RO         2673    .text               mf_w.l(drnd.o)
    0x080046a8   0x00000030   Code   RO         2675    .text               mf_w.l(dfixul.o)
    0x080046d8   0x00000028   Code   RO         2677    .text               mf_w.l(cdcmple.o)
    0x08004700   0x00000028   Code   RO         2679    .text               mf_w.l(cdrcmple.o)
    0x08004728   0x00000024   Code   RO         2681    .text               mc_w.l(init.o)
    0x0800474c   0x0000001e   Code   RO         2683    .text               mc_w.l(llshl.o)
    0x0800476a   0x00000024   Code   RO         2685    .text               mc_w.l(llsshr.o)
    0x0800478e   0x00000002   PAD
    0x08004790   0x00000004   Code   RO         2340    SVC_TABLE           RTX_CM4.lib(SVC_Table.o)
    0x08004794   0x00000020   Code   RO         2599    i.__0printf         mc_w.l(printfa.o)
    0x080047b4   0x00000028   Code   RO         2600    i.__0snprintf       mc_w.l(printfa.o)
    0x080047dc   0x00000004   PAD
    0x080047e0   0x000000e0   Code   RO         2343    i.__hardfp_round    m_wm.l(round.o)
    0x080048c0   0x0000007a   Code   RO         2347    i.__hardfp_sqrt     m_wm.l(sqrt.o)
    0x0800493a   0x0000000e   Code   RO         2689    i.__scatterload_copy  mc_w.l(handlers.o)
    0x08004948   0x00000002   Code   RO         2690    i.__scatterload_null  mc_w.l(handlers.o)
    0x0800494a   0x0000000e   Code   RO         2691    i.__scatterload_zeroinit  mc_w.l(handlers.o)
    0x08004958   0x0000000c   Code   RO         2657    i.__set_errno       mc_w.l(errno.o)
    0x08004964   0x0000015c   Code   RO         2606    i._fp_digits        mc_w.l(printfa.o)
    0x08004ac0   0x00000046   Code   RO         2203    i._init_box         RTX_CM4.lib(rt_membox.o)
    0x08004b06   0x00000002   PAD
    0x08004b08   0x000006f0   Code   RO         2607    i._printf_core      mc_w.l(printfa.o)
    0x080051f8   0x00000026   Code   RO         2608    i._printf_post_padding  mc_w.l(printfa.o)
    0x0800521e   0x00000030   Code   RO         2609    i._printf_pre_padding  mc_w.l(printfa.o)
    0x0800524e   0x00000016   Code   RO         2610    i._snputc           mc_w.l(printfa.o)
    0x08005264   0x00000030   Code   RO         2256    i.dbg_init          RTX_CM4.lib(hal_cm.o)
    0x08005294   0x00000020   Code   RO         2257    i.dbg_task_notify   RTX_CM4.lib(hal_cm.o)
    0x080052b4   0x00000010   Code   RO         2258    i.dbg_task_switch   RTX_CM4.lib(hal_cm.o)
    0x080052c4   0x0000002c   Code   RO         1302    i.isrMessagePut     RTX_CM4.lib(rt_cmsis.o)
    0x080052f0   0x00000028   Code   RO         1949    i.isr_evt_set       RTX_CM4.lib(rt_event.o)
    0x08005318   0x00000050   Code   RO         2067    i.isr_mbx_receive   RTX_CM4.lib(rt_mailbox.o)
    0x08005368   0x0000000e   Code   RO         2068    i.isr_mbx_send      RTX_CM4.lib(rt_mailbox.o)
    0x08005376   0x00000010   Code   RO         2115    i.isr_sem_send      RTX_CM4.lib(rt_semaphore.o)
    0x08005386   0x00000002   PAD
    0x08005388   0x00000018   Code   RO         1303    i.osDelay           RTX_CM4.lib(rt_cmsis.o)
    0x080053a0   0x00000068   Code   RO         1305    i.osKernelStart     RTX_CM4.lib(rt_cmsis.o)
    0x08005408   0x00000044   Code   RO         1313    i.osMessageGet      RTX_CM4.lib(rt_cmsis.o)
    0x0800544c   0x00000018   Code   RO         1315    i.osMutexCreate     RTX_CM4.lib(rt_cmsis.o)
    0x08005464   0x00000018   Code   RO         1316    i.osMutexRelease    RTX_CM4.lib(rt_cmsis.o)
    0x0800547c   0x00000018   Code   RO         1317    i.osMutexWait       RTX_CM4.lib(rt_cmsis.o)
    0x08005494   0x00000018   Code   RO         1322    i.osSemaphoreCreate  RTX_CM4.lib(rt_cmsis.o)
    0x080054ac   0x00000030   Code   RO         1323    i.osSemaphoreRelease  RTX_CM4.lib(rt_cmsis.o)
    0x080054dc   0x00000018   Code   RO         1324    i.osSemaphoreWait   RTX_CM4.lib(rt_cmsis.o)
    0x080054f4   0x00000034   Code   RO         1327    i.osSignalSet       RTX_CM4.lib(rt_cmsis.o)
    0x08005528   0x00000018   Code   RO         1328    i.osSignalWait      RTX_CM4.lib(rt_cmsis.o)
    0x08005540   0x00000018   Code   RO         1329    i.osThreadCreate    RTX_CM4.lib(rt_cmsis.o)
    0x08005558   0x00000018   Code   RO         1330    i.osThreadExit      RTX_CM4.lib(rt_cmsis.o)
    0x08005570   0x0000000c   Code   RO         1336    i.osTimerCall       RTX_CM4.lib(rt_cmsis.o)
    0x0800557c   0x0000002c   Code   RO         1340    i.osTimerThread     RTX_CM4.lib(rt_cmsis.o)
    0x080055a8   0x0000001c   Code   RO         2204    i.rt_alloc_box      RTX_CM4.lib(rt_membox.o)
    0x080055c4   0x0000003c   Code   RO         2232    i.rt_alloc_mem      RTX_CM4.lib(rt_memory.o)
    0x08005600   0x00000038   Code   RO         1824    i.rt_block          RTX_CM4.lib(rt_task.o)
    0x08005638   0x00000048   Code   RO         2309    i.rt_chk_robin      RTX_CM4.lib(rt_robin.o)
    0x08005680   0x00000070   Code   RO         1991    i.rt_dec_dly        RTX_CM4.lib(rt_list.o)
    0x080056f0   0x00000044   Code   RO         1825    i.rt_dispatch       RTX_CM4.lib(rt_task.o)
    0x08005734   0x00000006   Code   RO         2151    i.rt_dly_wait       RTX_CM4.lib(rt_time.o)
    0x0800573a   0x00000002   PAD
    0x0800573c   0x00000050   Code   RO         1952    i.rt_evt_psh        RTX_CM4.lib(rt_event.o)
    0x0800578c   0x0000005c   Code   RO         1953    i.rt_evt_set        RTX_CM4.lib(rt_event.o)
    0x080057e8   0x00000040   Code   RO         1954    i.rt_evt_wait       RTX_CM4.lib(rt_event.o)
    0x08005828   0x00000020   Code   RO         2205    i.rt_free_box       RTX_CM4.lib(rt_membox.o)
    0x08005848   0x00000028   Code   RO         2233    i.rt_free_mem       RTX_CM4.lib(rt_memory.o)
    0x08005870   0x00000028   Code   RO         1992    i.rt_get_first      RTX_CM4.lib(rt_list.o)
    0x08005898   0x00000008   Code   RO         1343    i.rt_id2obj         RTX_CM4.lib(rt_cmsis.o)
    0x080058a0   0x00000040   Code   RO         1826    i.rt_init_context   RTX_CM4.lib(rt_task.o)
    0x080058e0   0x0000001a   Code   RO         2234    i.rt_init_mem       RTX_CM4.lib(rt_memory.o)
    0x080058fa   0x00000002   PAD
    0x080058fc   0x00000018   Code   RO         2310    i.rt_init_robin     RTX_CM4.lib(rt_robin.o)
    0x08005914   0x00000050   Code   RO         2259    i.rt_init_stack     RTX_CM4.lib(hal_cm.o)
    0x08005964   0x00000008   Code   RO         2069    i.rt_mbx_check      RTX_CM4.lib(rt_mailbox.o)
    0x0800596c   0x0000001a   Code   RO         2070    i.rt_mbx_init       RTX_CM4.lib(rt_mailbox.o)
    0x08005986   0x00000002   PAD
    0x08005988   0x000000fc   Code   RO         2071    i.rt_mbx_psh        RTX_CM4.lib(rt_mailbox.o)
    0x08005a84   0x000000b4   Code   RO         2073    i.rt_mbx_wait       RTX_CM4.lib(rt_mailbox.o)
    0x08005b38   0x0000003c   Code   RO         1344    i.rt_ms2tick        RTX_CM4.lib(rt_cmsis.o)
    0x08005b74   0x00000010   Code   RO         2178    i.rt_mut_init       RTX_CM4.lib(rt_mutex.o)
    0x08005b84   0x000000a0   Code   RO         2179    i.rt_mut_release    RTX_CM4.lib(rt_mutex.o)
    0x08005c24   0x00000064   Code   RO         2180    i.rt_mut_wait       RTX_CM4.lib(rt_mutex.o)
    0x08005c88   0x00000078   Code   RO         1903    i.rt_pop_req        RTX_CM4.lib(rt_system.o)
    0x08005d00   0x00000020   Code   RO         1904    i.rt_psh_req        RTX_CM4.lib(rt_system.o)
    0x08005d20   0x00000058   Code   RO         1994    i.rt_psq_enq        RTX_CM4.lib(rt_list.o)
    0x08005d78   0x0000005c   Code   RO         1995    i.rt_put_dly        RTX_CM4.lib(rt_list.o)
    0x08005dd4   0x00000038   Code   RO         1996    i.rt_put_prio       RTX_CM4.lib(rt_list.o)
    0x08005e0c   0x00000014   Code   RO         1997    i.rt_put_rdy_first  RTX_CM4.lib(rt_list.o)
    0x08005e20   0x00000034   Code   RO         1998    i.rt_resort_prio    RTX_CM4.lib(rt_list.o)
    0x08005e54   0x00000010   Code   RO         2260    i.rt_ret_regs       RTX_CM4.lib(hal_cm.o)
    0x08005e64   0x0000000c   Code   RO         2261    i.rt_ret_val        RTX_CM4.lib(hal_cm.o)
    0x08005e70   0x00000010   Code   RO         2262    i.rt_ret_val2       RTX_CM4.lib(hal_cm.o)
    0x08005e80   0x00000028   Code   RO         1999    i.rt_rmv_dly        RTX_CM4.lib(rt_list.o)
    0x08005ea8   0x00000030   Code   RO         2000    i.rt_rmv_list       RTX_CM4.lib(rt_list.o)
    0x08005ed8   0x0000000c   Code   RO         2116    i.rt_sem_init       RTX_CM4.lib(rt_semaphore.o)
    0x08005ee4   0x00000034   Code   RO         2117    i.rt_sem_psh        RTX_CM4.lib(rt_semaphore.o)
    0x08005f18   0x0000002a   Code   RO         2118    i.rt_sem_send       RTX_CM4.lib(rt_semaphore.o)
    0x08005f42   0x00000002   PAD
    0x08005f44   0x0000003c   Code   RO         2119    i.rt_sem_wait       RTX_CM4.lib(rt_semaphore.o)
    0x08005f80   0x00000024   Code   RO         1905    i.rt_stk_check      RTX_CM4.lib(rt_system.o)
    0x08005fa4   0x00000028   Code   RO         1827    i.rt_switch_req     RTX_CM4.lib(rt_task.o)
    0x08005fcc   0x00000140   Code   RO         1828    i.rt_sys_init       RTX_CM4.lib(rt_task.o)
    0x0800610c   0x0000003c   Code   RO         1906    i.rt_systick        RTX_CM4.lib(rt_system.o)
    0x08006148   0x00000012   Code   RO         1345    i.rt_tid2ptcb       RTX_CM4.lib(rt_cmsis.o)
    0x0800615a   0x00000002   PAD
    0x0800615c   0x0000003c   Code   RO         1346    i.rt_timer_insert   RTX_CM4.lib(rt_cmsis.o)
    0x08006198   0x00000080   Code   RO         1829    i.rt_tsk_create     RTX_CM4.lib(rt_task.o)
    0x08006218   0x000000ac   Code   RO         1830    i.rt_tsk_delete     RTX_CM4.lib(rt_task.o)
    0x080062c4   0x00000010   Code   RO         1833    i.rt_tsk_self       RTX_CM4.lib(rt_task.o)
    0x080062d4   0x0000000c   Code   RO          458    i.set_next_mode     push_button.o
    0x080062e0   0x00000014   Code   RO         1348    i.svcDelay          RTX_CM4.lib(rt_cmsis.o)
    0x080062f4   0x000000d4   Code   RO         1349    i.svcKernelStart    RTX_CM4.lib(rt_cmsis.o)
    0x080063c8   0x00000024   Code   RO         1351    i.svcMessageCreate  RTX_CM4.lib(rt_cmsis.o)
    0x080063ec   0x0000003a   Code   RO         1352    i.svcMessageGet     RTX_CM4.lib(rt_cmsis.o)
    0x08006426   0x0000001c   Code   RO         1354    i.svcMutexCreate    RTX_CM4.lib(rt_cmsis.o)
    0x08006442   0x00000022   Code   RO         1355    i.svcMutexRelease   RTX_CM4.lib(rt_cmsis.o)
    0x08006464   0x00000036   Code   RO         1356    i.svcMutexWait      RTX_CM4.lib(rt_cmsis.o)
    0x0800649a   0x00000024   Code   RO         1358    i.svcSemaphoreCreate  RTX_CM4.lib(rt_cmsis.o)
    0x080064be   0x0000001a   Code   RO         1359    i.svcSemaphoreRelease  RTX_CM4.lib(rt_cmsis.o)
    0x080064d8   0x00000036   Code   RO         1360    i.svcSemaphoreWait  RTX_CM4.lib(rt_cmsis.o)
    0x0800650e   0x00000024   Code   RO         1363    i.svcSignalSet      RTX_CM4.lib(rt_cmsis.o)
    0x08006532   0x00000002   PAD
    0x08006534   0x00000054   Code   RO         1364    i.svcSignalWait     RTX_CM4.lib(rt_cmsis.o)
    0x08006588   0x00000070   Code   RO         1365    i.svcThreadCreate   RTX_CM4.lib(rt_cmsis.o)
    0x080065f8   0x0000001c   Code   RO         1366    i.svcThreadGetId    RTX_CM4.lib(rt_cmsis.o)
    0x08006614   0x00000038   Code   RO         1369    i.svcThreadTerminate  RTX_CM4.lib(rt_cmsis.o)
    0x0800664c   0x00000018   Code   RO         1371    i.svcTimerCall      RTX_CM4.lib(rt_cmsis.o)
    0x08006664   0x00000054   Code   RO         1379    i.sysTimerTick      RTX_CM4.lib(rt_cmsis.o)
    0x080066b8   0x00000058   Data   RO          140    .constdata          rtx_conf_cm.o
    0x08006710   0x0000001c   Data   RO          245    .constdata          accelerometer.o
    0x0800672c   0x00000194   Data   RO          366    .constdata          atan_lut.o
    0x080068c0   0x00000014   Data   RO          471    .constdata          lcd16.o
    0x080068d4   0x00000010   Data   RO          502    .constdata          keypad.o
    0x080068e4   0x00000010   Data   RO          531    .constdata          omodetrans.o
    0x080068f4   0x00000010   Data   RO         1245    .constdata          wirelesstransmitter.o
    0x08006904   0x00000030   Data   RO         2687    Region$$Table       anon$$obj.o


    Execution Region RW_IRAM1 (Base: 0x10000000, Size: 0x00001b50, Max: 0x0001ffff, ABSOLUTE)

    Base Addr    Size         Type   Attr      Idx    E Section Name        Object

    0x10000000   0x00001b50   Zero   RW          139    .bss                rtx_conf_cm.o


    Execution Region RW_IRAM2 (Base: 0x20000000, Size: 0x00001200, Max: 0x0001ffff, ABSOLUTE)

    Base Addr    Size         Type   Attr      Idx    E Section Name        Object

    0x20000000   0x00000014   Data   RW            4    .data               system_stm32f4xx.o
    0x20000014   0x00000010   Data   RW          141    .data               rtx_conf_cm.o
    0x20000024   0x00000034   Data   RW          246    .data               accelerometer.o
    0x20000058   0x00000004   Data   RW          415    .data               stm32f4_discovery_lis302dl.o
    0x2000005c   0x00000008   Data   RW          441    .data               push_button.o
    0x20000064   0x00000010   Data   RW          472    .data               lcd16.o
    0x20000074   0x00000028   Data   RW          503    .data               keypad.o
    0x2000009c   0x00000008   Data   RW          532    .data               omodetrans.o
    0x200000a4   0x00000010   Data   RW         1022    .data               stm32f4xx_rcc.o
    0x200000b4   0x00000004   Data   RW         1222    .data               smartrf_cc2500.o
    0x200000b8   0x00000004   Data   RW         1246    .data               wirelesstransmitter.o
    0x200000bc   0x00000008   Data   RW         1269    .data               fputc_debug.o
    0x200000c4   0x00000004   Data   RW         1380    .data               RTX_CM4.lib(rt_cmsis.o)
    0x200000c8   0x00000008   Data   RW         1835    .data               RTX_CM4.lib(rt_task.o)
    0x200000d0   0x00000003   Data   RW         1909    .data               RTX_CM4.lib(rt_system.o)
    0x200000d3   0x00000001   PAD
    0x200000d4   0x00000002   Data   RW         2154    .data               RTX_CM4.lib(rt_time.o)
    0x200000d6   0x00000001   Data   RW         2263    .data               RTX_CM4.lib(hal_cm.o)
    0x200000d7   0x00000001   PAD
    0x200000d8   0x00000008   Data   RW         2311    .data               RTX_CM4.lib(rt_robin.o)
    0x200000e0   0x00000004   Data   RW         2658    .data               mc_w.l(errno.o)
    0x200000e4   0x000000e4   Zero   RW          244    .bss                accelerometer.o
    0x200001c8   0x00000020   Zero   RW          470    .bss                lcd16.o
    0x200001e8   0x00000258   Zero   RW          501    .bss                keypad.o
    0x20000440   0x00000960   Zero   RW          530    .bss                omodetrans.o
    0x20000da0   0x00000030   Zero   RW         1834    .bss                RTX_CM4.lib(rt_task.o)
    0x20000dd0   0x00000030   Zero   RW         2001    .bss                RTX_CM4.lib(rt_list.o)
    0x20000e00   0x00000400   Zero   RW          130    STACK               startup_stm32f4xx.o


==============================================================================

Image component sizes


      Code (inc. data)   RO Data    RW Data    ZI Data      Debug   Object Name

      1384         96         28         52        228      22493   accelerometer.o
       264         18        404          0          0       1033   atan_lut.o
        76          4          0          8          0       2673   fputc_debug.o
      1228        132         16         40        600       3795   keypad.o
      1088         98         20         16         32       7918   lcd16.o
       588        334          0          0          0       2147   mafilter.o
        52          0          0          0          0       3959   main.o
       228         22          0          0          0       3541   misc.o
       272         26         16          8       2400       2265   omodetrans.o
       176         18          0          8          0       1975   push_button.o
        24          6         88         16       6992       6388   rtx_conf_cm.o
      1352         20          0          4          0       6490   smartrf_cc2500.o
        36          8        392          0       1024        760   startup_stm32f4xx.o
       968         18          0          4          0       9532   stm32f4_discovery_lis302dl.o
       284         10          0          0          0       2311   stm32f4xx_exti.o
       604         36          0          0          0      10453   stm32f4xx_gpio.o
      1416         48          0         16          0      23855   stm32f4xx_rcc.o
      1012         22          0          0          0      14877   stm32f4xx_spi.o
       140         12          0          0          0       1675   stm32f4xx_syscfg.o
      3234         60          0          0          0      42096   stm32f4xx_tim.o
       524         44          0         20          0     251427   system_stm32f4xx.o
       576        138         16          4          0       1997   wirelesstransmitter.o

    ----------------------------------------------------------------------
     15528       1170       1028        196      11276     423660   Object Totals
         0          0         48          0          0          0   (incl. Generated)
         2          0          0          0          0          0   (incl. Padding)

    ----------------------------------------------------------------------

      Code (inc. data)   RO Data    RW Data    ZI Data      Debug   Library Member Name

         4          4          0          0          0        132   SVC_Table.o
       220         24          0          1          0       3876   hal_cm.o
       372         32          0          0          0        616   hal_cm4.o
      1716        176          0          4          0      37113   rt_cmsis.o
       276         20          0          0          0       2550   rt_event.o
       548         36          0          0         48       7201   rt_list.o
       560         10          0          0          0       3829   rt_mailbox.o
       130          0          0          0          0       1837   rt_membox.o
       126          0          0          0          0       2159   rt_memory.o
       276         14          0          0          0       1869   rt_mutex.o
        96         24          0          8          0       1042   rt_robin.o
       182          8          0          0          0       2810   rt_semaphore.o
       248         44          0          3          0       2066   rt_system.o
       864        154          0          8         48       7224   rt_task.o
         6          0          0          2          0        572   rt_time.o
       224         30          0          0          0        172   round.o
       122          0          0          0          0        148   sqrt.o
         0          0          0          0          0          0   entry.o
         0          0          0          0          0          0   entry10a.o
         0          0          0          0          0          0   entry11a.o
         8          4          0          0          0          0   entry2.o
         4          0          0          0          0          0   entry5.o
         0          0          0          0          0          0   entry7b.o
         0          0          0          0          0          0   entry8b.o
        12          6          0          4          0         68   errno.o
        30          0          0          0          0          0   handlers.o
        36          8          0          0          0         68   init.o
         0          0          0          0          0          0   iusefp.o
        30          0          0          0          0         68   llshl.o
        36          0          0          0          0         68   llsshr.o
        32          0          0          0          0         68   llushr.o
        36          0          0          0          0        108   memseta.o
      2304         94          0          0          0        596   printfa.o
        14          0          0          0          0         68   strlen.o
        44          0          0          0          0         80   uidiv.o
        98          0          0          0          0         92   uldiv.o
        40          2          0          0          0         68   cdcmple.o
        40          2          0          0          0         68   cdrcmple.o
        56          0          0          0          0         88   d2f.o
       334          0          0          0          0        148   dadd.o
       222          0          0          0          0        100   ddiv.o
       190          0          0          0          0        176   depilogue.o
        62          0          0          0          0         80   dfixi.o
        48          0          0          0          0         68   dfixul.o
        34          0          0          0          0         76   dflti.o
       228          0          0          0          0         96   dmul.o
       136          4          0          0          0         92   drnd.o
       162          0          0          0          0        100   dsqrt.o
        38          0          0          0          0         68   f2d.o
       108          0          0          0          0        168   fepilogue.o

    ----------------------------------------------------------------------
     10376        700          0         32         96      77896   Library Totals
        24          4          0          2          0          0   (incl. Padding)

    ----------------------------------------------------------------------

      Code (inc. data)   RO Data    RW Data    ZI Data      Debug   Library Name

      5624        546          0         26         96      74896   RTX_CM4.lib
       346         30          0          0          0        320   m_wm.l
      2684        112          0          4          0       1284   mc_w.l
      1698          8          0          0          0       1396   mf_w.l

    ----------------------------------------------------------------------
     10376        700          0         32         96      77896   Library Totals

    ----------------------------------------------------------------------

==============================================================================


      Code (inc. data)   RO Data    RW Data    ZI Data      Debug   

     25904       1870       1028        228      11372     486952   Grand Totals
     25904       1870       1028        228      11372     486952   ELF Image Totals
     25904       1870       1028        228          0          0   ROM Totals

==============================================================================

    Total RO  Size (Code + RO Data)                26932 (  26.30kB)
    Total RW  Size (RW Data + ZI Data)             11600 (  11.33kB)
    Total ROM Size (Code + RO Data + RW Data)      27160 (  26.52kB)

==============================================================================

