ARM Linker, 5.03 [Build 76] [MDK-ARM Lite]

==============================================================================

Section Cross References

    system_stm32f4xx.o(.text) refers to system_stm32f4xx.o(.data) for SystemCoreClock
    startup_stm32f4xx.o(RESET) refers to startup_stm32f4xx.o(STACK) for __initial_sp
    startup_stm32f4xx.o(RESET) refers to startup_stm32f4xx.o(.text) for Reset_Handler
    startup_stm32f4xx.o(RESET) refers to hal_cm4.o(.emb_text) for SVC_Handler
    startup_stm32f4xx.o(RESET) refers to wirelesstransmitter.o(.text) for EXTI4_IRQHandler
    startup_stm32f4xx.o(.text) refers to system_stm32f4xx.o(.text) for SystemInit
    startup_stm32f4xx.o(.text) refers to entry.o(.ARM.Collect$$$$00000000) for __main
    rtx_conf_cm.o(.ARM.Collect$$$$000000FF) refers to rt_cmsis.o(i.osKernelStart) for osKernelStart
    rtx_conf_cm.o(.ARM.Collect$$$$000000FF) refers to rtx_conf_cm.o(.constdata) for .constdata
    rtx_conf_cm.o(.constdata) refers to rt_cmsis.o(i.osTimerThread) for osTimerThread
    rtx_conf_cm.o(.constdata) refers to rtx_conf_cm.o(.bss) for os_messageQ_q_osTimerMessageQ
    rtx_conf_cm.o(.constdata) refers to main.o(.text) for main
    main.o(.text) refers to wirelesstransmitter.o(.text) for wireless_send
    main.o(.text) refers to rt_cmsis.o(i.osDelay) for osDelay
    stm32f4xx_adc.o(.text) refers to stm32f4xx_rcc.o(.text) for RCC_APB2PeriphResetCmd
    stm32f4xx_can.o(.text) refers to stm32f4xx_rcc.o(.text) for RCC_APB1PeriphResetCmd
    stm32f4xx_cryp.o(.text) refers to stm32f4xx_rcc.o(.text) for RCC_AHB2PeriphResetCmd
    stm32f4xx_cryp_aes.o(.text) refers to stm32f4xx_cryp.o(.text) for CRYP_KeyStructInit
    stm32f4xx_cryp_des.o(.text) refers to stm32f4xx_cryp.o(.text) for CRYP_KeyStructInit
    stm32f4xx_cryp_tdes.o(.text) refers to stm32f4xx_cryp.o(.text) for CRYP_KeyStructInit
    stm32f4xx_dac.o(.text) refers to stm32f4xx_rcc.o(.text) for RCC_APB1PeriphResetCmd
    stm32f4xx_gpio.o(.text) refers to stm32f4xx_rcc.o(.text) for RCC_AHB1PeriphResetCmd
    stm32f4xx_hash.o(.text) refers to stm32f4xx_rcc.o(.text) for RCC_AHB2PeriphResetCmd
    stm32f4xx_hash_md5.o(.text) refers to stm32f4xx_hash.o(.text) for HASH_DeInit
    stm32f4xx_hash_sha1.o(.text) refers to stm32f4xx_hash.o(.text) for HASH_DeInit
    stm32f4xx_i2c.o(.text) refers to stm32f4xx_rcc.o(.text) for RCC_APB1PeriphResetCmd
    stm32f4xx_pwr.o(.text) refers to stm32f4xx_rcc.o(.text) for RCC_APB1PeriphResetCmd
    stm32f4xx_rcc.o(.text) refers to stm32f4xx_rcc.o(.data) for APBAHBPrescTable
    stm32f4xx_rng.o(.text) refers to stm32f4xx_rcc.o(.text) for RCC_AHB2PeriphResetCmd
    stm32f4xx_sdio.o(.text) refers to stm32f4xx_rcc.o(.text) for RCC_APB2PeriphResetCmd
    stm32f4xx_spi.o(.text) refers to stm32f4xx_rcc.o(.text) for RCC_APB2PeriphResetCmd
    stm32f4xx_syscfg.o(.text) refers to stm32f4xx_rcc.o(.text) for RCC_APB2PeriphResetCmd
    stm32f4xx_tim.o(.text) refers to stm32f4xx_rcc.o(.text) for RCC_APB2PeriphResetCmd
    stm32f4xx_usart.o(.text) refers to stm32f4xx_rcc.o(.text) for RCC_APB2PeriphResetCmd
    stm32f4xx_wwdg.o(.text) refers to stm32f4xx_rcc.o(.text) for RCC_APB1PeriphResetCmd
    smartrf_cc2500.o(.text) refers to stm32f4xx_spi.o(.text) for SPI_I2S_GetFlagStatus
    smartrf_cc2500.o(.text) refers to stm32f4xx_gpio.o(.text) for GPIO_ResetBits
    smartrf_cc2500.o(.text) refers to stm32f4xx_rcc.o(.text) for RCC_APB1PeriphClockCmd
    smartrf_cc2500.o(.text) refers to smartrf_cc2500.o(.data) for CC2500Timeout
    smartrf_cc2500.o(.text) refers to stm32f4xx_syscfg.o(.text) for SYSCFG_EXTILineConfig
    smartrf_cc2500.o(.text) refers to stm32f4xx_exti.o(.text) for EXTI_Init
    smartrf_cc2500.o(.text) refers to misc.o(.text) for NVIC_Init
    wirelesstransmitter.o(.text) refers to smartrf_cc2500.o(.text) for getRxBufferSize
    wirelesstransmitter.o(.text) refers to rt_cmsis.o(i.osThreadCreate) for osThreadCreate
    wirelesstransmitter.o(.text) refers to rt_cmsis.o(i.osSignalWait) for osSignalWait
    wirelesstransmitter.o(.text) refers to printfa.o(i.__0printf) for __2printf
    wirelesstransmitter.o(.text) refers to f2d.o(.text) for __aeabi_f2d
    wirelesstransmitter.o(.text) refers to stm32f4xx_exti.o(.text) for EXTI_GetITStatus
    wirelesstransmitter.o(.text) refers to rt_cmsis.o(i.osSignalSet) for osSignalSet
    wirelesstransmitter.o(.text) refers to wirelesstransmitter.o(.constdata) for os_thread_def_wireless_Receiver_Thread
    wirelesstransmitter.o(.text) refers to wirelesstransmitter.o(.data) for wireless_Receiver_thread_id
    wirelesstransmitter.o(.constdata) refers to wirelesstransmitter.o(.text) for wireless_Receiver_Thread
    rt_cmsis.o(i.isrMessagePut) refers to rt_mailbox.o(i.rt_mbx_check) for rt_mbx_check
    rt_cmsis.o(i.isrMessagePut) refers to rt_mailbox.o(i.isr_mbx_send) for isr_mbx_send
    rt_cmsis.o(i.osDelay) refers to rt_cmsis.o(i.svcDelay) for svcDelay
    rt_cmsis.o(i.osKernelRunning) refers to rt_task.o(.data) for os_tsk
[...]
    ../clib/microlib/init/entry.s            0x00000000   Number         0  entry7b.o ABSOLUTE
    ../clib/microlib/init/entry.s            0x00000000   Number         0  entry8a.o ABSOLUTE
    ../clib/microlib/init/entry.s            0x00000000   Number         0  entry8b.o ABSOLUTE
    ../clib/microlib/init/entry.s            0x00000000   Number         0  entry10a.o ABSOLUTE
    ../clib/microlib/init/entry.s            0x00000000   Number         0  entry11a.o ABSOLUTE
    ../clib/microlib/init/entry.s            0x00000000   Number         0  entry11b.o ABSOLUTE
    ../clib/microlib/init/entry.s            0x00000000   Number         0  entry.o ABSOLUTE
    ../clib/microlib/init/entry.s            0x00000000   Number         0  entry2.o ABSOLUTE
    ../clib/microlib/init/entry.s            0x00000000   Number         0  entry10b.o ABSOLUTE
    ../clib/microlib/init/entry.s            0x00000000   Number         0  entry7a.o ABSOLUTE
    ../clib/microlib/longlong.c              0x00000000   Number         0  llshl.o ABSOLUTE
    ../clib/microlib/longlong.c              0x00000000   Number         0  llsshr.o ABSOLUTE
    ../clib/microlib/longlong.c              0x00000000   Number         0  llushr.o ABSOLUTE
    ../clib/microlib/printf/printf.c         0x00000000   Number         0  printf8.o ABSOLUTE
    ../clib/microlib/printf/printf.c         0x00000000   Number         0  printfa.o ABSOLUTE
    ../clib/microlib/printf/printf.c         0x00000000   Number         0  printf7.o ABSOLUTE
    ../clib/microlib/printf/printf.c         0x00000000   Number         0  printf1.o ABSOLUTE
    ../clib/microlib/printf/printf.c         0x00000000   Number         0  printf2.o ABSOLUTE
    ../clib/microlib/printf/printf.c         0x00000000   Number         0  printf3.o ABSOLUTE
    ../clib/microlib/printf/printf.c         0x00000000   Number         0  printf4.o ABSOLUTE
    ../clib/microlib/printf/printf.c         0x00000000   Number         0  printf5.o ABSOLUTE
    ../clib/microlib/printf/printf.c         0x00000000   Number         0  printf6.o ABSOLUTE
    ../clib/microlib/printf/printf.c         0x00000000   Number         0  printfb.o ABSOLUTE
    ../clib/microlib/printf/printf.c         0x00000000   Number         0  printf0.o ABSOLUTE
    ../clib/microlib/printf/stubs.s          0x00000000   Number         0  stubs.o ABSOLUTE
    ../clib/microlib/stubs.s                 0x00000000   Number         0  useno.o ABSOLUTE
    ../clib/microlib/stubs.s                 0x00000000   Number         0  iusefp.o ABSOLUTE
    ../fplib/microlib/f2d.c                  0x00000000   Number         0  f2d.o ABSOLUTE
    ../fplib/microlib/fpadd.c                0x00000000   Number         0  dadd.o ABSOLUTE
    ../fplib/microlib/fpdiv.c                0x00000000   Number         0  ddiv.o ABSOLUTE
    ../fplib/microlib/fpepilogue.c           0x00000000   Number         0  depilogue.o ABSOLUTE
    ../fplib/microlib/fpfix.c                0x00000000   Number         0  dfixul.o ABSOLUTE
    ../fplib/microlib/fpmul.c                0x00000000   Number         0  dmul.o ABSOLUTE
    ../main.c                                0x00000000   Number         0  main.o ABSOLUTE
    ../startup_stm32f4xx.s                   0x00000000   Number         0  startup_stm32f4xx.o ABSOLUTE
    ../system_stm32f4xx.c                    0x00000000   Number         0  system_stm32f4xx.o ABSOLUTE
    ..\HAL_CM.c                              0x00000000   Number         0  hal_cm.o ABSOLUTE
    ..\STM32F4xx_StdPeriph_Driver\src\misc.c 0x00000000   Number         0  misc.o ABSOLUTE
    ..\STM32F4xx_StdPeriph_Driver\src\stm32f4xx_adc.c 0x00000000   Number         0  stm32f4xx_adc.o ABSOLUTE
    ..\STM32F4xx_StdPeriph_Driver\src\stm32f4xx_can.c 0x00000000   Number         0  stm32f4xx_can.o ABSOLUTE
    ..\STM32F4xx_StdPeriph_Driver\src\stm32f4xx_crc.c 0x00000000   Number         0  stm32f4xx_crc.o ABSOLUTE
    ..\STM32F4xx_StdPeriph_Driver\src\stm32f4xx_cryp.c 0x00000000   Number         0  stm32f4xx_cryp.o ABSOLUTE
    ..\STM32F4xx_StdPeriph_Driver\src\stm32f4xx_cryp_aes.c 0x00000000   Number         0  stm32f4xx_cryp_aes.o ABSOLUTE
    ..\STM32F4xx_StdPeriph_Driver\src\stm32f4xx_cryp_des.c 0x00000000   Number         0  stm32f4xx_cryp_des.o ABSOLUTE
    ..\STM32F4xx_StdPeriph_Driver\src\stm32f4xx_cryp_tdes.c 0x00000000   Number         0  stm32f4xx_cryp_tdes.o ABSOLUTE
    ..\STM32F4xx_StdPeriph_Driver\src\stm32f4xx_dac.c 0x00000000   Number         0  stm32f4xx_dac.o ABSOLUTE
    ..\STM32F4xx_StdPeriph_Driver\src\stm32f4xx_dbgmcu.c 0x00000000   Number         0  stm32f4xx_dbgmcu.o ABSOLUTE
    ..\STM32F4xx_StdPeriph_Driver\src\stm32f4xx_dcmi.c 0x00000000   Number         0  stm32f4xx_dcmi.o ABSOLUTE
    ..\STM32F4xx_StdPeriph_Driver\src\stm32f4xx_dma.c 0x00000000   Number         0  stm32f4xx_dma.o ABSOLUTE
    ..\STM32F4xx_StdPeriph_Driver\src\stm32f4xx_exti.c 0x00000000   Number         0  stm32f4xx_exti.o ABSOLUTE
    ..\STM32F4xx_StdPeriph_Driver\src\stm32f4xx_flash.c 0x00000000   Number         0  stm32f4xx_flash.o ABSOLUTE
    ..\STM32F4xx_StdPeriph_Driver\src\stm32f4xx_fsmc.c 0x00000000   Number         0  stm32f4xx_fsmc.o ABSOLUTE
    ..\STM32F4xx_StdPeriph_Driver\src\stm32f4xx_gpio.c 0x00000000   Number         0  stm32f4xx_gpio.o ABSOLUTE
    ..\STM32F4xx_StdPeriph_Driver\src\stm32f4xx_hash.c 0x00000000   Number         0  stm32f4xx_hash.o ABSOLUTE
    ..\STM32F4xx_StdPeriph_Driver\src\stm32f4xx_hash_md5.c 0x00000000   Number         0  stm32f4xx_hash_md5.o ABSOLUTE
    ..\STM32F4xx_StdPeriph_Driver\src\stm32f4xx_hash_sha1.c 0x00000000   Number         0  stm32f4xx_hash_sha1.o ABSOLUTE
    ..\STM32F4xx_StdPeriph_Driver\src\stm32f4xx_i2c.c 0x00000000   Number         0  stm32f4xx_i2c.o ABSOLUTE
    ..\STM32F4xx_StdPeriph_Driver\src\stm32f4xx_iwdg.c 0x00000000   Number         0  stm32f4xx_iwdg.o ABSOLUTE
    ..\STM32F4xx_StdPeriph_Driver\src\stm32f4xx_pwr.c 0x00000000   Number         0  stm32f4xx_pwr.o ABSOLUTE
    ..\STM32F4xx_StdPeriph_Driver\src\stm32f4xx_rcc.c 0x00000000   Number         0  stm32f4xx_rcc.o ABSOLUTE
    ..\STM32F4xx_StdPeriph_Driver\src\stm32f4xx_rng.c 0x00000000   Number         0  stm32f4xx_rng.o ABSOLUTE
    ..\STM32F4xx_StdPeriph_Driver\src\stm32f4xx_rtc.c 0x00000000   Number         0  stm32f4xx_rtc.o ABSOLUTE
    ..\STM32F4xx_StdPeriph_Driver\src\stm32f4xx_sdio.c 0x00000000   Number         0  stm32f4xx_sdio.o ABSOLUTE
    ..\STM32F4xx_StdPeriph_Driver\src\stm32f4xx_spi.c 0x00000000   Number         0  stm32f4xx_spi.o ABSOLUTE
    ..\STM32F4xx_StdPeriph_Driver\src\stm32f4xx_syscfg.c 0x00000000   Number         0  stm32f4xx_syscfg.o ABSOLUTE
    ..\STM32F4xx_StdPeriph_Driver\src\stm32f4xx_tim.c 0x00000000   Number         0  stm32f4xx_tim.o ABSOLUTE
    ..\STM32F4xx_StdPeriph_Driver\src\stm32f4xx_usart.c 0x00000000   Number         0  stm32f4xx_usart.o ABSOLUTE
    ..\STM32F4xx_StdPeriph_Driver\src\stm32f4xx_wwdg.c 0x00000000   Number         0  stm32f4xx_wwdg.o ABSOLUTE
    ..\\STM32F4xx_StdPeriph_Driver\\src\\misc.c 0x00000000   Number         0  misc.o ABSOLUTE
    ..\\STM32F4xx_StdPeriph_Driver\\src\\stm32f4xx_adc.c 0x00000000   Number         0  stm32f4xx_adc.o ABSOLUTE
    ..\\STM32F4xx_StdPeriph_Driver\\src\\stm32f4xx_can.c 0x00000000   Number         0  stm32f4xx_can.o ABSOLUTE
    ..\\STM32F4xx_StdPeriph_Driver\\src\\stm32f4xx_crc.c 0x00000000   Number         0  stm32f4xx_crc.o ABSOLUTE
    ..\\STM32F4xx_StdPeriph_Driver\\src\\stm32f4xx_cryp.c 0x00000000   Number         0  stm32f4xx_cryp.o ABSOLUTE
    ..\\STM32F4xx_StdPeriph_Driver\\src\\stm32f4xx_cryp_aes.c 0x00000000   Number         0  stm32f4xx_cryp_aes.o ABSOLUTE
    ..\\STM32F4xx_StdPeriph_Driver\\src\\stm32f4xx_cryp_des.c 0x00000000   Number         0  stm32f4xx_cryp_des.o ABSOLUTE
    ..\\STM32F4xx_StdPeriph_Driver\\src\\stm32f4xx_cryp_tdes.c 0x00000000   Number         0  stm32f4xx_cryp_tdes.o ABSOLUTE
    ..\\STM32F4xx_StdPeriph_Driver\\src\\stm32f4xx_dac.c 0x00000000   Number         0  stm32f4xx_dac.o ABSOLUTE
    ..\\STM32F4xx_StdPeriph_Driver\\src\\stm32f4xx_dbgmcu.c 0x00000000   Number         0  stm32f4xx_dbgmcu.o ABSOLUTE
    ..\\STM32F4xx_StdPeriph_Driver\\src\\stm32f4xx_dcmi.c 0x00000000   Number         0  stm32f4xx_dcmi.o ABSOLUTE
    ..\\STM32F4xx_StdPeriph_Driver\\src\\stm32f4xx_dma.c 0x00000000   Number         0  stm32f4xx_dma.o ABSOLUTE
    ..\\STM32F4xx_StdPeriph_Driver\\src\\stm32f4xx_exti.c 0x00000000   Number         0  stm32f4xx_exti.o ABSOLUTE
    ..\\STM32F4xx_StdPeriph_Driver\\src\\stm32f4xx_flash.c 0x00000000   Number         0  stm32f4xx_flash.o ABSOLUTE
    ..\\STM32F4xx_StdPeriph_Driver\\src\\stm32f4xx_fsmc.c 0x00000000   Number         0  stm32f4xx_fsmc.o ABSOLUTE
    ..\\STM32F4xx_StdPeriph_Driver\\src\\stm32f4xx_gpio.c 0x00000000   Number         0  stm32f4xx_gpio.o ABSOLUTE
    ..\\STM32F4xx_StdPeriph_Driver\\src\\stm32f4xx_hash.c 0x00000000   Number         0  stm32f4xx_hash.o ABSOLUTE
    ..\\STM32F4xx_StdPeriph_Driver\\src\\stm32f4xx_hash_md5.c 0x00000000   Number         0  stm32f4xx_hash_md5.o ABSOLUTE
    ..\\STM32F4xx_StdPeriph_Driver\\src\\stm32f4xx_hash_sha1.c 0x00000000   Number         0  stm32f4xx_hash_sha1.o ABSOLUTE
    ..\\STM32F4xx_StdPeriph_Driver\\src\\stm32f4xx_i2c.c 0x00000000   Number         0  stm32f4xx_i2c.o ABSOLUTE
    ..\\STM32F4xx_StdPeriph_Driver\\src\\stm32f4xx_iwdg.c 0x00000000   Number         0  stm32f4xx_iwdg.o ABSOLUTE
    ..\\STM32F4xx_StdPeriph_Driver\\src\\stm32f4xx_pwr.c 0x00000000   Number         0  stm32f4xx_pwr.o ABSOLUTE
    ..\\STM32F4xx_StdPeriph_Driver\\src\\stm32f4xx_rcc.c 0x00000000   Number         0  stm32f4xx_rcc.o ABSOLUTE
    ..\\STM32F4xx_StdPeriph_Driver\\src\\stm32f4xx_rng.c 0x00000000   Number         0  stm32f4xx_rng.o ABSOLUTE
    ..\\STM32F4xx_StdPeriph_Driver\\src\\stm32f4xx_rtc.c 0x00000000   Number         0  stm32f4xx_rtc.o ABSOLUTE
    ..\\STM32F4xx_StdPeriph_Driver\\src\\stm32f4xx_sdio.c 0x00000000   Number         0  stm32f4xx_sdio.o ABSOLUTE
    ..\\STM32F4xx_StdPeriph_Driver\\src\\stm32f4xx_spi.c 0x00000000   Number         0  stm32f4xx_spi.o ABSOLUTE
    ..\\STM32F4xx_StdPeriph_Driver\\src\\stm32f4xx_syscfg.c 0x00000000   Number         0  stm32f4xx_syscfg.o ABSOLUTE
    ..\\STM32F4xx_StdPeriph_Driver\\src\\stm32f4xx_tim.c 0x00000000   Number         0  stm32f4xx_tim.o ABSOLUTE
    ..\\STM32F4xx_StdPeriph_Driver\\src\\stm32f4xx_usart.c 0x00000000   Number         0  stm32f4xx_usart.o ABSOLUTE
    ..\\STM32F4xx_StdPeriph_Driver\\src\\stm32f4xx_wwdg.c 0x00000000   Number         0  stm32f4xx_wwdg.o ABSOLUTE
    ..\\fputc_debug.c                        0x00000000   Number         0  fputc_debug.o ABSOLUTE
    ..\\rt_CMSIS.c                           0x00000000   Number         0  rt_cmsis.o ABSOLUTE
    ..\\rt_System.c                          0x00000000   Number         0  rt_system.o ABSOLUTE
    ..\\smartRF_CC2500\\smartRF_CC2500.c     0x00000000   Number         0  smartrf_cc2500.o ABSOLUTE
    ..\\smartRF_CC2500\\wirelessTransmitter.c 0x00000000   Number         0  wirelesstransmitter.o ABSOLUTE
    ..\fputc_debug.c                         0x00000000   Number         0  fputc_debug.o ABSOLUTE
    ..\main.c                                0x00000000   Number         0  main.o ABSOLUTE
    ..\rt_CMSIS.c                            0x00000000   Number         0  rt_cmsis.o ABSOLUTE
    ..\rt_Event.c                            0x00000000   Number         0  rt_event.o ABSOLUTE
    ..\rt_List.c                             0x00000000   Number         0  rt_list.o ABSOLUTE
    ..\rt_Mailbox.c                          0x00000000   Number         0  rt_mailbox.o ABSOLUTE
    ..\rt_MemBox.c                           0x00000000   Number         0  rt_membox.o ABSOLUTE
    ..\rt_Memory.c                           0x00000000   Number         0  rt_memory.o ABSOLUTE
    ..\rt_Mutex.c                            0x00000000   Number         0  rt_mutex.o ABSOLUTE
    ..\rt_Robin.c                            0x00000000   Number         0  rt_robin.o ABSOLUTE
    ..\rt_Semaphore.c                        0x00000000   Number         0  rt_semaphore.o ABSOLUTE
    ..\rt_System.c                           0x00000000   Number         0  rt_system.o ABSOLUTE
    ..\rt_Task.c                             0x00000000   Number         0  rt_task.o ABSOLUTE
    ..\rt_Time.c                             0x00000000   Number         0  rt_time.o ABSOLUTE
    ..\smartRF_CC2500\smartRF_CC2500.c       0x00000000   Number         0  smartrf_cc2500.o ABSOLUTE
    ..\smartRF_CC2500\wirelessTransmitter.c  0x00000000   Number         0  wirelesstransmitter.o ABSOLUTE
    ..\system_stm32f4xx.c                    0x00000000   Number         0  system_stm32f4xx.o ABSOLUTE
    HAL_CM4.c                                0x00000000   Number         0  hal_cm4.o ABSOLUTE
    HAL_CM4.c                                0x00000000   Number         0  hal_cm4.o ABSOLUTE
    SVC_Table.s                              0x00000000   Number         0  SVC_Table.o ABSOLUTE
    cdrcmple.s                               0x00000000   Number         0  cdrcmple.o ABSOLUTE
    dc.s                                     0x00000000   Number         0  dc.o ABSOLUTE
    handlers.s                               0x00000000   Number         0  handlers.o ABSOLUTE
    init.s                                   0x00000000   Number         0  init.o ABSOLUTE
    RESET                                    0x08000000   Section      392  startup_stm32f4xx.o(RESET)
    .ARM.Collect$$$$00000000                 0x08000188   Section        0  entry.o(.ARM.Collect$$$$00000000)
    .ARM.Collect$$$$00000001                 0x08000188   Section        4  entry2.o(.ARM.Collect$$$$00000001)
    .ARM.Collect$$$$00000004                 0x0800018c   Section        4  entry5.o(.ARM.Collect$$$$00000004)
    .ARM.Collect$$$$00000008                 0x08000190   Section        0  entry7b.o(.ARM.Collect$$$$00000008)
    .ARM.Collect$$$$0000000A                 0x08000190   Section        0  entry8b.o(.ARM.Collect$$$$0000000A)
    .ARM.Collect$$$$0000000D                 0x08000190   Section        0  entry10a.o(.ARM.Collect$$$$0000000D)
    .ARM.Collect$$$$0000000F                 0x08000190   Section        0  entry11a.o(.ARM.Collect$$$$0000000F)
    .ARM.Collect$$$$000000FF                 0x08000190   Section        0  rtx_conf_cm.o(.ARM.Collect$$$$000000FF)
    .ARM.Collect$$$$00002712                 0x080001a0   Section        4  entry2.o(.ARM.Collect$$$$00002712)
    __lit__00000000                          0x080001a0   Data           4  entry2.o(.ARM.Collect$$$$00002712)
    .emb_text                                0x080001a4   Section      372  hal_cm4.o(.emb_text)
    $v0                                      0x080001a4   Number         0  hal_cm4.o(.emb_text)
    .text                                    0x08000318   Section        0  system_stm32f4xx.o(.text)
    SetSysClock                              0x08000319   Thumb Code   218  system_stm32f4xx.o(.text)
    .text                                    0x08000524   Section       36  startup_stm32f4xx.o(.text)
    $v0                                      0x08000524   Number         0  startup_stm32f4xx.o(.text)
    .text                                    0x08000548   Section        0  rtx_conf_cm.o(.text)
    .text                                    0x08000550   Section        0  main.o(.text)
    .text                                    0x080005c4   Section        0  misc.o(.text)
    .text                                    0x080006a8   Section        0  stm32f4xx_exti.o(.text)
    .text                                    0x080007c4   Section        0  stm32f4xx_gpio.o(.text)
    .text                                    0x08000a20   Section        0  stm32f4xx_rcc.o(.text)
    .text                                    0x08000fa8   Section        0  stm32f4xx_spi.o(.text)
    .text                                    0x0800139c   Section        0  stm32f4xx_syscfg.o(.text)
    .text                                    0x08001428   Section        0  smartrf_cc2500.o(.text)
    CC2500_SendByte                          0x0800142d   Thumb Code   102  smartrf_cc2500.o(.text)
    CC2500_Chip_Select                       0x08001493   Thumb Code    54  smartrf_cc2500.o(.text)
    CC2500_LowLevel_Init                     0x08001593   Thumb Code   258  smartrf_cc2500.o(.text)
    .text                                    0x08001970   Section        0  wirelesstransmitter.o(.text)
    .text                                    0x08001b70   Section        0  fputc_debug.o(.text)
    ITM_SendChar                             0x08001b71   Thumb Code    42  fputc_debug.o(.text)
    .text                                    0x08001bbc   Section        0  f2d.o(.text)
    .text                                    0x08001be2   Section        0  uidiv.o(.text)
    .text                                    0x08001c0e   Section        0  uldiv.o(.text)
    .text                                    0x08001c70   Section        0  iusefp.o(.text)
    .text                                    0x08001c70   Section        0  dadd.o(.text)
    .text                                    0x08001dbe   Section        0  dmul.o(.text)
    .text                                    0x08001ea2   Section        0  ddiv.o(.text)
    .text                                    0x08001f80   Section        0  dfixul.o(.text)
    .text                                    0x08001fb0   Section       40  cdrcmple.o(.text)
    .text                                    0x08001fd8   Section       36  init.o(.text)
    .text                                    0x08001ffc   Section        0  llshl.o(.text)
    .text                                    0x0800201a   Section        0  llushr.o(.text)
    .text                                    0x0800203a   Section        0  llsshr.o(.text)
    .text                                    0x0800205e   Section        0  depilogue.o(.text)
    SVC_TABLE                                0x0800211c   Section        4  SVC_Table.o(SVC_TABLE)
    i.__0printf                              0x08002120   Section        0  printfa.o(i.__0printf)
    i.__scatterload_copy                     0x08002140   Section       14  handlers.o(i.__scatterload_copy)
    i.__scatterload_null                     0x0800214e   Section        2  handlers.o(i.__scatterload_null)
    i.__scatterload_zeroinit                 0x08002150   Section       14  handlers.o(i.__scatterload_zeroinit)
    i._fp_digits                             0x08002160   Section        0  printfa.o(i._fp_digits)
    _fp_digits                               0x08002161   Thumb Code   326  printfa.o(i._fp_digits)
    i._init_box                              0x080022bc   Section        0  rt_membox.o(i._init_box)
    i._printf_core                           0x08002304   Section        0  printfa.o(i._printf_core)
    _printf_core                             0x08002305   Thumb Code  1762  printfa.o(i._printf_core)
    i._printf_post_padding                   0x080029f4   Section        0  printfa.o(i._printf_post_padding)
    _printf_post_padding                     0x080029f5   Thumb Code    38  printfa.o(i._printf_post_padding)
    i._printf_pre_padding                    0x08002a1a   Section        0  printfa.o(i._printf_pre_padding)
    _printf_pre_padding                      0x08002a1b   Thumb Code    48  printfa.o(i._printf_pre_padding)
    i.dbg_init                               0x08002a4c   Section        0  hal_cm.o(i.dbg_init)
    i.dbg_task_notify                        0x08002a7c   Section        0  hal_cm.o(i.dbg_task_notify)
    i.dbg_task_switch                        0x08002a9c   Section        0  hal_cm.o(i.dbg_task_switch)
    i.isrMessagePut                          0x08002aac   Section        0  rt_cmsis.o(i.isrMessagePut)
    isrMessagePut                            0x08002aad   Thumb Code    44  rt_cmsis.o(i.isrMessagePut)
    i.isr_evt_set                            0x08002ad8   Section        0  rt_event.o(i.isr_evt_set)
    i.isr_mbx_receive                        0x08002b00   Section        0  rt_mailbox.o(i.isr_mbx_receive)
    i.isr_mbx_send                           0x08002b50   Section        0  rt_mailbox.o(i.isr_mbx_send)
    i.osDelay                                0x08002b60   Section        0  rt_cmsis.o(i.osDelay)
    i.osKernelStart                          0x08002b78   Section        0  rt_cmsis.o(i.osKernelStart)
    i.osMessageGet                           0x08002be0   Section        0  rt_cmsis.o(i.osMessageGet)
    i.osSignalSet                            0x08002c24   Section        0  rt_cmsis.o(i.osSignalSet)
    i.osSignalWait                           0x08002c58   Section        0  rt_cmsis.o(i.osSignalWait)
    i.osThreadCreate                         0x08002c70   Section        0  rt_cmsis.o(i.osThreadCreate)
    i.osThreadExit                           0x08002c88   Section        0  rt_cmsis.o(i.osThreadExit)
    i.osTimerCall                            0x08002ca0   Section        0  rt_cmsis.o(i.osTimerCall)
    i.osTimerThread                          0x08002cac   Section        0  rt_cmsis.o(i.osTimerThread)
    i.rt_alloc_box                           0x08002cd8   Section        0  rt_membox.o(i.rt_alloc_box)
    i.rt_alloc_mem                           0x08002cf4   Section        0  rt_memory.o(i.rt_alloc_mem)
    i.rt_block                               0x08002d30   Section        0  rt_task.o(i.rt_block)
    i.rt_chk_robin                           0x08002d68   Section        0  rt_robin.o(i.rt_chk_robin)
    i.rt_dec_dly                             0x08002db0   Section        0  rt_list.o(i.rt_dec_dly)
    i.rt_dispatch                            0x08002e20   Section        0  rt_task.o(i.rt_dispatch)
    i.rt_dly_wait                            0x08002e64   Section        0  rt_time.o(i.rt_dly_wait)
    i.rt_evt_psh                             0x08002e6c   Section        0  rt_event.o(i.rt_evt_psh)
    i.rt_evt_set                             0x08002ebc   Section        0  rt_event.o(i.rt_evt_set)
    i.rt_evt_wait                            0x08002f18   Section        0  rt_event.o(i.rt_evt_wait)
    i.rt_free_box                            0x08002f58   Section        0  rt_membox.o(i.rt_free_box)
    i.rt_free_mem                            0x08002f78   Section        0  rt_memory.o(i.rt_free_mem)
    i.rt_get_first                           0x08002fa0   Section        0  rt_list.o(i.rt_get_first)
    i.rt_id2obj                              0x08002fc8   Section        0  rt_cmsis.o(i.rt_id2obj)
    rt_id2obj                                0x08002fc9   Thumb Code     8  rt_cmsis.o(i.rt_id2obj)
    i.rt_init_context                        0x08002fd0   Section        0  rt_task.o(i.rt_init_context)
    rt_init_context                          0x08002fd1   Thumb Code    60  rt_task.o(i.rt_init_context)
    i.rt_init_mem                            0x08003010   Section        0  rt_memory.o(i.rt_init_mem)
    i.rt_init_robin                          0x0800302c   Section        0  rt_robin.o(i.rt_init_robin)
    i.rt_init_stack                          0x08003044   Section        0  hal_cm.o(i.rt_init_stack)
    i.rt_mbx_check                           0x08003094   Section        0  rt_mailbox.o(i.rt_mbx_check)
    i.rt_mbx_init                            0x0800309c   Section        0  rt_mailbox.o(i.rt_mbx_init)
    i.rt_mbx_psh                             0x080030b8   Section        0  rt_mailbox.o(i.rt_mbx_psh)
    i.rt_mbx_wait                            0x080031b4   Section        0  rt_mailbox.o(i.rt_mbx_wait)
    i.rt_ms2tick                             0x08003268   Section        0  rt_cmsis.o(i.rt_ms2tick)
    rt_ms2tick                               0x08003269   Thumb Code    50  rt_cmsis.o(i.rt_ms2tick)
    i.rt_pop_req                             0x080032a4   Section        0  rt_system.o(i.rt_pop_req)
    i.rt_psh_req                             0x0800331c   Section        0  rt_system.o(i.rt_psh_req)
    i.rt_psq_enq                             0x0800333c   Section        0  rt_list.o(i.rt_psq_enq)
    i.rt_put_dly                             0x08003394   Section        0  rt_list.o(i.rt_put_dly)
    i.rt_put_prio                            0x080033f0   Section        0  rt_list.o(i.rt_put_prio)
    i.rt_put_rdy_first                       0x08003428   Section        0  rt_list.o(i.rt_put_rdy_first)
    i.rt_ret_regs                            0x0800343c   Section        0  hal_cm.o(i.rt_ret_regs)
    rt_ret_regs                              0x0800343d   Thumb Code    16  hal_cm.o(i.rt_ret_regs)
    i.rt_ret_val                             0x0800344c   Section        0  hal_cm.o(i.rt_ret_val)
    i.rt_ret_val2                            0x08003458   Section        0  hal_cm.o(i.rt_ret_val2)
    i.rt_rmv_dly                             0x08003468   Section        0  rt_list.o(i.rt_rmv_dly)
    i.rt_rmv_list                            0x08003490   Section        0  rt_list.o(i.rt_rmv_list)
    i.rt_sem_psh                             0x080034c0   Section        0  rt_semaphore.o(i.rt_sem_psh)
    i.rt_stk_check                           0x080034f4   Section        0  rt_system.o(i.rt_stk_check)
    i.rt_switch_req                          0x08003518   Section        0  rt_task.o(i.rt_switch_req)
    i.rt_sys_init                            0x08003540   Section        0  rt_task.o(i.rt_sys_init)
    i.rt_systick                             0x08003680   Section        0  rt_system.o(i.rt_systick)
    i.rt_tid2ptcb                            0x080036bc   Section        0  rt_cmsis.o(i.rt_tid2ptcb)
    rt_tid2ptcb                              0x080036bd   Thumb Code    18  rt_cmsis.o(i.rt_tid2ptcb)
    i.rt_timer_insert                        0x080036d0   Section        0  rt_cmsis.o(i.rt_timer_insert)
    rt_timer_insert                          0x080036d1   Thumb Code    56  rt_cmsis.o(i.rt_timer_insert)
    i.rt_tsk_create                          0x0800370c   Section        0  rt_task.o(i.rt_tsk_create)
    i.rt_tsk_delete                          0x0800378c   Section        0  rt_task.o(i.rt_tsk_delete)
    i.rt_tsk_self                            0x08003838   Section        0  rt_task.o(i.rt_tsk_self)
    i.svcDelay                               0x08003848   Section        0  rt_cmsis.o(i.svcDelay)
    i.svcKernelStart                         0x0800385c   Section        0  rt_cmsis.o(i.svcKernelStart)
    i.svcMessageCreate                       0x08003930   Section        0  rt_cmsis.o(i.svcMessageCreate)
    i.svcMessageGet                          0x08003954   Section        0  rt_cmsis.o(i.svcMessageGet)
    i.svcSignalSet                           0x0800398e   Section        0  rt_cmsis.o(i.svcSignalSet)
    i.svcSignalWait                          0x080039b4   Section        0  rt_cmsis.o(i.svcSignalWait)
    i.svcThreadCreate                        0x08003a08   Section        0  rt_cmsis.o(i.svcThreadCreate)
    i.svcThreadGetId                         0x08003a78   Section        0  rt_cmsis.o(i.svcThreadGetId)
    i.svcThreadTerminate                     0x08003a94   Section        0  rt_cmsis.o(i.svcThreadTerminate)
    i.svcTimerCall                           0x08003acc   Section        0  rt_cmsis.o(i.svcTimerCall)
    i.sysTimerTick                           0x08003ae4   Section        0  rt_cmsis.o(i.sysTimerTick)
    .constdata                               0x08003b38   Section       88  rtx_conf_cm.o(.constdata)
    __tagsym$$used                           0x08003b4c   Number         0  rtx_conf_cm.o(.constdata)
    __tagsym$$used                           0x08003b50   Number         0  rtx_conf_cm.o(.constdata)
    .constdata                               0x08003b90   Section       16  wirelesstransmitter.o(.constdata)
    .bss                                     0x10000000   Section     6992  rtx_conf_cm.o(.bss)
    .data                                    0x20000000   Section       20  system_stm32f4xx.o(.data)
    .data                                    0x20000014   Section       16  rtx_conf_cm.o(.data)
    .data                                    0x20000024   Section       16  stm32f4xx_rcc.o(.data)
    APBAHBPrescTable                         0x20000024   Data          16  stm32f4xx_rcc.o(.data)
    .data                                    0x20000034   Section        4  smartrf_cc2500.o(.data)
    .data                                    0x20000038   Section        4  wirelesstransmitter.o(.data)
    .data                                    0x2000003c   Section        8  fputc_debug.o(.data)
    .data                                    0x20000044   Section        4  rt_cmsis.o(.data)
    .data                                    0x20000048   Section        8  rt_task.o(.data)
    .data                                    0x20000050   Section        3  rt_system.o(.data)
    os_lock                                  0x20000050   Data           1  rt_system.o(.data)
    os_psh_flag                              0x20000051   Data           1  rt_system.o(.data)
    pend_flags                               0x20000052   Data           1  rt_system.o(.data)
    .data                                    0x20000054   Section        2  rt_time.o(.data)
    .data                                    0x20000056   Section        1  hal_cm.o(.data)
    .data                                    0x20000058   Section        8  rt_robin.o(.data)
    .bss                                     0x20000060   Section       48  rt_task.o(.bss)
    .bss                                     0x20000090   Section       48  rt_list.o(.bss)
    STACK                                    0x200000c0   Section     1024  startup_stm32f4xx.o(STACK)

    Global Symbols

    Symbol Name                              Value     Ov Type        Size  Object(Section)

    BuildAttributes$$THM_ISAv4$E$P$D$K$B$S$7EM$VFPi3$EXTD16$VFPS$VFMA$PE$A:L22UL41UL21$X:L11$S22US41US21$IEEE1$IW$USESV6$~STKCKD$USESV7$~SHL$OSPACE$ROPI$EBA8$MICROLIB$REQ8$PRES8$EABIv2 0x00000000   Number         0  anon$$obj.o ABSOLUTE
    __ARM_use_no_argv                        0x00000000   Number         0  main.o ABSOLUTE
    __use_no_errno                           0x00000000   Number         0  useno.o ABSOLUTE
    __use_no_exception_handling              0x00000000   Number         0  useno.o ABSOLUTE
    __use_no_fp                              0x00000000   Number         0  useno.o ABSOLUTE
    __use_no_heap                            0x00000000   Number         0  useno.o ABSOLUTE
    __use_no_heap_region                     0x00000000   Number         0  useno.o ABSOLUTE
    __use_no_semihosting                     0x00000000   Number         0  useno.o ABSOLUTE
    __use_no_semihosting_swi                 0x00000000   Number         0  useno.o ABSOLUTE
    __use_no_signal_handling                 0x00000000   Number         0  useno.o ABSOLUTE
    _printf_a                                0x00000000   Number         0  stubs.o ABSOLUTE
    _printf_c                                0x00000000   Number         0  stubs.o ABSOLUTE
    _printf_charcount                        0x00000000   Number         0  stubs.o ABSOLUTE
    _printf_d                                0x00000000   Number         0  stubs.o ABSOLUTE
    _printf_e                                0x00000000   Number         0  stubs.o ABSOLUTE
    _printf_f                                0x00000000   Number         0  stubs.o ABSOLUTE
    _printf_flags                            0x00000000   Number         0  stubs.o ABSOLUTE
    _printf_fp_dec                           0x00000000   Number         0  stubs.o ABSOLUTE
    _printf_fp_hex                           0x00000000   Number         0  stubs.o ABSOLUTE
    _printf_g                                0x00000000   Number         0  stubs.o ABSOLUTE
    _printf_i                                0x00000000   Number         0  stubs.o ABSOLUTE
    _printf_int_dec                          0x00000000   Number         0  stubs.o ABSOLUTE
    _printf_l                                0x00000000   Number         0  stubs.o ABSOLUTE
    _printf_lc                               0x00000000   Number         0  stubs.o ABSOLUTE
    _printf_ll                               0x00000000   Number         0  stubs.o ABSOLUTE
    _printf_lld                              0x00000000   Number         0  stubs.o ABSOLUTE
    _printf_lli                              0x00000000   Number         0  stubs.o ABSOLUTE
    _printf_llo                              0x00000000   Number         0  stubs.o ABSOLUTE
    _printf_llu                              0x00000000   Number         0  stubs.o ABSOLUTE
    _printf_llx                              0x00000000   Number         0  stubs.o ABSOLUTE
    _printf_longlong_dec                     0x00000000   Number         0  stubs.o ABSOLUTE
    _printf_longlong_hex                     0x00000000   Number         0  stubs.o ABSOLUTE
    _printf_longlong_oct                     0x00000000   Number         0  stubs.o ABSOLUTE
    _printf_ls                               0x00000000   Number         0  stubs.o ABSOLUTE
    _printf_mbtowc                           0x00000000   Number         0  stubs.o ABSOLUTE
    _printf_n                                0x00000000   Number         0  stubs.o ABSOLUTE
    _printf_o                                0x00000000   Number         0  stubs.o ABSOLUTE
    _printf_p                                0x00000000   Number         0  stubs.o ABSOLUTE
    _printf_percent                          0x00000000   Number         0  stubs.o ABSOLUTE
    _printf_pre_padding                      0x00000000   Number         0  stubs.o ABSOLUTE
    _printf_return_value                     0x00000000   Number         0  stubs.o ABSOLUTE
    _printf_s                                0x00000000   Number         0  stubs.o ABSOLUTE
    _printf_sizespec                         0x00000000   Number         0  stubs.o ABSOLUTE
    _printf_str                              0x00000000   Number         0  stubs.o ABSOLUTE
    _printf_truncate_signed                  0x00000000   Number         0  stubs.o ABSOLUTE
    _printf_truncate_unsigned                0x00000000   Number         0  stubs.o ABSOLUTE
    _printf_u                                0x00000000   Number         0  stubs.o ABSOLUTE
    _printf_wc                               0x00000000   Number         0  stubs.o ABSOLUTE
    _printf_wctomb                           0x00000000   Number         0  stubs.o ABSOLUTE
    _printf_widthprec                        0x00000000   Number         0  stubs.o ABSOLUTE
    _printf_x                                0x00000000   Number         0  stubs.o ABSOLUTE
    __cpp_initialize__aeabi_                  - Undefined Weak Reference
    __cxa_finalize                            - Undefined Weak Reference
    __decompress                              - Undefined Weak Reference
    _clock_init                               - Undefined Weak Reference
    _microlib_exit                            - Undefined Weak Reference
    __Vectors_Size                           0x00000188   Number         0  startup_stm32f4xx.o ABSOLUTE
    __RL_RTX_VER                             0x00000422   Number         0  rt_system.o ABSOLUTE
    __Vectors                                0x08000000   Data           4  startup_stm32f4xx.o(RESET)
    __Vectors_End                            0x08000188   Data           0  startup_stm32f4xx.o(RESET)
    __main                                   0x08000189   Thumb Code     0  entry.o(.ARM.Collect$$$$00000000)
    _main_stk                                0x08000189   Thumb Code     0  entry2.o(.ARM.Collect$$$$00000001)
    _main_scatterload                        0x0800018d   Thumb Code     0  entry5.o(.ARM.Collect$$$$00000004)
    __main_after_scatterload                 0x08000191   Thumb Code     0  entry5.o(.ARM.Collect$$$$00000004)
    __rt_final_cpp                           0x08000191   Thumb Code     0  entry10a.o(.ARM.Collect$$$$0000000D)
    __rt_final_exit                          0x08000191   Thumb Code     0  entry11a.o(.ARM.Collect$$$$0000000F)
    _main_clock                              0x08000191   Thumb Code     0  entry7b.o(.ARM.Collect$$$$00000008)
    _main_cpp_init                           0x08000191   Thumb Code     0  entry8b.o(.ARM.Collect$$$$0000000A)
    _main_init                               0x08000191   Thumb Code    10  rtx_conf_cm.o(.ARM.Collect$$$$000000FF)
    rt_set_PSP                               0x080001a5   Thumb Code     6  hal_cm4.o(.emb_text)
    os_set_env                               0x080001ab   Thumb Code    26  hal_cm4.o(.emb_text)
    _alloc_box                               0x080001c9   Thumb Code    28  hal_cm4.o(.emb_text)
    _free_box                                0x080001e9   Thumb Code    28  hal_cm4.o(.emb_text)
    SVC_Handler                              0x08000209   Thumb Code   152  hal_cm4.o(.emb_text)
    PendSV_Handler                           0x080002ad   Thumb Code     0  hal_cm4.o(.emb_text)
    Sys_Handler                              0x080002ad   Thumb Code   104  hal_cm4.o(.emb_text)
    SysTick_Handler                          0x0800030d   Thumb Code     0  hal_cm4.o(.emb_text)
    SystemInit                               0x080003f3   Thumb Code    88  system_stm32f4xx.o(.text)
    SystemCoreClockUpdate                    0x0800044b   Thumb Code   174  system_stm32f4xx.o(.text)
    Reset_Handler                            0x08000525   Thumb Code     8  startup_stm32f4xx.o(.text)
    NMI_Handler                              0x0800052d   Thumb Code     2  startup_stm32f4xx.o(.text)
    HardFault_Handler                        0x0800052f   Thumb Code     2  startup_stm32f4xx.o(.text)
    MemManage_Handler                        0x08000531   Thumb Code     2  startup_stm32f4xx.o(.text)
    BusFault_Handler                         0x08000533   Thumb Code     2  startup_stm32f4xx.o(.text)
    UsageFault_Handler                       0x08000535   Thumb Code     2  startup_stm32f4xx.o(.text)
    DebugMon_Handler                         0x08000539   Thumb Code     2  startup_stm32f4xx.o(.text)
    ADC_IRQHandler                           0x0800053f   Thumb Code     0  startup_stm32f4xx.o(.text)
    CAN1_RX0_IRQHandler                      0x0800053f   Thumb Code     0  startup_stm32f4xx.o(.text)
    CAN1_RX1_IRQHandler                      0x0800053f   Thumb Code     0  startup_stm32f4xx.o(.text)
    CAN1_SCE_IRQHandler                      0x0800053f   Thumb Code     0  startup_stm32f4xx.o(.text)
    CAN1_TX_IRQHandler                       0x0800053f   Thumb Code     0  startup_stm32f4xx.o(.text)
    CAN2_RX0_IRQHandler                      0x0800053f   Thumb Code     0  startup_stm32f4xx.o(.text)
    CAN2_RX1_IRQHandler                      0x0800053f   Thumb Code     0  startup_stm32f4xx.o(.text)
    CAN2_SCE_IRQHandler                      0x0800053f   Thumb Code     0  startup_stm32f4xx.o(.text)
    CAN2_TX_IRQHandler                       0x0800053f   Thumb Code     0  startup_stm32f4xx.o(.text)
    CRYP_IRQHandler                          0x0800053f   Thumb Code     0  startup_stm32f4xx.o(.text)
    DCMI_IRQHandler                          0x0800053f   Thumb Code     0  startup_stm32f4xx.o(.text)
    DMA1_Stream0_IRQHandler                  0x0800053f   Thumb Code     0  startup_stm32f4xx.o(.text)
    DMA1_Stream1_IRQHandler                  0x0800053f   Thumb Code     0  startup_stm32f4xx.o(.text)
    DMA1_Stream2_IRQHandler                  0x0800053f   Thumb Code     0  startup_stm32f4xx.o(.text)
    DMA1_Stream3_IRQHandler                  0x0800053f   Thumb Code     0  startup_stm32f4xx.o(.text)
    DMA1_Stream4_IRQHandler                  0x0800053f   Thumb Code     0  startup_stm32f4xx.o(.text)
    DMA1_Stream5_IRQHandler                  0x0800053f   Thumb Code     0  startup_stm32f4xx.o(.text)
    DMA1_Stream6_IRQHandler                  0x0800053f   Thumb Code     0  startup_stm32f4xx.o(.text)
    DMA1_Stream7_IRQHandler                  0x0800053f   Thumb Code     0  startup_stm32f4xx.o(.text)
    DMA2_Stream0_IRQHandler                  0x0800053f   Thumb Code     0  startup_stm32f4xx.o(.text)
    DMA2_Stream1_IRQHandler                  0x0800053f   Thumb Code     0  startup_stm32f4xx.o(.text)
    DMA2_Stream2_IRQHandler                  0x0800053f   Thumb Code     0  startup_stm32f4xx.o(.text)
    DMA2_Stream3_IRQHandler                  0x0800053f   Thumb Code     0  startup_stm32f4xx.o(.text)
    DMA2_Stream4_IRQHandler                  0x0800053f   Thumb Code     0  startup_stm32f4xx.o(.text)
    DMA2_Stream5_IRQHandler                  0x0800053f   Thumb Code     0  startup_stm32f4xx.o(.text)
    DMA2_Stream6_IRQHandler                  0x0800053f   Thumb Code     0  startup_stm32f4xx.o(.text)
    DMA2_Stream7_IRQHandler                  0x0800053f   Thumb Code     0  startup_stm32f4xx.o(.text)
    ETH_IRQHandler                           0x0800053f   Thumb Code     0  startup_stm32f4xx.o(.text)
    ETH_WKUP_IRQHandler                      0x0800053f   Thumb Code     0  startup_stm32f4xx.o(.text)
    EXTI0_IRQHandler                         0x0800053f   Thumb Code     0  startup_stm32f4xx.o(.text)
    EXTI15_10_IRQHandler                     0x0800053f   Thumb Code     0  startup_stm32f4xx.o(.text)
    EXTI1_IRQHandler                         0x0800053f   Thumb Code     0  startup_stm32f4xx.o(.text)
    EXTI2_IRQHandler                         0x0800053f   Thumb Code     0  startup_stm32f4xx.o(.text)
    EXTI3_IRQHandler                         0x0800053f   Thumb Code     0  startup_stm32f4xx.o(.text)
    EXTI9_5_IRQHandler                       0x0800053f   Thumb Code     0  startup_stm32f4xx.o(.text)
    FLASH_IRQHandler                         0x0800053f   Thumb Code     0  startup_stm32f4xx.o(.text)
    FPU_IRQHandler                           0x0800053f   Thumb Code     0  startup_stm32f4xx.o(.text)
    FSMC_IRQHandler                          0x0800053f   Thumb Code     0  startup_stm32f4xx.o(.text)
    HASH_RNG_IRQHandler                      0x0800053f   Thumb Code     0  startup_stm32f4xx.o(.text)
    I2C1_ER_IRQHandler                       0x0800053f   Thumb Code     0  startup_stm32f4xx.o(.text)
    I2C1_EV_IRQHandler                       0x0800053f   Thumb Code     0  startup_stm32f4xx.o(.text)
    I2C2_ER_IRQHandler                       0x0800053f   Thumb Code     0  startup_stm32f4xx.o(.text)
    I2C2_EV_IRQHandler                       0x0800053f   Thumb Code     0  startup_stm32f4xx.o(.text)
    I2C3_ER_IRQHandler                       0x0800053f   Thumb Code     0  startup_stm32f4xx.o(.text)
    I2C3_EV_IRQHandler                       0x0800053f   Thumb Code     0  startup_stm32f4xx.o(.text)
    OTG_FS_IRQHandler                        0x0800053f   Thumb Code     0  startup_stm32f4xx.o(.text)
    OTG_FS_WKUP_IRQHandler                   0x0800053f   Thumb Code     0  startup_stm32f4xx.o(.text)
    OTG_HS_EP1_IN_IRQHandler                 0x0800053f   Thumb Code     0  startup_stm32f4xx.o(.text)
    OTG_HS_EP1_OUT_IRQHandler                0x0800053f   Thumb Code     0  startup_stm32f4xx.o(.text)
    OTG_HS_IRQHandler                        0x0800053f   Thumb Code     0  startup_stm32f4xx.o(.text)
    OTG_HS_WKUP_IRQHandler                   0x0800053f   Thumb Code     0  startup_stm32f4xx.o(.text)
    PVD_IRQHandler                           0x0800053f   Thumb Code     0  startup_stm32f4xx.o(.text)
    RCC_IRQHandler                           0x0800053f   Thumb Code     0  startup_stm32f4xx.o(.text)
    RTC_Alarm_IRQHandler                     0x0800053f   Thumb Code     0  startup_stm32f4xx.o(.text)
    RTC_WKUP_IRQHandler                      0x0800053f   Thumb Code     0  startup_stm32f4xx.o(.text)
    SDIO_IRQHandler                          0x0800053f   Thumb Code     0  startup_stm32f4xx.o(.text)
    SPI1_IRQHandler                          0x0800053f   Thumb Code     0  startup_stm32f4xx.o(.text)
    SPI2_IRQHandler                          0x0800053f   Thumb Code     0  startup_stm32f4xx.o(.text)
    SPI3_IRQHandler                          0x0800053f   Thumb Code     0  startup_stm32f4xx.o(.text)
    TAMP_STAMP_IRQHandler                    0x0800053f   Thumb Code     0  startup_stm32f4xx.o(.text)
    TIM1_BRK_TIM9_IRQHandler                 0x0800053f   Thumb Code     0  startup_stm32f4xx.o(.text)
    TIM1_CC_IRQHandler                       0x0800053f   Thumb Code     0  startup_stm32f4xx.o(.text)
    TIM1_TRG_COM_TIM11_IRQHandler            0x0800053f   Thumb Code     0  startup_stm32f4xx.o(.text)
    TIM1_UP_TIM10_IRQHandler                 0x0800053f   Thumb Code     0  startup_stm32f4xx.o(.text)
    TIM2_IRQHandler                          0x0800053f   Thumb Code     0  startup_stm32f4xx.o(.text)
    TIM3_IRQHandler                          0x0800053f   Thumb Code     0  startup_stm32f4xx.o(.text)
    TIM4_IRQHandler                          0x0800053f   Thumb Code     0  startup_stm32f4xx.o(.text)
    TIM5_IRQHandler                          0x0800053f   Thumb Code     0  startup_stm32f4xx.o(.text)
    TIM6_DAC_IRQHandler                      0x0800053f   Thumb Code     0  startup_stm32f4xx.o(.text)
    TIM7_IRQHandler                          0x0800053f   Thumb Code     0  startup_stm32f4xx.o(.text)
    TIM8_BRK_TIM12_IRQHandler                0x0800053f   Thumb Code     0  startup_stm32f4xx.o(.text)
    TIM8_CC_IRQHandler                       0x0800053f   Thumb Code     0  startup_stm32f4xx.o(.text)
    TIM8_TRG_COM_TIM14_IRQHandler            0x0800053f   Thumb Code     0  startup_stm32f4xx.o(.text)
    TIM8_UP_TIM13_IRQHandler                 0x0800053f   Thumb Code     0  startup_stm32f4xx.o(.text)
    UART4_IRQHandler                         0x0800053f   Thumb Code     0  startup_stm32f4xx.o(.text)
    UART5_IRQHandler                         0x0800053f   Thumb Code     0  startup_stm32f4xx.o(.text)
    USART1_IRQHandler                        0x0800053f   Thumb Code     0  startup_stm32f4xx.o(.text)
    USART2_IRQHandler                        0x0800053f   Thumb Code     0  startup_stm32f4xx.o(.text)
    USART3_IRQHandler                        0x0800053f   Thumb Code     0  startup_stm32f4xx.o(.text)
    USART6_IRQHandler                        0x0800053f   Thumb Code     0  startup_stm32f4xx.o(.text)
    WWDG_IRQHandler                          0x0800053f   Thumb Code     0  startup_stm32f4xx.o(.text)
    os_idle_demon                            0x08000549   Thumb Code     4  rtx_conf_cm.o(.text)
    os_error                                 0x0800054d   Thumb Code     4  rtx_conf_cm.o(.text)
    test_receive                             0x08000551   Thumb Code     2  main.o(.text)
    test_send                                0x08000553   Thumb Code    86  main.o(.text)
    main                                     0x080005a9   Thumb Code    18  main.o(.text)
    NVIC_PriorityGroupConfig                 0x080005c5   Thumb Code    10  misc.o(.text)
    NVIC_Init                                0x080005cf   Thumb Code   108  misc.o(.text)
    NVIC_SetVectorTable                      0x0800063b   Thumb Code    14  misc.o(.text)
    NVIC_SystemLPConfig                      0x08000649   Thumb Code    34  misc.o(.text)
    SysTick_CLKSourceConfig                  0x0800066b   Thumb Code    40  misc.o(.text)
    EXTI_DeInit                              0x080006a9   Thumb Code    28  stm32f4xx_exti.o(.text)
    EXTI_Init                                0x080006c5   Thumb Code   142  stm32f4xx_exti.o(.text)
    EXTI_StructInit                          0x08000753   Thumb Code    16  stm32f4xx_exti.o(.text)
    EXTI_GenerateSWInterrupt                 0x08000763   Thumb Code    16  stm32f4xx_exti.o(.text)
    EXTI_GetFlagStatus                       0x08000773   Thumb Code    22  stm32f4xx_exti.o(.text)
    EXTI_ClearFlag                           0x08000789   Thumb Code     8  stm32f4xx_exti.o(.text)
    EXTI_GetITStatus                         0x08000791   Thumb Code    34  stm32f4xx_exti.o(.text)
    EXTI_ClearITPendingBit                   0x080007b3   Thumb Code     8  stm32f4xx_exti.o(.text)
    GPIO_DeInit                              0x080007c5   Thumb Code   220  stm32f4xx_gpio.o(.text)
    GPIO_Init                                0x080008a1   Thumb Code   144  stm32f4xx_gpio.o(.text)
    GPIO_StructInit                          0x08000931   Thumb Code    18  stm32f4xx_gpio.o(.text)
    GPIO_PinLockConfig                       0x08000943   Thumb Code    34  stm32f4xx_gpio.o(.text)
    GPIO_ReadInputDataBit                    0x08000965   Thumb Code    18  stm32f4xx_gpio.o(.text)
    GPIO_ReadInputData                       0x08000977   Thumb Code     8  stm32f4xx_gpio.o(.text)
    GPIO_ReadOutputDataBit                   0x0800097f   Thumb Code    18  stm32f4xx_gpio.o(.text)
    GPIO_ReadOutputData                      0x08000991   Thumb Code     8  stm32f4xx_gpio.o(.text)
    GPIO_SetBits                             0x08000999   Thumb Code     4  stm32f4xx_gpio.o(.text)
    GPIO_ResetBits                           0x0800099d   Thumb Code     4  stm32f4xx_gpio.o(.text)
    GPIO_WriteBit                            0x080009a1   Thumb Code    10  stm32f4xx_gpio.o(.text)
    GPIO_Write                               0x080009ab   Thumb Code     4  stm32f4xx_gpio.o(.text)
    GPIO_ToggleBits                          0x080009af   Thumb Code     8  stm32f4xx_gpio.o(.text)
    GPIO_PinAFConfig                         0x080009b7   Thumb Code    70  stm32f4xx_gpio.o(.text)
    RCC_DeInit                               0x08000a21   Thumb Code    60  stm32f4xx_rcc.o(.text)
    RCC_HSEConfig                            0x08000a5d   Thumb Code    14  stm32f4xx_rcc.o(.text)
    RCC_GetFlagStatus                        0x08000a6b   Thumb Code    60  stm32f4xx_rcc.o(.text)
    RCC_WaitForHSEStartUp                    0x08000aa7   Thumb Code    56  stm32f4xx_rcc.o(.text)
    RCC_AdjustHSICalibrationValue            0x08000adf   Thumb Code    20  stm32f4xx_rcc.o(.text)
    RCC_HSICmd                               0x08000af3   Thumb Code     6  stm32f4xx_rcc.o(.text)
    RCC_LSEConfig                            0x08000af9   Thumb Code    46  stm32f4xx_rcc.o(.text)
    RCC_LSICmd                               0x08000b27   Thumb Code     6  stm32f4xx_rcc.o(.text)
    RCC_PLLConfig                            0x08000b2d   Thumb Code    32  stm32f4xx_rcc.o(.text)
    RCC_PLLCmd                               0x08000b4d   Thumb Code     6  stm32f4xx_rcc.o(.text)
    RCC_PLLI2SConfig                         0x08000b53   Thumb Code    14  stm32f4xx_rcc.o(.text)
    RCC_PLLI2SCmd                            0x08000b61   Thumb Code     6  stm32f4xx_rcc.o(.text)
    RCC_ClockSecuritySystemCmd               0x08000b67   Thumb Code     6  stm32f4xx_rcc.o(.text)
    RCC_MCO1Config                           0x08000b6d   Thumb Code    28  stm32f4xx_rcc.o(.text)
    RCC_MCO2Config                           0x08000b89   Thumb Code    28  stm32f4xx_rcc.o(.text)
    RCC_SYSCLKConfig                         0x08000ba5   Thumb Code    20  stm32f4xx_rcc.o(.text)
    RCC_GetSYSCLKSource                      0x08000bb9   Thumb Code    12  stm32f4xx_rcc.o(.text)
    RCC_HCLKConfig                           0x08000bc5   Thumb Code    20  stm32f4xx_rcc.o(.text)
    RCC_PCLK1Config                          0x08000bd9   Thumb Code    20  stm32f4xx_rcc.o(.text)
    RCC_PCLK2Config                          0x08000bed   Thumb Code    22  stm32f4xx_rcc.o(.text)
    RCC_GetClocksFreq                        0x08000c03   Thumb Code   222  stm32f4xx_rcc.o(.text)
    RCC_RTCCLKConfig                         0x08000ce1   Thumb Code    54  stm32f4xx_rcc.o(.text)
    RCC_RTCCLKCmd                            0x08000d17   Thumb Code     8  stm32f4xx_rcc.o(.text)
    RCC_BackupResetCmd                       0x08000d1f   Thumb Code     8  stm32f4xx_rcc.o(.text)
    RCC_I2SCLKConfig                         0x08000d27   Thumb Code     6  stm32f4xx_rcc.o(.text)
    RCC_AHB1PeriphClockCmd                   0x08000d2d   Thumb Code    34  stm32f4xx_rcc.o(.text)
    RCC_AHB2PeriphClockCmd                   0x08000d4f   Thumb Code    34  stm32f4xx_rcc.o(.text)
    RCC_AHB3PeriphClockCmd                   0x08000d71   Thumb Code    34  stm32f4xx_rcc.o(.text)
    RCC_APB1PeriphClockCmd                   0x08000d93   Thumb Code    34  stm32f4xx_rcc.o(.text)
    RCC_APB2PeriphClockCmd                   0x08000db5   Thumb Code    34  stm32f4xx_rcc.o(.text)
    RCC_AHB1PeriphResetCmd                   0x08000dd7   Thumb Code    34  stm32f4xx_rcc.o(.text)
    RCC_AHB2PeriphResetCmd                   0x08000df9   Thumb Code    72  stm32f4xx_rcc.o(.text)
    RCC_AHB3PeriphResetCmd                   0x08000e41   Thumb Code    34  stm32f4xx_rcc.o(.text)
    RCC_APB1PeriphResetCmd                   0x08000e63   Thumb Code    34  stm32f4xx_rcc.o(.text)
    RCC_APB2PeriphResetCmd                   0x08000e85   Thumb Code    34  stm32f4xx_rcc.o(.text)
    RCC_AHB1PeriphClockLPModeCmd             0x08000ea7   Thumb Code    34  stm32f4xx_rcc.o(.text)
    RCC_AHB2PeriphClockLPModeCmd             0x08000ec9   Thumb Code    34  stm32f4xx_rcc.o(.text)
    RCC_AHB3PeriphClockLPModeCmd             0x08000eeb   Thumb Code    34  stm32f4xx_rcc.o(.text)
    RCC_APB1PeriphClockLPModeCmd             0x08000f0d   Thumb Code    34  stm32f4xx_rcc.o(.text)
    RCC_APB2PeriphClockLPModeCmd             0x08000f2f   Thumb Code    34  stm32f4xx_rcc.o(.text)
    RCC_ITConfig                             0x08000f51   Thumb Code    34  stm32f4xx_rcc.o(.text)
    RCC_ClearFlag                            0x08000f73   Thumb Code    18  stm32f4xx_rcc.o(.text)
    RCC_GetITStatus                          0x08000f85   Thumb Code    22  stm32f4xx_rcc.o(.text)
    RCC_ClearITPendingBit                    0x08000f9b   Thumb Code     8  stm32f4xx_rcc.o(.text)
    SPI_I2S_DeInit                           0x08000fa9   Thumb Code    76  stm32f4xx_spi.o(.text)
    SPI_Init                                 0x08000ff5   Thumb Code    60  stm32f4xx_spi.o(.text)
    I2S_Init                                 0x08001031   Thumb Code   346  stm32f4xx_spi.o(.text)
    SPI_StructInit                           0x0800118b   Thumb Code    24  stm32f4xx_spi.o(.text)
    I2S_StructInit                           0x080011a3   Thumb Code    20  stm32f4xx_spi.o(.text)
    SPI_Cmd                                  0x080011b7   Thumb Code    24  stm32f4xx_spi.o(.text)
    I2S_Cmd                                  0x080011cf   Thumb Code    24  stm32f4xx_spi.o(.text)
    SPI_DataSizeConfig                       0x080011e7   Thumb Code    18  stm32f4xx_spi.o(.text)
    SPI_BiDirectionalLineConfig              0x080011f9   Thumb Code    28  stm32f4xx_spi.o(.text)
    SPI_NSSInternalSoftwareConfig            0x08001215   Thumb Code    30  stm32f4xx_spi.o(.text)
    SPI_SSOutputCmd                          0x08001233   Thumb Code    24  stm32f4xx_spi.o(.text)
    SPI_TIModeCmd                            0x0800124b   Thumb Code    24  stm32f4xx_spi.o(.text)
    I2S_FullDuplexConfig                     0x08001263   Thumb Code    80  stm32f4xx_spi.o(.text)
    SPI_I2S_ReceiveData                      0x080012b3   Thumb Code     6  stm32f4xx_spi.o(.text)
    SPI_I2S_SendData                         0x080012b9   Thumb Code     4  stm32f4xx_spi.o(.text)
    SPI_CalculateCRC                         0x080012bd   Thumb Code    24  stm32f4xx_spi.o(.text)
    SPI_TransmitCRC                          0x080012d5   Thumb Code    10  stm32f4xx_spi.o(.text)
    SPI_GetCRC                               0x080012df   Thumb Code    16  stm32f4xx_spi.o(.text)
    SPI_GetCRCPolynomial                     0x080012ef   Thumb Code     6  stm32f4xx_spi.o(.text)
    SPI_I2S_DMACmd                           0x080012f5   Thumb Code    18  stm32f4xx_spi.o(.text)
    SPI_I2S_ITConfig                         0x08001307   Thumb Code    32  stm32f4xx_spi.o(.text)
    SPI_I2S_GetFlagStatus                    0x08001327   Thumb Code    18  stm32f4xx_spi.o(.text)
    SPI_I2S_ClearFlag                        0x08001339   Thumb Code     6  stm32f4xx_spi.o(.text)
    SPI_I2S_GetITStatus                      0x0800133f   Thumb Code    52  stm32f4xx_spi.o(.text)
    SPI_I2S_ClearITPendingBit                0x08001373   Thumb Code    20  stm32f4xx_spi.o(.text)
    SYSCFG_DeInit                            0x0800139d   Thumb Code    22  stm32f4xx_syscfg.o(.text)
    SYSCFG_MemoryRemapConfig                 0x080013b3   Thumb Code     6  stm32f4xx_syscfg.o(.text)
    SYSCFG_EXTILineConfig                    0x080013b9   Thumb Code    66  stm32f4xx_syscfg.o(.text)
    SYSCFG_ETH_MediaInterfaceConfig          0x080013fb   Thumb Code     6  stm32f4xx_syscfg.o(.text)
    SYSCFG_CompensationCellCmd               0x08001401   Thumb Code     6  stm32f4xx_syscfg.o(.text)
    SYSCFG_GetCompensationCellStatus         0x08001407   Thumb Code    22  stm32f4xx_syscfg.o(.text)
    CC2500_TIMEOUT_UserCallback              0x08001429   Thumb Code     4  smartrf_cc2500.o(.text)
    CC2500_WriteRegister                     0x080014c9   Thumb Code    80  smartrf_cc2500.o(.text)
    CC2500_WriteCommand                      0x08001519   Thumb Code    68  smartrf_cc2500.o(.text)
    CC2500_SRES_CMD                          0x0800155d   Thumb Code    54  smartrf_cc2500.o(.text)
    CC2500_Default_Init                      0x08001695   Thumb Code   306  smartrf_cc2500.o(.text)
    CC2500_SCAL_CMD                          0x080017c7   Thumb Code    14  smartrf_cc2500.o(.text)
    CC2500_SFRX_CMD                          0x080017d5   Thumb Code    14  smartrf_cc2500.o(.text)
    CC2500_SRX_CMD                           0x080017e3   Thumb Code    14  smartrf_cc2500.o(.text)
    CC2500_STX_CMD                           0x080017f1   Thumb Code    14  smartrf_cc2500.o(.text)
    CC2500_SIDLE_CMD                         0x080017ff   Thumb Code    30  smartrf_cc2500.o(.text)
    CC2500_SNOP_CMD                          0x0800181d   Thumb Code    14  smartrf_cc2500.o(.text)
    CC2500_ReadRegister                      0x0800182b   Thumb Code    90  smartrf_cc2500.o(.text)
    CC2500_Write_TXFIFO                      0x08001885   Thumb Code    18  smartrf_cc2500.o(.text)
    CC2500_Read_RXFIFO                       0x08001897   Thumb Code    18  smartrf_cc2500.o(.text)
    CC2500_EXTI_Init                         0x080018a9   Thumb Code    74  smartrf_cc2500.o(.text)
    getRxBufferSize                          0x080018f3   Thumb Code    14  smartrf_cc2500.o(.text)
    getTxBufferSize                          0x08001901   Thumb Code    14  smartrf_cc2500.o(.text)
    isRxMode                                 0x0800190f   Thumb Code    24  smartrf_cc2500.o(.text)
    isTxMode                                 0x08001927   Thumb Code    24  smartrf_cc2500.o(.text)
    isIdleMode                               0x0800193f   Thumb Code    22  smartrf_cc2500.o(.text)
    isRXOFMode                               0x08001955   Thumb Code    24  smartrf_cc2500.o(.text)
    clearRxBuffer                            0x08001971   Thumb Code    30  wirelesstransmitter.o(.text)
    wireless_Receiver_Thread_Create          0x0800198f   Thumb Code    20  wirelesstransmitter.o(.text)
    wireless_Receiver_Thread                 0x080019a3   Thumb Code   202  wirelesstransmitter.o(.text)
    wireless_send                            0x08001a6d   Thumb Code   100  wirelesstransmitter.o(.text)
    EXTI4_IRQHandler                         0x08001ad1   Thumb Code    32  wirelesstransmitter.o(.text)
    fputc                                    0x08001b9b   Thumb Code    14  fputc_debug.o(.text)
    _ttywrch                                 0x08001ba9   Thumb Code    12  fputc_debug.o(.text)
    _sys_exit                                0x08001bb5   Thumb Code     4  fputc_debug.o(.text)
    __aeabi_f2d                              0x08001bbd   Thumb Code    38  f2d.o(.text)
    __aeabi_uidiv                            0x08001be3   Thumb Code     0  uidiv.o(.text)
    __aeabi_uidivmod                         0x08001be3   Thumb Code    44  uidiv.o(.text)
    __aeabi_uldivmod                         0x08001c0f   Thumb Code    98  uldiv.o(.text)
    __I$use$fp                               0x08001c71   Thumb Code     0  iusefp.o(.text)
    __aeabi_dadd                             0x08001c71   Thumb Code   322  dadd.o(.text)
    __aeabi_dsub                             0x08001db3   Thumb Code     6  dadd.o(.text)
    __aeabi_drsub                            0x08001db9   Thumb Code     6  dadd.o(.text)
    __aeabi_dmul                             0x08001dbf   Thumb Code   228  dmul.o(.text)
    __aeabi_ddiv                             0x08001ea3   Thumb Code   222  ddiv.o(.text)
    __aeabi_d2ulz                            0x08001f81   Thumb Code    48  dfixul.o(.text)
    __aeabi_cdrcmple                         0x08001fb1   Thumb Code    38  cdrcmple.o(.text)
    __scatterload                            0x08001fd9   Thumb Code    28  init.o(.text)
    __scatterload_rt2                        0x08001fd9   Thumb Code     0  init.o(.text)
    __aeabi_llsl                             0x08001ffd   Thumb Code    30  llshl.o(.text)
    _ll_shift_l                              0x08001ffd   Thumb Code     0  llshl.o(.text)
    __aeabi_llsr                             0x0800201b   Thumb Code    32  llushr.o(.text)
    _ll_ushift_r                             0x0800201b   Thumb Code     0  llushr.o(.text)
    __aeabi_lasr                             0x0800203b   Thumb Code    36  llsshr.o(.text)
    _ll_sshift_r                             0x0800203b   Thumb Code     0  llsshr.o(.text)
    _double_round                            0x0800205f   Thumb Code    26  depilogue.o(.text)
    _double_epilogue                         0x08002079   Thumb Code   164  depilogue.o(.text)
    SVC_Count                                0x0800211c   Data           4  SVC_Table.o(SVC_TABLE)
    SVC_Table                                0x08002120   Data           0  SVC_Table.o(SVC_TABLE)
    __0printf                                0x08002121   Thumb Code    22  printfa.o(i.__0printf)
    __1printf                                0x08002121   Thumb Code     0  printfa.o(i.__0printf)
    __2printf                                0x08002121   Thumb Code     0  printfa.o(i.__0printf)
    __c89printf                              0x08002121   Thumb Code     0  printfa.o(i.__0printf)
    printf                                   0x08002121   Thumb Code     0  printfa.o(i.__0printf)
    __scatterload_copy                       0x08002141   Thumb Code    14  handlers.o(i.__scatterload_copy)
    __scatterload_null                       0x0800214f   Thumb Code     2  handlers.o(i.__scatterload_null)
    __scatterload_zeroinit                   0x08002151   Thumb Code    14  handlers.o(i.__scatterload_zeroinit)
    _init_box                                0x080022bd   Thumb Code    70  rt_membox.o(i._init_box)
    dbg_init                                 0x08002a4d   Thumb Code    34  hal_cm.o(i.dbg_init)
    dbg_task_notify                          0x08002a7d   Thumb Code    32  hal_cm.o(i.dbg_task_notify)
    dbg_task_switch                          0x08002a9d   Thumb Code    16  hal_cm.o(i.dbg_task_switch)
    isr_evt_set                              0x08002ad9   Thumb Code    34  rt_event.o(i.isr_evt_set)
    isr_mbx_receive                          0x08002b01   Thumb Code    80  rt_mailbox.o(i.isr_mbx_receive)
    isr_mbx_send                             0x08002b51   Thumb Code    14  rt_mailbox.o(i.isr_mbx_send)
    osDelay                                  0x08002b61   Thumb Code    18  rt_cmsis.o(i.osDelay)
    osKernelStart                            0x08002b79   Thumb Code    94  rt_cmsis.o(i.osKernelStart)
    osMessageGet                             0x08002be1   Thumb Code    64  rt_cmsis.o(i.osMessageGet)
    osSignalSet                              0x08002c25   Thumb Code    48  rt_cmsis.o(i.osSignalSet)
    osSignalWait                             0x08002c59   Thumb Code    18  rt_cmsis.o(i.osSignalWait)
    osThreadCreate                           0x08002c71   Thumb Code    18  rt_cmsis.o(i.osThreadCreate)
    osThreadExit                             0x08002c89   Thumb Code    14  rt_cmsis.o(i.osThreadExit)
    osTimerCall                              0x08002ca1   Thumb Code     8  rt_cmsis.o(i.osTimerCall)
    osTimerThread                            0x08002cad   Thumb Code    38  rt_cmsis.o(i.osTimerThread)
    rt_alloc_box                             0x08002cd9   Thumb Code    28  rt_membox.o(i.rt_alloc_box)
    rt_alloc_mem                             0x08002cf5   Thumb Code    60  rt_memory.o(i.rt_alloc_mem)
    rt_block                                 0x08002d31   Thumb Code    48  rt_task.o(i.rt_block)
    rt_chk_robin                             0x08002d69   Thumb Code    58  rt_robin.o(i.rt_chk_robin)
    rt_dec_dly                               0x08002db1   Thumb Code   102  rt_list.o(i.rt_dec_dly)
    rt_dispatch                              0x08002e21   Thumb Code    60  rt_task.o(i.rt_dispatch)
    rt_dly_wait                              0x08002e65   Thumb Code     6  rt_time.o(i.rt_dly_wait)
    rt_evt_psh                               0x08002e6d   Thumb Code    76  rt_event.o(i.rt_evt_psh)
    rt_evt_set                               0x08002ebd   Thumb Code    88  rt_event.o(i.rt_evt_set)
    rt_evt_wait                              0x08002f19   Thumb Code    58  rt_event.o(i.rt_evt_wait)
    rt_free_box                              0x08002f59   Thumb Code    32  rt_membox.o(i.rt_free_box)
    rt_free_mem                              0x08002f79   Thumb Code    40  rt_memory.o(i.rt_free_mem)
    rt_get_first                             0x08002fa1   Thumb Code    40  rt_list.o(i.rt_get_first)
    rt_init_mem                              0x08003011   Thumb Code    26  rt_memory.o(i.rt_init_mem)
    rt_init_robin                            0x0800302d   Thumb Code    14  rt_robin.o(i.rt_init_robin)
    rt_init_stack                            0x08003045   Thumb Code    70  hal_cm.o(i.rt_init_stack)
    rt_mbx_check                             0x08003095   Thumb Code     8  rt_mailbox.o(i.rt_mbx_check)
    rt_mbx_init                              0x0800309d   Thumb Code    26  rt_mailbox.o(i.rt_mbx_init)
    rt_mbx_psh                               0x080030b9   Thumb Code   248  rt_mailbox.o(i.rt_mbx_psh)
    rt_mbx_wait                              0x080031b5   Thumb Code   174  rt_mailbox.o(i.rt_mbx_wait)
    rt_pop_req                               0x080032a5   Thumb Code   106  rt_system.o(i.rt_pop_req)
    rt_psh_req                               0x0800331d   Thumb Code    22  rt_system.o(i.rt_psh_req)
    rt_psq_enq                               0x0800333d   Thumb Code    82  rt_list.o(i.rt_psq_enq)
    rt_put_dly                               0x08003395   Thumb Code    88  rt_list.o(i.rt_put_dly)
    rt_put_prio                              0x080033f1   Thumb Code    56  rt_list.o(i.rt_put_prio)
    rt_put_rdy_first                         0x08003429   Thumb Code    14  rt_list.o(i.rt_put_rdy_first)
    rt_ret_val                               0x0800344d   Thumb Code    12  hal_cm.o(i.rt_ret_val)
    rt_ret_val2                              0x08003459   Thumb Code    16  hal_cm.o(i.rt_ret_val2)
    rt_rmv_dly                               0x08003469   Thumb Code    40  rt_list.o(i.rt_rmv_dly)
    rt_rmv_list                              0x08003491   Thumb Code    44  rt_list.o(i.rt_rmv_list)
    rt_sem_psh                               0x080034c1   Thumb Code    48  rt_semaphore.o(i.rt_sem_psh)
    rt_stk_check                             0x080034f5   Thumb Code    28  rt_system.o(i.rt_stk_check)
    rt_switch_req                            0x08003519   Thumb Code    30  rt_task.o(i.rt_switch_req)
    rt_sys_init                              0x08003541   Thumb Code   242  rt_task.o(i.rt_sys_init)
    rt_systick                               0x08003681   Thumb Code    48  rt_system.o(i.rt_systick)
    rt_tsk_create                            0x0800370d   Thumb Code   112  rt_task.o(i.rt_tsk_create)
    rt_tsk_delete                            0x0800378d   Thumb Code   146  rt_task.o(i.rt_tsk_delete)
    rt_tsk_self                              0x08003839   Thumb Code    12  rt_task.o(i.rt_tsk_self)
    svcDelay                                 0x08003849   Thumb Code    20  rt_cmsis.o(i.svcDelay)
    svcKernelStart                           0x0800385d   Thumb Code   174  rt_cmsis.o(i.svcKernelStart)
    svcMessageCreate                         0x08003931   Thumb Code    36  rt_cmsis.o(i.svcMessageCreate)
    svcMessageGet                            0x08003955   Thumb Code    58  rt_cmsis.o(i.svcMessageGet)
    svcSignalSet                             0x0800398f   Thumb Code    36  rt_cmsis.o(i.svcSignalSet)
    svcSignalWait                            0x080039b5   Thumb Code    80  rt_cmsis.o(i.svcSignalWait)
    svcThreadCreate                          0x08003a09   Thumb Code   100  rt_cmsis.o(i.svcThreadCreate)
    svcThreadGetId                           0x08003a79   Thumb Code    22  rt_cmsis.o(i.svcThreadGetId)
    svcThreadTerminate                       0x08003a95   Thumb Code    52  rt_cmsis.o(i.svcThreadTerminate)
    svcTimerCall                             0x08003acd   Thumb Code    24  rt_cmsis.o(i.svcTimerCall)
    sysTimerTick                             0x08003ae5   Thumb Code    76  rt_cmsis.o(i.sysTimerTick)
    os_maxtaskrun                            0x08003b38   Data           2  rtx_conf_cm.o(.constdata)
    os_stackinfo                             0x08003b3c   Data           4  rtx_conf_cm.o(.constdata)
    os_rrobin                                0x08003b40   Data           4  rtx_conf_cm.o(.constdata)
    os_trv                                   0x08003b44   Data           4  rtx_conf_cm.o(.constdata)
    os_flags                                 0x08003b48   Data           1  rtx_conf_cm.o(.constdata)
    os_clockrate                             0x08003b4c   Data           4  rtx_conf_cm.o(.constdata)
    os_timernum                              0x08003b50   Data           4  rtx_conf_cm.o(.constdata)
    mp_tcb_size                              0x08003b54   Data           2  rtx_conf_cm.o(.constdata)
    mp_stk_size                              0x08003b58   Data           4  rtx_conf_cm.o(.constdata)
    os_stack_sz                              0x08003b5c   Data           4  rtx_conf_cm.o(.constdata)
    os_fifo_size                             0x08003b60   Data           1  rtx_conf_cm.o(.constdata)
    os_thread_def_osTimerThread              0x08003b64   Data          16  rtx_conf_cm.o(.constdata)
    os_messageQ_def_osTimerMessageQ          0x08003b74   Data           8  rtx_conf_cm.o(.constdata)
    mp_tmr_size                              0x08003b7c   Data           2  rtx_conf_cm.o(.constdata)
    os_thread_def_main                       0x08003b80   Data          16  rtx_conf_cm.o(.constdata)
    os_thread_def_wireless_Receiver_Thread   0x08003b90   Data          16  wirelesstransmitter.o(.constdata)
    Region$$Table$$Base                      0x08003ba0   Number         0  anon$$obj.o(Region$$Table)
    Region$$Table$$Limit                     0x08003bd0   Number         0  anon$$obj.o(Region$$Table)
    mp_tcb                                   0x10000000   Data         348  rtx_conf_cm.o(.bss)
    mp_stk                                   0x10000160   Data        4816  rtx_conf_cm.o(.bss)
    os_stack_mem                             0x10001430   Data        1632  rtx_conf_cm.o(.bss)
    os_fifo                                  0x10001a90   Data         132  rtx_conf_cm.o(.bss)
    os_active_TCB                            0x10001b14   Data          28  rtx_conf_cm.o(.bss)
    os_messageQ_q_osTimerMessageQ            0x10001b30   Data          32  rtx_conf_cm.o(.bss)
    SystemCoreClock                          0x20000000   Data           4  system_stm32f4xx.o(.data)
    AHBPrescTable                            0x20000004   Data          16  system_stm32f4xx.o(.data)
    os_tmr                                   0x20000014   Data           4  rtx_conf_cm.o(.data)
    m_tmr                                    0x20000018   Data           4  rtx_conf_cm.o(.data)
    osThreadId_osTimerThread                 0x2000001c   Data           4  rtx_conf_cm.o(.data)
    osMessageQId_osTimerMessageQ             0x20000020   Data           4  rtx_conf_cm.o(.data)
    CC2500Timeout                            0x20000034   Data           4  smartrf_cc2500.o(.data)
    wireless_Receiver_thread_id              0x20000038   Data           4  wirelesstransmitter.o(.data)
    __stdout                                 0x2000003c   Data           4  fputc_debug.o(.data)
    __stdin                                  0x20000040   Data           4  fputc_debug.o(.data)
    os_timer_head                            0x20000044   Data           4  rt_cmsis.o(.data)
    os_tsk                                   0x20000048   Data           8  rt_task.o(.data)
    os_time                                  0x20000054   Data           2  rt_time.o(.data)
    dbg_msg                                  0x20000056   Data           1  hal_cm.o(.data)
    os_robin                                 0x20000058   Data           8  rt_robin.o(.data)
    os_idle_TCB                              0x20000060   Data          48  rt_task.o(.bss)
    os_rdy                                   0x20000090   Data          24  rt_list.o(.bss)
    os_dly                                   0x200000a8   Data          24  rt_list.o(.bss)
    __initial_sp                             0x200004c0   Data           0  startup_stm32f4xx.o(STACK)



==============================================================================

Memory Map of the image

  Image Entry point : 0x08000189

  Load Region LR_IROM1 (Base: 0x08000000, Size: 0x00003c30, Max: 0x00100000, ABSOLUTE)

    Execution Region ER_IROM1 (Base: 0x08000000, Size: 0x00003bd0, Max: 0x00100000, ABSOLUTE)

    Base Addr    Size         Type   Attr      Idx    E Section Name        Object

    0x08000000   0x00000188   Data   RO          132    RESET               startup_stm32f4xx.o
    0x08000188   0x00000000   Code   RO         2117  * .ARM.Collect$$$$00000000  mc_w.l(entry.o)
    0x08000188   0x00000004   Code   RO         2383    .ARM.Collect$$$$00000001  mc_w.l(entry2.o)
    0x0800018c   0x00000004   Code   RO         2386    .ARM.Collect$$$$00000004  mc_w.l(entry5.o)
    0x08000190   0x00000000   Code   RO         2388    .ARM.Collect$$$$00000008  mc_w.l(entry7b.o)
    0x08000190   0x00000000   Code   RO         2390    .ARM.Collect$$$$0000000A  mc_w.l(entry8b.o)
    0x08000190   0x00000000   Code   RO         2391    .ARM.Collect$$$$0000000D  mc_w.l(entry10a.o)
    0x08000190   0x00000000   Code   RO         2393    .ARM.Collect$$$$0000000F  mc_w.l(entry11a.o)
    0x08000190   0x00000010   Code   RO          137    .ARM.Collect$$$$000000FF  rtx_conf_cm.o
    0x080001a0   0x00000004   Code   RO         2384    .ARM.Collect$$$$00002712  mc_w.l(entry2.o)
    0x080001a4   0x00000174   Code   RO         2104    .emb_text           RTX_CM4.lib(hal_cm4.o)
    0x08000318   0x0000020c   Code   RO            3    .text               system_stm32f4xx.o
    0x08000524   0x00000024   Code   RO          133    .text               startup_stm32f4xx.o
    0x08000548   0x00000008   Code   RO          138    .text               rtx_conf_cm.o
    0x08000550   0x00000074   Code   RO          171    .text               main.o
    0x080005c4   0x000000e4   Code   RO          228    .text               misc.o
    0x080006a8   0x0000011c   Code   RO          567    .text               stm32f4xx_exti.o
    0x080007c4   0x0000025c   Code   RO          636    .text               stm32f4xx_gpio.o
    0x08000a20   0x00000588   Code   RO          785    .text               stm32f4xx_rcc.o
    0x08000fa8   0x000003f4   Code   RO          876    .text               stm32f4xx_spi.o
    0x0800139c   0x0000008c   Code   RO          899    .text               stm32f4xx_syscfg.o
    0x08001428   0x00000548   Code   RO          985    .text               smartrf_cc2500.o
    0x08001970   0x00000200   Code   RO         1008    .text               wirelesstransmitter.o
    0x08001b70   0x0000004c   Code   RO         1042    .text               fputc_debug.o
    0x08001bbc   0x00000026   Code   RO         2381    .text               mf_w.l(f2d.o)
    0x08001be2   0x0000002c   Code   RO         2395    .text               mc_w.l(uidiv.o)
    0x08001c0e   0x00000062   Code   RO         2397    .text               mc_w.l(uldiv.o)
    0x08001c70   0x00000000   Code   RO         2399    .text               mc_w.l(iusefp.o)
    0x08001c70   0x0000014e   Code   RO         2400    .text               mf_w.l(dadd.o)
    0x08001dbe   0x000000e4   Code   RO         2402    .text               mf_w.l(dmul.o)
    0x08001ea2   0x000000de   Code   RO         2404    .text               mf_w.l(ddiv.o)
    0x08001f80   0x00000030   Code   RO         2406    .text               mf_w.l(dfixul.o)
    0x08001fb0   0x00000028   Code   RO         2408    .text               mf_w.l(cdrcmple.o)
    0x08001fd8   0x00000024   Code   RO         2410    .text               mc_w.l(init.o)
    0x08001ffc   0x0000001e   Code   RO         2412    .text               mc_w.l(llshl.o)
    0x0800201a   0x00000020   Code   RO         2414    .text               mc_w.l(llushr.o)
    0x0800203a   0x00000024   Code   RO         2416    .text               mc_w.l(llsshr.o)
    0x0800205e   0x000000be   Code   RO         2418    .text               mf_w.l(depilogue.o)
    0x0800211c   0x00000004   Code   RO         2114    SVC_TABLE           RTX_CM4.lib(SVC_Table.o)
    0x08002120   0x00000020   Code   RO         2353    i.__0printf         mc_w.l(printfa.o)
    0x08002140   0x0000000e   Code   RO         2422    i.__scatterload_copy  mc_w.l(handlers.o)
    0x0800214e   0x00000002   Code   RO         2423    i.__scatterload_null  mc_w.l(handlers.o)
    0x08002150   0x0000000e   Code   RO         2424    i.__scatterload_zeroinit  mc_w.l(handlers.o)
    0x0800215e   0x00000002   PAD
    0x08002160   0x0000015c   Code   RO         2360    i._fp_digits        mc_w.l(printfa.o)
    0x080022bc   0x00000046   Code   RO         1977    i._init_box         RTX_CM4.lib(rt_membox.o)
    0x08002302   0x00000002   PAD
    0x08002304   0x000006f0   Code   RO         2361    i._printf_core      mc_w.l(printfa.o)
    0x080029f4   0x00000026   Code   RO         2362    i._printf_post_padding  mc_w.l(printfa.o)
    0x08002a1a   0x00000030   Code   RO         2363    i._printf_pre_padding  mc_w.l(printfa.o)
    0x08002a4a   0x00000002   PAD
    0x08002a4c   0x00000030   Code   RO         2030    i.dbg_init          RTX_CM4.lib(hal_cm.o)
    0x08002a7c   0x00000020   Code   RO         2031    i.dbg_task_notify   RTX_CM4.lib(hal_cm.o)
    0x08002a9c   0x00000010   Code   RO         2032    i.dbg_task_switch   RTX_CM4.lib(hal_cm.o)
    0x08002aac   0x0000002c   Code   RO         1076    i.isrMessagePut     RTX_CM4.lib(rt_cmsis.o)
    0x08002ad8   0x00000028   Code   RO         1723    i.isr_evt_set       RTX_CM4.lib(rt_event.o)
    0x08002b00   0x00000050   Code   RO         1841    i.isr_mbx_receive   RTX_CM4.lib(rt_mailbox.o)
    0x08002b50   0x0000000e   Code   RO         1842    i.isr_mbx_send      RTX_CM4.lib(rt_mailbox.o)
    0x08002b5e   0x00000002   PAD
    0x08002b60   0x00000018   Code   RO         1077    i.osDelay           RTX_CM4.lib(rt_cmsis.o)
    0x08002b78   0x00000068   Code   RO         1079    i.osKernelStart     RTX_CM4.lib(rt_cmsis.o)
    0x08002be0   0x00000044   Code   RO         1087    i.osMessageGet      RTX_CM4.lib(rt_cmsis.o)
    0x08002c24   0x00000034   Code   RO         1101    i.osSignalSet       RTX_CM4.lib(rt_cmsis.o)
    0x08002c58   0x00000018   Code   RO         1102    i.osSignalWait      RTX_CM4.lib(rt_cmsis.o)
    0x08002c70   0x00000018   Code   RO         1103    i.osThreadCreate    RTX_CM4.lib(rt_cmsis.o)
    0x08002c88   0x00000018   Code   RO         1104    i.osThreadExit      RTX_CM4.lib(rt_cmsis.o)
    0x08002ca0   0x0000000c   Code   RO         1110    i.osTimerCall       RTX_CM4.lib(rt_cmsis.o)
    0x08002cac   0x0000002c   Code   RO         1114    i.osTimerThread     RTX_CM4.lib(rt_cmsis.o)
    0x08002cd8   0x0000001c   Code   RO         1978    i.rt_alloc_box      RTX_CM4.lib(rt_membox.o)
    0x08002cf4   0x0000003c   Code   RO         2006    i.rt_alloc_mem      RTX_CM4.lib(rt_memory.o)
    0x08002d30   0x00000038   Code   RO         1598    i.rt_block          RTX_CM4.lib(rt_task.o)
    0x08002d68   0x00000048   Code   RO         2083    i.rt_chk_robin      RTX_CM4.lib(rt_robin.o)
    0x08002db0   0x00000070   Code   RO         1765    i.rt_dec_dly        RTX_CM4.lib(rt_list.o)
    0x08002e20   0x00000044   Code   RO         1599    i.rt_dispatch       RTX_CM4.lib(rt_task.o)
    0x08002e64   0x00000006   Code   RO         1925    i.rt_dly_wait       RTX_CM4.lib(rt_time.o)
    0x08002e6a   0x00000002   PAD
    0x08002e6c   0x00000050   Code   RO         1726    i.rt_evt_psh        RTX_CM4.lib(rt_event.o)
    0x08002ebc   0x0000005c   Code   RO         1727    i.rt_evt_set        RTX_CM4.lib(rt_event.o)
    0x08002f18   0x00000040   Code   RO         1728    i.rt_evt_wait       RTX_CM4.lib(rt_event.o)
    0x08002f58   0x00000020   Code   RO         1979    i.rt_free_box       RTX_CM4.lib(rt_membox.o)
    0x08002f78   0x00000028   Code   RO         2007    i.rt_free_mem       RTX_CM4.lib(rt_memory.o)
    0x08002fa0   0x00000028   Code   RO         1766    i.rt_get_first      RTX_CM4.lib(rt_list.o)
    0x08002fc8   0x00000008   Code   RO         1117    i.rt_id2obj         RTX_CM4.lib(rt_cmsis.o)
    0x08002fd0   0x00000040   Code   RO         1600    i.rt_init_context   RTX_CM4.lib(rt_task.o)
    0x08003010   0x0000001a   Code   RO         2008    i.rt_init_mem       RTX_CM4.lib(rt_memory.o)
    0x0800302a   0x00000002   PAD
    0x0800302c   0x00000018   Code   RO         2084    i.rt_init_robin     RTX_CM4.lib(rt_robin.o)
    0x08003044   0x00000050   Code   RO         2033    i.rt_init_stack     RTX_CM4.lib(hal_cm.o)
    0x08003094   0x00000008   Code   RO         1843    i.rt_mbx_check      RTX_CM4.lib(rt_mailbox.o)
    0x0800309c   0x0000001a   Code   RO         1844    i.rt_mbx_init       RTX_CM4.lib(rt_mailbox.o)
    0x080030b6   0x00000002   PAD
    0x080030b8   0x000000fc   Code   RO         1845    i.rt_mbx_psh        RTX_CM4.lib(rt_mailbox.o)
    0x080031b4   0x000000b4   Code   RO         1847    i.rt_mbx_wait       RTX_CM4.lib(rt_mailbox.o)
    0x08003268   0x0000003c   Code   RO         1118    i.rt_ms2tick        RTX_CM4.lib(rt_cmsis.o)
    0x080032a4   0x00000078   Code   RO         1677    i.rt_pop_req        RTX_CM4.lib(rt_system.o)
    0x0800331c   0x00000020   Code   RO         1678    i.rt_psh_req        RTX_CM4.lib(rt_system.o)
    0x0800333c   0x00000058   Code   RO         1768    i.rt_psq_enq        RTX_CM4.lib(rt_list.o)
    0x08003394   0x0000005c   Code   RO         1769    i.rt_put_dly        RTX_CM4.lib(rt_list.o)
    0x080033f0   0x00000038   Code   RO         1770    i.rt_put_prio       RTX_CM4.lib(rt_list.o)
    0x08003428   0x00000014   Code   RO         1771    i.rt_put_rdy_first  RTX_CM4.lib(rt_list.o)
    0x0800343c   0x00000010   Code   RO         2034    i.rt_ret_regs       RTX_CM4.lib(hal_cm.o)
    0x0800344c   0x0000000c   Code   RO         2035    i.rt_ret_val        RTX_CM4.lib(hal_cm.o)
    0x08003458   0x00000010   Code   RO         2036    i.rt_ret_val2       RTX_CM4.lib(hal_cm.o)
    0x08003468   0x00000028   Code   RO         1773    i.rt_rmv_dly        RTX_CM4.lib(rt_list.o)
    0x08003490   0x00000030   Code   RO         1774    i.rt_rmv_list       RTX_CM4.lib(rt_list.o)
    0x080034c0   0x00000034   Code   RO         1891    i.rt_sem_psh        RTX_CM4.lib(rt_semaphore.o)
    0x080034f4   0x00000024   Code   RO         1679    i.rt_stk_check      RTX_CM4.lib(rt_system.o)
    0x08003518   0x00000028   Code   RO         1601    i.rt_switch_req     RTX_CM4.lib(rt_task.o)
    0x08003540   0x00000140   Code   RO         1602    i.rt_sys_init       RTX_CM4.lib(rt_task.o)
    0x08003680   0x0000003c   Code   RO         1680    i.rt_systick        RTX_CM4.lib(rt_system.o)
    0x080036bc   0x00000012   Code   RO         1119    i.rt_tid2ptcb       RTX_CM4.lib(rt_cmsis.o)
    0x080036ce   0x00000002   PAD
    0x080036d0   0x0000003c   Code   RO         1120    i.rt_timer_insert   RTX_CM4.lib(rt_cmsis.o)
    0x0800370c   0x00000080   Code   RO         1603    i.rt_tsk_create     RTX_CM4.lib(rt_task.o)
    0x0800378c   0x000000ac   Code   RO         1604    i.rt_tsk_delete     RTX_CM4.lib(rt_task.o)
    0x08003838   0x00000010   Code   RO         1607    i.rt_tsk_self       RTX_CM4.lib(rt_task.o)
    0x08003848   0x00000014   Code   RO         1122    i.svcDelay          RTX_CM4.lib(rt_cmsis.o)
    0x0800385c   0x000000d4   Code   RO         1123    i.svcKernelStart    RTX_CM4.lib(rt_cmsis.o)
    0x08003930   0x00000024   Code   RO         1125    i.svcMessageCreate  RTX_CM4.lib(rt_cmsis.o)
    0x08003954   0x0000003a   Code   RO         1126    i.svcMessageGet     RTX_CM4.lib(rt_cmsis.o)
    0x0800398e   0x00000024   Code   RO         1137    i.svcSignalSet      RTX_CM4.lib(rt_cmsis.o)
    0x080039b2   0x00000002   PAD
    0x080039b4   0x00000054   Code   RO         1138    i.svcSignalWait     RTX_CM4.lib(rt_cmsis.o)
    0x08003a08   0x00000070   Code   RO         1139    i.svcThreadCreate   RTX_CM4.lib(rt_cmsis.o)
    0x08003a78   0x0000001c   Code   RO         1140    i.svcThreadGetId    RTX_CM4.lib(rt_cmsis.o)
    0x08003a94   0x00000038   Code   RO         1143    i.svcThreadTerminate  RTX_CM4.lib(rt_cmsis.o)
    0x08003acc   0x00000018   Code   RO         1145    i.svcTimerCall      RTX_CM4.lib(rt_cmsis.o)
    0x08003ae4   0x00000054   Code   RO         1153    i.sysTimerTick      RTX_CM4.lib(rt_cmsis.o)
    0x08003b38   0x00000058   Data   RO          140    .constdata          rtx_conf_cm.o
    0x08003b90   0x00000010   Data   RO         1009    .constdata          wirelesstransmitter.o
    0x08003ba0   0x00000030   Data   RO         2420    Region$$Table       anon$$obj.o


    Execution Region RW_IRAM1 (Base: 0x10000000, Size: 0x00001b50, Max: 0x0001ffff, ABSOLUTE)

    Base Addr    Size         Type   Attr      Idx    E Section Name        Object

    0x10000000   0x00001b50   Zero   RW          139    .bss                rtx_conf_cm.o


    Execution Region RW_IRAM2 (Base: 0x20000000, Size: 0x000004c0, Max: 0x0001ffff, ABSOLUTE)

    Base Addr    Size         Type   Attr      Idx    E Section Name        Object

    0x20000000   0x00000014   Data   RW            4    .data               system_stm32f4xx.o
    0x20000014   0x00000010   Data   RW          141    .data               rtx_conf_cm.o
    0x20000024   0x00000010   Data   RW          786    .data               stm32f4xx_rcc.o
    0x20000034   0x00000004   Data   RW          986    .data               smartrf_cc2500.o
    0x20000038   0x00000004   Data   RW         1010    .data               wirelesstransmitter.o
    0x2000003c   0x00000008   Data   RW         1043    .data               fputc_debug.o
    0x20000044   0x00000004   Data   RW         1154    .data               RTX_CM4.lib(rt_cmsis.o)
    0x20000048   0x00000008   Data   RW         1609    .data               RTX_CM4.lib(rt_task.o)
    0x20000050   0x00000003   Data   RW         1683    .data               RTX_CM4.lib(rt_system.o)
    0x20000053   0x00000001   PAD
    0x20000054   0x00000002   Data   RW         1928    .data               RTX_CM4.lib(rt_time.o)
    0x20000056   0x00000001   Data   RW         2037    .data               RTX_CM4.lib(hal_cm.o)
    0x20000057   0x00000001   PAD
    0x20000058   0x00000008   Data   RW         2085    .data               RTX_CM4.lib(rt_robin.o)
    0x20000060   0x00000030   Zero   RW         1608    .bss                RTX_CM4.lib(rt_task.o)
    0x20000090   0x00000030   Zero   RW         1775    .bss                RTX_CM4.lib(rt_list.o)
    0x200000c0   0x00000400   Zero   RW          130    STACK               startup_stm32f4xx.o


==============================================================================

Image component sizes


      Code (inc. data)   RO Data    RW Data    ZI Data      Debug   Object Name

        76          4          0          8          0       2741   fputc_debug.o
       116         10          0          0          0        806   main.o
       228         22          0          0          0       3545   misc.o
        24          6         88         16       6992       6412   rtx_conf_cm.o
      1352         20          0          4          0       6498   smartrf_cc2500.o
        36          8        392          0       1024        760   startup_stm32f4xx.o
       284         10          0          0          0       4731   stm32f4xx_exti.o
       604         36          0          0          0      10457   stm32f4xx_gpio.o
      1416         48          0         16          0      23863   stm32f4xx_rcc.o
      1012         22          0          0          0      14885   stm32f4xx_spi.o
       140         12          0          0          0       1675   stm32f4xx_syscfg.o
       524         44          0         20          0     231779   system_stm32f4xx.o
       512        128         16          4          0       5501   wirelesstransmitter.o

    ----------------------------------------------------------------------
      6324        370        544         68       8016     313653   Object Totals
         0          0         48          0          0          0   (incl. Generated)
         0          0          0          0          0          0   (incl. Padding)

    ----------------------------------------------------------------------

      Code (inc. data)   RO Data    RW Data    ZI Data      Debug   Library Member Name

         4          4          0          0          0        132   SVC_Table.o
       220         24          0          1          0       3876   hal_cm.o
       372         32          0          0          0        616   hal_cm4.o
      1316        142          0          4          0      29767   rt_cmsis.o
       276         20          0          0          0       2550   rt_event.o
       496         30          0          0         48       6636   rt_list.o
       560         10          0          0          0       3829   rt_mailbox.o
       130          0          0          0          0       1837   rt_membox.o
       126          0          0          0          0       2159   rt_memory.o
        96         24          0          8          0       1042   rt_robin.o
        52          4          0          0          0        557   rt_semaphore.o
       248         44          0          3          0       2066   rt_system.o
       864        154          0          8         48       7224   rt_task.o
         6          0          0          2          0        572   rt_time.o
         0          0          0          0          0          0   entry.o
         0          0          0          0          0          0   entry10a.o
         0          0          0          0          0          0   entry11a.o
         8          4          0          0          0          0   entry2.o
         4          0          0          0          0          0   entry5.o
         0          0          0          0          0          0   entry7b.o
         0          0          0          0          0          0   entry8b.o
        30          0          0          0          0          0   handlers.o
        36          8          0          0          0         68   init.o
         0          0          0          0          0          0   iusefp.o
        30          0          0          0          0         68   llshl.o
        36          0          0          0          0         68   llsshr.o
        32          0          0          0          0         68   llushr.o
      2242         90          0          0          0        444   printfa.o
        44          0          0          0          0         80   uidiv.o
        98          0          0          0          0         92   uldiv.o
        40          2          0          0          0         68   cdrcmple.o
       334          0          0          0          0        148   dadd.o
       222          0          0          0          0        100   ddiv.o
       190          0          0          0          0        176   depilogue.o
        48          0          0          0          0         68   dfixul.o
       228          0          0          0          0         96   dmul.o
        38          0          0          0          0         68   f2d.o

    ----------------------------------------------------------------------
      8444        592          0         28         96      64475   Library Totals
        18          0          0          2          0          0   (incl. Padding)

    ----------------------------------------------------------------------

      Code (inc. data)   RO Data    RW Data    ZI Data      Debug   Library Name

      4766        488          0         26         96      62863   RTX_CM4.lib
      2560        102          0          0          0        888   mc_w.l
      1100          2          0          0          0        724   mf_w.l

    ----------------------------------------------------------------------
      8444        592          0         28         96      64475   Library Totals

    ----------------------------------------------------------------------

==============================================================================


      Code (inc. data)   RO Data    RW Data    ZI Data      Debug   

     14768        962        544         96       8112     367848   Grand Totals
     14768        962        544         96       8112     367848   ELF Image Totals
     14768        962        544         96          0          0   ROM Totals

==============================================================================

    Total RO  Size (Code + RO Data)                15312 (  14.95kB)
    Total RW  Size (RW Data + ZI Data)              8208 (   8.02kB)
    Total ROM Size (Code + RO Data + RW Data)      15408 (  15.05kB)

==============================================================================

